Archive member included to satisfy reference by file (symbol)

/usr/lib/gcc/arm-none-eabi/9.2.1/thumb/v6-m/nofp/libgcc.a(_dvmd_tls.o)
                              CMakeFiles/experimental_schools_computer.dir/tree/downloaded_tools/pico/pico-sdk/src/rp2_common/pico_divider/divider.S.obj (__aeabi_idiv0)
/usr/lib/gcc/arm-none-eabi/9.2.1/../../../arm-none-eabi/lib/thumb/v6-m/nofp/libc.a(lib_a-atexit.o)
                              /usr/lib/gcc/arm-none-eabi/9.2.1/../../../arm-none-eabi/lib/thumb/v6-m/nofp/crt0.o (atexit)
/usr/lib/gcc/arm-none-eabi/9.2.1/../../../arm-none-eabi/lib/thumb/v6-m/nofp/libc.a(lib_a-calloc.o)
                              CMakeFiles/experimental_schools_computer.dir/tree/downloaded_tools/pico/pico-sdk/src/rp2_common/pico_malloc/pico_malloc.c.obj (calloc)
/usr/lib/gcc/arm-none-eabi/9.2.1/../../../arm-none-eabi/lib/thumb/v6-m/nofp/libc.a(lib_a-callocr.o)
                              /usr/lib/gcc/arm-none-eabi/9.2.1/../../../arm-none-eabi/lib/thumb/v6-m/nofp/libc.a(lib_a-calloc.o) (_calloc_r)
/usr/lib/gcc/arm-none-eabi/9.2.1/../../../arm-none-eabi/lib/thumb/v6-m/nofp/libc.a(lib_a-fini.o)
                              /usr/lib/gcc/arm-none-eabi/9.2.1/../../../arm-none-eabi/lib/thumb/v6-m/nofp/crt0.o (__libc_fini_array)
/usr/lib/gcc/arm-none-eabi/9.2.1/../../../arm-none-eabi/lib/thumb/v6-m/nofp/libc.a(lib_a-impure.o)
                              /usr/lib/gcc/arm-none-eabi/9.2.1/../../../arm-none-eabi/lib/thumb/v6-m/nofp/libc.a(lib_a-calloc.o) (_impure_ptr)
/usr/lib/gcc/arm-none-eabi/9.2.1/../../../arm-none-eabi/lib/thumb/v6-m/nofp/libc.a(lib_a-init.o)
                              /usr/lib/gcc/arm-none-eabi/9.2.1/../../../arm-none-eabi/lib/thumb/v6-m/nofp/crt0.o (__libc_init_array)
/usr/lib/gcc/arm-none-eabi/9.2.1/../../../arm-none-eabi/lib/thumb/v6-m/nofp/libc.a(lib_a-malloc.o)
                              CMakeFiles/experimental_schools_computer.dir/tree/downloaded_tools/pico/pico-sdk/src/rp2_common/pico_malloc/pico_malloc.c.obj (malloc)
/usr/lib/gcc/arm-none-eabi/9.2.1/../../../arm-none-eabi/lib/thumb/v6-m/nofp/libc.a(lib_a-mallocr.o)
                              /usr/lib/gcc/arm-none-eabi/9.2.1/../../../arm-none-eabi/lib/thumb/v6-m/nofp/libc.a(lib_a-callocr.o) (_malloc_r)
/usr/lib/gcc/arm-none-eabi/9.2.1/../../../arm-none-eabi/lib/thumb/v6-m/nofp/libc.a(lib_a-mlock.o)
                              /usr/lib/gcc/arm-none-eabi/9.2.1/../../../arm-none-eabi/lib/thumb/v6-m/nofp/libc.a(lib_a-mallocr.o) (__malloc_lock)
/usr/lib/gcc/arm-none-eabi/9.2.1/../../../arm-none-eabi/lib/thumb/v6-m/nofp/libc.a(lib_a-realloc.o)
                              CMakeFiles/experimental_schools_computer.dir/tree/downloaded_tools/pico/pico-sdk/src/rp2_common/pico_malloc/pico_malloc.c.obj (realloc)
/usr/lib/gcc/arm-none-eabi/9.2.1/../../../arm-none-eabi/lib/thumb/v6-m/nofp/libc.a(lib_a-reallocr.o)
                              /usr/lib/gcc/arm-none-eabi/9.2.1/../../../arm-none-eabi/lib/thumb/v6-m/nofp/libc.a(lib_a-realloc.o) (_realloc_r)
/usr/lib/gcc/arm-none-eabi/9.2.1/../../../arm-none-eabi/lib/thumb/v6-m/nofp/libc.a(lib_a-sbrkr.o)
                              /usr/lib/gcc/arm-none-eabi/9.2.1/../../../arm-none-eabi/lib/thumb/v6-m/nofp/libc.a(lib_a-mallocr.o) (_sbrk_r)
/usr/lib/gcc/arm-none-eabi/9.2.1/../../../arm-none-eabi/lib/thumb/v6-m/nofp/libc.a(lib_a-strcat.o)
                              CMakeFiles/experimental_schools_computer.dir/experimental_schools_computer.c.obj (strcat)
/usr/lib/gcc/arm-none-eabi/9.2.1/../../../arm-none-eabi/lib/thumb/v6-m/nofp/libc.a(lib_a-strcpy.o)
                              CMakeFiles/experimental_schools_computer.dir/experimental_schools_computer.c.obj (strcpy)
/usr/lib/gcc/arm-none-eabi/9.2.1/../../../arm-none-eabi/lib/thumb/v6-m/nofp/libc.a(lib_a-strlen-stub.o)
                              CMakeFiles/experimental_schools_computer.dir/experimental_schools_computer.c.obj (strlen)
/usr/lib/gcc/arm-none-eabi/9.2.1/../../../arm-none-eabi/lib/thumb/v6-m/nofp/libc.a(lib_a-strncpy.o)
                              CMakeFiles/experimental_schools_computer.dir/experimental_schools_computer.c.obj (strncpy)
/usr/lib/gcc/arm-none-eabi/9.2.1/../../../arm-none-eabi/lib/thumb/v6-m/nofp/libc.a(lib_a-vsprintf.o)
                              CMakeFiles/experimental_schools_computer.dir/oled.c.obj (vsprintf)
/usr/lib/gcc/arm-none-eabi/9.2.1/../../../arm-none-eabi/lib/thumb/v6-m/nofp/libc.a(lib_a-__atexit.o)
                              /usr/lib/gcc/arm-none-eabi/9.2.1/../../../arm-none-eabi/lib/thumb/v6-m/nofp/libc.a(lib_a-atexit.o) (__register_exitproc)
/usr/lib/gcc/arm-none-eabi/9.2.1/../../../arm-none-eabi/lib/thumb/v6-m/nofp/libc.a(lib_a-freer.o)
                              /usr/lib/gcc/arm-none-eabi/9.2.1/../../../arm-none-eabi/lib/thumb/v6-m/nofp/libc.a(lib_a-malloc.o) (_free_r)
/usr/lib/gcc/arm-none-eabi/9.2.1/../../../arm-none-eabi/lib/thumb/v6-m/nofp/libc.a(lib_a-memmove.o)
[...]
Memory Configuration

Name             Origin             Length             Attributes
FLASH            0x0000000010000000 0x0000000000200000 xr
RAM              0x0000000020000000 0x0000000000040000 xrw
SCRATCH_X        0x0000000020040000 0x0000000000001000 xrw
SCRATCH_Y        0x0000000020041000 0x0000000000001000 xrw
*default*        0x0000000000000000 0xffffffffffffffff

Linker script and memory map

LOAD /usr/lib/gcc/arm-none-eabi/9.2.1/thumb/v6-m/nofp/crti.o
LOAD /usr/lib/gcc/arm-none-eabi/9.2.1/thumb/v6-m/nofp/crtbegin.o
LOAD /usr/lib/gcc/arm-none-eabi/9.2.1/../../../arm-none-eabi/lib/thumb/v6-m/nofp/crt0.o

.flash_begin    0x0000000010000000        0x0
                0x0000000010000000                __flash_binary_start = .

.boot2          0x0000000010000000      0x100
                0x0000000010000000                __boot2_start__ = .
 *(.boot2)
 .boot2         0x0000000010000000      0x100 /tmp/ccT10z4s.o
                0x0000000010000100                __boot2_end__ = .
                0x0000000000000001                ASSERT (((__boot2_end__ - __boot2_start__) == 0x100), ERROR: Pico second stage bootloader must be 256 bytes in size)

.flashtext      0x0000000010000100      0x1e0
                0x0000000010000100                __logical_binary_start = .
 *(.vectors)
 .vectors       0x0000000010000100       0xd4 CMakeFiles/experimental_schools_computer.dir/tree/downloaded_tools/pico/pico-sdk/src/rp2_common/pico_standard_link/crt0.S.obj
                0x0000000010000100                __vectors
                0x0000000010000100                __VECTOR_TABLE
                0x00000000100001c0                isr_invalid
                0x00000000100001c0                __default_isrs_start
                0x00000000100001c2                isr_nmi
                0x00000000100001c4                isr_hardfault
                0x00000000100001c6                isr_svcall
                0x00000000100001c8                isr_pendsv
                0x00000000100001ca                isr_systick
                0x00000000100001cc                isr_irq30
                0x00000000100001cc                __unhandled_user_irq
                0x00000000100001cc                isr_irq13
                0x00000000100001cc                isr_irq27
                0x00000000100001cc                isr_irq31
                0x00000000100001cc                isr_irq5
                0x00000000100001cc                isr_irq11
                0x00000000100001cc                isr_irq23
                0x00000000100001cc                isr_irq18
                0x00000000100001cc                isr_irq28
                0x00000000100001cc                isr_irq19
                0x00000000100001cc                isr_irq0
                0x00000000100001cc                isr_irq6
                0x00000000100001cc                isr_irq22
                0x00000000100001cc                isr_irq17
                0x00000000100001cc                isr_irq14
                0x00000000100001cc                isr_irq2
                0x00000000100001cc                isr_irq10
                0x00000000100001cc                isr_irq8
                0x00000000100001cc                isr_irq24
                0x00000000100001cc                isr_irq1
                0x00000000100001cc                isr_irq7
                0x00000000100001cc                isr_irq21
                0x00000000100001cc                isr_irq20
                0x00000000100001cc                isr_irq15
                0x00000000100001cc                isr_irq25
                0x00000000100001cc                isr_irq4
                0x00000000100001cc                isr_irq16
                0x00000000100001cc                isr_irq29
                0x00000000100001cc                isr_irq26
                0x00000000100001cc                __default_isrs_end
                0x00000000100001cc                isr_irq3
                0x00000000100001cc                isr_irq12
                0x00000000100001cc                isr_irq9
                0x00000000100001d2                unhandled_user_irq_num_in_r0
 *(.binary_info_header)
 .binary_info_header
                0x00000000100001d4       0x14 CMakeFiles/experimental_schools_computer.dir/tree/downloaded_tools/pico/pico-sdk/src/rp2_common/pico_standard_link/crt0.S.obj
                0x00000000100001e8                __binary_info_header_end = .
 *(.reset)
 .reset         0x00000000100001e8       0xb4 CMakeFiles/experimental_schools_computer.dir/tree/downloaded_tools/pico/pico-sdk/src/rp2_common/pico_standard_link/crt0.S.obj
                0x00000000100001e8                _entry_point
                0x0000000010000272                __get_current_exception
 *fill*         0x000000001000029c        0x4 
 .reset.__stub  0x00000000100002a0       0x10 linker stubs
 .reset         0x00000000100002b0       0x30 CMakeFiles/experimental_schools_computer.dir/tree/downloaded_tools/pico/pico-sdk/src/rp2_common/pico_standard_link/binary_info.c.obj

.rodata         0x00000000100002e0        0x0
 *(SORT_BY_ALIGNMENT(SORT_BY_NAME(.flashdata*)))
                0x00000000100002e0                . = ALIGN (0x4)

.ARM.extab
 *(.ARM.extab* .gnu.linkonce.armextab.*)
                0x00000000100002e0                __exidx_start = .

.ARM.exidx
 *(.ARM.exidx* .gnu.linkonce.armexidx.*)
                0x00000000100002e0                __exidx_end = .
                0x00000000100002e0                . = ALIGN (0x4)
                0x00000000100002e0                __binary_info_start = .

.binary_info    0x00000000100002e0       0x2c
 *(.binary_info.keep.*)
 .binary_info.keep.__bi_ptr22
                0x00000000100002e0        0x4 CMakeFiles/experimental_schools_computer.dir/tree/downloaded_tools/pico/pico-sdk/src/rp2_common/pico_standard_link/binary_info.c.obj
 .binary_info.keep.__bi_ptr30
                0x00000000100002e4        0x4 CMakeFiles/experimental_schools_computer.dir/tree/downloaded_tools/pico/pico-sdk/src/rp2_common/pico_standard_link/binary_info.c.obj
 .binary_info.keep.__bi_ptr38
                0x00000000100002e8        0x4 CMakeFiles/experimental_schools_computer.dir/tree/downloaded_tools/pico/pico-sdk/src/rp2_common/pico_standard_link/binary_info.c.obj
 .binary_info.keep.__bi_ptr44
                0x00000000100002ec        0x4 CMakeFiles/experimental_schools_computer.dir/tree/downloaded_tools/pico/pico-sdk/src/rp2_common/pico_standard_link/binary_info.c.obj
 .binary_info.keep.__bi_ptr50
                0x00000000100002f0        0x4 CMakeFiles/experimental_schools_computer.dir/tree/downloaded_tools/pico/pico-sdk/src/rp2_common/pico_standard_link/binary_info.c.obj
 .binary_info.keep.__bi_ptr56
                0x00000000100002f4        0x4 CMakeFiles/experimental_schools_computer.dir/tree/downloaded_tools/pico/pico-sdk/src/rp2_common/pico_standard_link/binary_info.c.obj
 .binary_info.keep.__bi_ptr75
                0x00000000100002f8        0x4 CMakeFiles/experimental_schools_computer.dir/tree/downloaded_tools/pico/pico-sdk/src/rp2_common/pico_standard_link/binary_info.c.obj
 .binary_info.keep.__bi_ptr81
                0x00000000100002fc        0x4 CMakeFiles/experimental_schools_computer.dir/tree/downloaded_tools/pico/pico-sdk/src/rp2_common/pico_standard_link/binary_info.c.obj
 *(.binary_info.*)
 .binary_info.__bi_ptr28
                0x0000000010000300        0x4 CMakeFiles/experimental_schools_computer.dir/tree/downloaded_tools/pico/pico-sdk/src/rp2_common/pico_stdio_uart/stdio_uart.c.obj
 .binary_info.__bi_ptr29
                0x0000000010000304        0x4 CMakeFiles/experimental_schools_computer.dir/tree/downloaded_tools/pico/pico-sdk/src/rp2_common/pico_stdio_uart/stdio_uart.c.obj
 .binary_info.__bi_ptr118
                0x0000000010000308        0x4 CMakeFiles/experimental_schools_computer.dir/tree/downloaded_tools/pico/pico-sdk/src/rp2_common/pico_stdio_usb/stdio_usb.c.obj
                0x000000001000030c                __binary_info_end = .
                0x000000001000030c                . = ALIGN (0x4)

.ram_vector_table
                0x0000000020000000       0xc0
 *(.ram_vector_table)
 .ram_vector_table
                0x0000000020000000       0xc0 CMakeFiles/experimental_schools_computer.dir/tree/downloaded_tools/pico/pico-sdk/src/rp2_common/pico_runtime/runtime.c.obj
                0x0000000020000000                ram_vector_table

.text           0x00000000200000c0     0x9fe0 load address 0x000000001000030c
                0x00000000200000c0                __ram_text_start__ = .
 *(.init)
 .init          0x00000000200000c0        0x4 /usr/lib/gcc/arm-none-eabi/9.2.1/thumb/v6-m/nofp/crti.o
                0x00000000200000c0                _init
 *(.text*)
 .text          0x00000000200000c4       0x98 /usr/lib/gcc/arm-none-eabi/9.2.1/thumb/v6-m/nofp/crtbegin.o
 .text.null_entry_fn
                0x000000002000015c        0x4 CMakeFiles/experimental_schools_computer.dir/experimental_schools_computer.c.obj
                0x000000002000015c                null_entry_fn
 .text.state_esc_load_addr
                0x0000000020000160       0x18 CMakeFiles/experimental_schools_computer.dir/experimental_schools_computer.c.obj
                0x0000000020000160                state_esc_load_addr
 .text.state_esc_load_store
                0x0000000020000178       0x1c CMakeFiles/experimental_schools_computer.dir/experimental_schools_computer.c.obj
                0x0000000020000178                state_esc_load_store
 .text.state_esc_incr_addr
                0x0000000020000194       0x18 CMakeFiles/experimental_schools_computer.dir/experimental_schools_computer.c.obj
                0x0000000020000194                state_esc_incr_addr
 .text.state_esc_decr_addr
                0x00000000200001ac       0x18 CMakeFiles/experimental_schools_computer.dir/experimental_schools_computer.c.obj
                0x00000000200001ac                state_esc_decr_addr
 .text.state_esc_load_iar
                0x00000000200001c4       0x18 CMakeFiles/experimental_schools_computer.dir/experimental_schools_computer.c.obj
                0x00000000200001c4                state_esc_load_iar
 .text.state_esc_numeric
                0x00000000200001dc       0x2c CMakeFiles/experimental_schools_computer.dir/experimental_schools_computer.c.obj
                0x00000000200001dc                state_esc_numeric
 .text.state_esc_normal_reset
                0x0000000020000208       0x48 CMakeFiles/experimental_schools_computer.dir/experimental_schools_computer.c.obj
                0x0000000020000208                state_esc_normal_reset
 .text.state_esc_ki_reset
                0x0000000020000250       0x44 CMakeFiles/experimental_schools_computer.dir/experimental_schools_computer.c.obj
                0x0000000020000250                state_esc_ki_reset
 .text.state_esc_run
                0x0000000020000294        0xc CMakeFiles/experimental_schools_computer.dir/experimental_schools_computer.c.obj
                0x0000000020000294                state_esc_run
 .text.state_esc_stop
                0x00000000200002a0        0xc CMakeFiles/experimental_schools_computer.dir/experimental_schools_computer.c.obj
                0x00000000200002a0                state_esc_stop
 .text.cli_update_display
                0x00000000200002ac       0x10 CMakeFiles/experimental_schools_computer.dir/experimental_schools_computer.c.obj
                0x00000000200002ac                cli_update_display
 .text.cli_load_test_code
                0x00000000200002bc       0x44 CMakeFiles/experimental_schools_computer.dir/experimental_schools_computer.c.obj
                0x00000000200002bc                cli_load_test_code
 .text.cli_load_test_code_2
                0x0000000020000300       0x30 CMakeFiles/experimental_schools_computer.dir/experimental_schools_computer.c.obj
                0x0000000020000300                cli_load_test_code_2
 .text.cli_kbd_dump
                0x0000000020000330       0x68 CMakeFiles/experimental_schools_computer.dir/experimental_schools_computer.c.obj
                0x0000000020000330                cli_kbd_dump
 .text.cli_digit
                0x0000000020000398       0x20 CMakeFiles/experimental_schools_computer.dir/experimental_schools_computer.c.obj
                0x0000000020000398                cli_digit
 .text.cli_key_a
                0x00000000200003b8        0xc CMakeFiles/experimental_schools_computer.dir/experimental_schools_computer.c.obj
                0x00000000200003b8                cli_key_a
 .text.cli_key_b
                0x00000000200003c4        0xc CMakeFiles/experimental_schools_computer.dir/experimental_schools_computer.c.obj
                0x00000000200003c4                cli_key_b
 .text.cli_key_c
                0x00000000200003d0        0xc CMakeFiles/experimental_schools_computer.dir/experimental_schools_computer.c.obj
                0x00000000200003d0                cli_key_c
 .text.cli_normal_reset
                0x00000000200003dc        0xc CMakeFiles/experimental_schools_computer.dir/experimental_schools_computer.c.obj
                0x00000000200003dc                cli_normal_reset
 .text.cli_ki_reset
                0x00000000200003e8        0xc CMakeFiles/experimental_schools_computer.dir/experimental_schools_computer.c.obj
                0x00000000200003e8                cli_ki_reset
 .text.cli_load_iar
                0x00000000200003f4        0xc CMakeFiles/experimental_schools_computer.dir/experimental_schools_computer.c.obj
                0x00000000200003f4                cli_load_iar
 .text.cli_incr_addr
                0x0000000020000400        0xc CMakeFiles/experimental_schools_computer.dir/experimental_schools_computer.c.obj
                0x0000000020000400                cli_incr_addr
 .text.cli_decr_addr
                0x000000002000040c        0xc CMakeFiles/experimental_schools_computer.dir/experimental_schools_computer.c.obj
                0x000000002000040c                cli_decr_addr
 .text.cli_load_addr
                0x0000000020000418        0xc CMakeFiles/experimental_schools_computer.dir/experimental_schools_computer.c.obj
                0x0000000020000418                cli_load_addr
 .text.cli_load_store
                0x0000000020000424        0xc CMakeFiles/experimental_schools_computer.dir/experimental_schools_computer.c.obj
                0x0000000020000424                cli_load_store
 .text.cli_run  0x0000000020000430       0x18 CMakeFiles/experimental_schools_computer.dir/experimental_schools_computer.c.obj
                0x0000000020000430                cli_run
 .text.cli_stop
                0x0000000020000448       0x18 CMakeFiles/experimental_schools_computer.dir/experimental_schools_computer.c.obj
                0x0000000020000448                cli_stop
 .text.cli_dump_store
                0x0000000020000460       0x4c CMakeFiles/experimental_schools_computer.dir/experimental_schools_computer.c.obj
                0x0000000020000460                cli_dump_store
 .text.serial_help
                0x00000000200004ac       0x3c CMakeFiles/experimental_schools_computer.dir/experimental_schools_computer.c.obj
                0x00000000200004ac                serial_help
 .text.cli_key_key_test
                0x00000000200004e8       0xb0 CMakeFiles/experimental_schools_computer.dir/experimental_schools_computer.c.obj
                0x00000000200004e8                cli_key_key_test
 .text.null_every_fn
                0x0000000020000598        0x4 CMakeFiles/experimental_schools_computer.dir/experimental_schools_computer.c.obj
                0x0000000020000598                null_every_fn
 .text.cli_boot_mass
                0x000000002000059c       0x14 CMakeFiles/experimental_schools_computer.dir/experimental_schools_computer.c.obj
                0x000000002000059c                cli_boot_mass
 .text.update_display.part.0
                0x00000000200005b0      0x56c CMakeFiles/experimental_schools_computer.dir/experimental_schools_computer.c.obj
 .text.state_esc_a_disp
                0x0000000020000b1c      0x1b8 CMakeFiles/experimental_schools_computer.dir/experimental_schools_computer.c.obj
                0x0000000020000b1c                state_esc_a_disp
 .text.set_kbd_gpios
                0x0000000020000cd4       0xc4 CMakeFiles/experimental_schools_computer.dir/experimental_schools_computer.c.obj
                0x0000000020000cd4                set_kbd_gpios
 .text.bcd_sw_addition
                0x0000000020000d98      0x330 CMakeFiles/experimental_schools_computer.dir/experimental_schools_computer.c.obj
                0x0000000020000d98                bcd_sw_addition
 .text.cli_test_bcd
                0x00000000200010c8       0x88 CMakeFiles/experimental_schools_computer.dir/experimental_schools_computer.c.obj
                0x00000000200010c8                cli_test_bcd
 .text.next_iar
                0x0000000020001150       0xa4 CMakeFiles/experimental_schools_computer.dir/experimental_schools_computer.c.obj
                0x0000000020001150                next_iar
 .text.state_esc_b_disp
                0x00000000200011f4      0x688 CMakeFiles/experimental_schools_computer.dir/experimental_schools_computer.c.obj
                0x00000000200011f4                state_esc_b_disp
 .text.stage_b_decode
                0x000000002000187c      0x3b4 CMakeFiles/experimental_schools_computer.dir/experimental_schools_computer.c.obj
                0x000000002000187c                stage_b_decode
 .text.stage_a_decode
                0x0000000020001c30       0xf4 CMakeFiles/experimental_schools_computer.dir/experimental_schools_computer.c.obj
                0x0000000020001c30                stage_a_decode
 .text.state_esc_c_disp
                0x0000000020001d24       0xf0 CMakeFiles/experimental_schools_computer.dir/experimental_schools_computer.c.obj
                0x0000000020001d24                state_esc_c_disp
 .text.state_esc_execute
                0x0000000020001e14       0xf8 CMakeFiles/experimental_schools_computer.dir/experimental_schools_computer.c.obj
                0x0000000020001e14                state_esc_execute
 .text.get_string_state
                0x0000000020001f0c      0x148 CMakeFiles/experimental_schools_computer.dir/experimental_schools_computer.c.obj
                0x0000000020001f0c                get_string_state
 .text.cli_dump
                0x0000000020002054      0x16c CMakeFiles/experimental_schools_computer.dir/experimental_schools_computer.c.obj
                0x0000000020002054                cli_dump
 .text.startup.main
                0x00000000200021c0      0x314 CMakeFiles/experimental_schools_computer.dir/experimental_schools_computer.c.obj
                0x00000000200021c0                main
 .text.do_fsm_core
                0x00000000200024d4       0xd8 CMakeFiles/experimental_schools_computer.dir/fsms.c.obj
                0x00000000200024d4                do_fsm_core
 .text.do_fsm   0x00000000200025ac       0x20 CMakeFiles/experimental_schools_computer.dir/fsms.c.obj
                0x00000000200025ac                do_fsm
 .text.queue_token
                0x00000000200025cc       0x3c CMakeFiles/experimental_schools_computer.dir/fsms.c.obj
                0x00000000200025cc                queue_token
 .text.unqueue_token
                0x0000000020002608       0x30 CMakeFiles/experimental_schools_computer.dir/fsms.c.obj
                0x0000000020002608                unqueue_token
 .text.token_queue_empty
                0x0000000020002638       0x18 CMakeFiles/experimental_schools_computer.dir/fsms.c.obj
                0x0000000020002638                token_queue_empty
 .text.match_token
                0x0000000020002650       0x24 CMakeFiles/experimental_schools_computer.dir/match_token.c.obj
                0x0000000020002650                match_token
 .text.i2c_send_byte.constprop.0
                0x0000000020002674       0xa0 CMakeFiles/experimental_schools_computer.dir/oled.c.obj
 .text.i2c_send_byte.constprop.1
                0x0000000020002714       0xa0 CMakeFiles/experimental_schools_computer.dir/oled.c.obj
 .text.i2c_init
                0x00000000200027b4       0x10 CMakeFiles/experimental_schools_computer.dir/oled.c.obj
                0x00000000200027b4                i2c_init
 .text.oled_set_xy
                0x00000000200027c4       0xac CMakeFiles/experimental_schools_computer.dir/oled.c.obj
                0x00000000200027c4                oled_set_xy
 .text.oled_display_string
                0x0000000020002870       0xe8 CMakeFiles/experimental_schools_computer.dir/oled.c.obj
                0x0000000020002870                oled_display_string
 .text.oled_clear_display
                0x0000000020002958       0xfc CMakeFiles/experimental_schools_computer.dir/oled.c.obj
                0x0000000020002958                oled_clear_display
 .text.oled_setup
                0x0000000020002a54       0xa8 CMakeFiles/experimental_schools_computer.dir/oled.c.obj
                0x0000000020002a54                oled_setup
 .text.set_sys_clock_pll
                0x0000000020002afc       0x78 CMakeFiles/experimental_schools_computer.dir/tree/downloaded_tools/pico/pico-sdk/src/rp2_common/pico_stdlib/stdlib.c.obj
                0x0000000020002afc                set_sys_clock_pll
 .text.check_sys_clock_khz
                0x0000000020002b74      0x16c CMakeFiles/experimental_schools_computer.dir/tree/downloaded_tools/pico/pico-sdk/src/rp2_common/pico_stdlib/stdlib.c.obj
                0x0000000020002b74                check_sys_clock_khz
 .text.gpio_set_function
                0x0000000020002ce0       0x30 CMakeFiles/experimental_schools_computer.dir/tree/downloaded_tools/pico/pico-sdk/src/rp2_common/hardware_gpio/gpio.c.obj
                0x0000000020002ce0                gpio_set_function
 .text.gpio_set_pulls
                0x0000000020002d10       0x30 CMakeFiles/experimental_schools_computer.dir/tree/downloaded_tools/pico/pico-sdk/src/rp2_common/hardware_gpio/gpio.c.obj
                0x0000000020002d10                gpio_set_pulls
 .text.gpio_init
                0x0000000020002d40       0x3c CMakeFiles/experimental_schools_computer.dir/tree/downloaded_tools/pico/pico-sdk/src/rp2_common/hardware_gpio/gpio.c.obj
                0x0000000020002d40                gpio_init
 .text.hw_claim_or_assert
                0x0000000020002d7c       0x48 CMakeFiles/experimental_schools_computer.dir/tree/downloaded_tools/pico/pico-sdk/src/rp2_common/hardware_claim/claim.c.obj
                0x0000000020002d7c                hw_claim_or_assert
 .text.hw_claim_unused_from_range
                0x0000000020002dc4       0x9c CMakeFiles/experimental_schools_computer.dir/tree/downloaded_tools/pico/pico-sdk/src/rp2_common/hardware_claim/claim.c.obj
                0x0000000020002dc4                hw_claim_unused_from_range
 .text.running_on_fpga
                0x0000000020002e60       0x10 CMakeFiles/experimental_schools_computer.dir/tree/downloaded_tools/pico/pico-sdk/src/rp2_common/pico_platform/platform.c.obj
                0x0000000020002e60                running_on_fpga
 .text.spin_locks_reset
                0x0000000020002e70       0x1c CMakeFiles/experimental_schools_computer.dir/tree/downloaded_tools/pico/pico-sdk/src/rp2_common/hardware_sync/sync.c.obj
                0x0000000020002e70                spin_locks_reset
 .text.next_striped_spin_lock_num
                0x0000000020002e8c       0x18 CMakeFiles/experimental_schools_computer.dir/tree/downloaded_tools/pico/pico-sdk/src/rp2_common/hardware_sync/sync.c.obj
                0x0000000020002e8c                next_striped_spin_lock_num
 .text.spin_lock_claim_unused
                0x0000000020002ea4       0x20 CMakeFiles/experimental_schools_computer.dir/tree/downloaded_tools/pico/pico-sdk/src/rp2_common/hardware_sync/sync.c.obj
                0x0000000020002ea4                spin_lock_claim_unused
 .text.irq_set_enabled
                0x0000000020002ec4       0x24 CMakeFiles/experimental_schools_computer.dir/tree/downloaded_tools/pico/pico-sdk/src/rp2_common/hardware_irq/irq.c.obj
                0x0000000020002ec4                irq_set_enabled
 .text.irq_set_pending
                0x0000000020002ee8       0x10 CMakeFiles/experimental_schools_computer.dir/tree/downloaded_tools/pico/pico-sdk/src/rp2_common/hardware_irq/irq.c.obj
                0x0000000020002ee8                irq_set_pending
 .text.irq_has_shared_handler
                0x0000000020002ef8       0x2c CMakeFiles/experimental_schools_computer.dir/tree/downloaded_tools/pico/pico-sdk/src/rp2_common/hardware_irq/irq.c.obj
                0x0000000020002ef8                irq_has_shared_handler
 .text.irq_get_vtable_handler
                0x0000000020002f24       0x10 CMakeFiles/experimental_schools_computer.dir/tree/downloaded_tools/pico/pico-sdk/src/rp2_common/hardware_irq/irq.c.obj
                0x0000000020002f24                irq_get_vtable_handler
 .text.irq_set_exclusive_handler
                0x0000000020002f34       0x54 CMakeFiles/experimental_schools_computer.dir/tree/downloaded_tools/pico/pico-sdk/src/rp2_common/hardware_irq/irq.c.obj
                0x0000000020002f34                irq_set_exclusive_handler
 .text.irq_add_shared_handler
                0x0000000020002f88      0x1c0 CMakeFiles/experimental_schools_computer.dir/tree/downloaded_tools/pico/pico-sdk/src/rp2_common/hardware_irq/irq.c.obj
                0x0000000020002f88                irq_add_shared_handler
 .text.irq_remove_handler
                0x0000000020003148      0x1b4 CMakeFiles/experimental_schools_computer.dir/tree/downloaded_tools/pico/pico-sdk/src/rp2_common/hardware_irq/irq.c.obj
                0x0000000020003148                irq_remove_handler
 .text.irq_add_tail_to_free_list
                0x00000000200032fc       0xb8 CMakeFiles/experimental_schools_computer.dir/tree/downloaded_tools/pico/pico-sdk/src/rp2_common/hardware_irq/irq.c.obj
                0x00000000200032fc                irq_add_tail_to_free_list
 .text.irq_init_priorities
                0x00000000200033b4       0x24 CMakeFiles/experimental_schools_computer.dir/tree/downloaded_tools/pico/pico-sdk/src/rp2_common/hardware_irq/irq.c.obj
                0x00000000200033b4                irq_init_priorities
 .text.user_irq_claim_unused
                0x00000000200033d8       0x30 CMakeFiles/experimental_schools_computer.dir/tree/downloaded_tools/pico/pico-sdk/src/rp2_common/hardware_irq/irq.c.obj
                0x00000000200033d8                user_irq_claim_unused
 .text.lock_init
                0x0000000020003408       0x10 CMakeFiles/experimental_schools_computer.dir/tree/downloaded_tools/pico/pico-sdk/src/common/pico_sync/lock_core.c.obj
                0x0000000020003408                lock_init
 .text.timer_pool_entry_comparator
                0x0000000020003418       0x34 CMakeFiles/experimental_schools_computer.dir/tree/downloaded_tools/pico/pico-sdk/src/common/pico_time/time.c.obj
                0x0000000020003418                timer_pool_entry_comparator
 .text.sleep_until_callback
                0x000000002000344c       0x30 CMakeFiles/experimental_schools_computer.dir/tree/downloaded_tools/pico/pico-sdk/src/common/pico_time/time.c.obj
 .text.alarm_pool_add_alarm_at.constprop.0
                0x000000002000347c      0x128 CMakeFiles/experimental_schools_computer.dir/tree/downloaded_tools/pico/pico-sdk/src/common/pico_time/time.c.obj
 .text.add_alarm_under_lock
                0x00000000200035a4      0x108 CMakeFiles/experimental_schools_computer.dir/tree/downloaded_tools/pico/pico-sdk/src/common/pico_time/time.c.obj
 .text.alarm_pool_alarm_callback
                0x00000000200036ac      0x1c8 CMakeFiles/experimental_schools_computer.dir/tree/downloaded_tools/pico/pico-sdk/src/common/pico_time/time.c.obj
 .text.alarm_pool_init_default
                0x0000000020003874       0x64 CMakeFiles/experimental_schools_computer.dir/tree/downloaded_tools/pico/pico-sdk/src/common/pico_time/time.c.obj
                0x0000000020003874                alarm_pool_init_default
 .text.alarm_pool_get_default
                0x00000000200038d8        0x8 CMakeFiles/experimental_schools_computer.dir/tree/downloaded_tools/pico/pico-sdk/src/common/pico_time/time.c.obj
                0x00000000200038d8                alarm_pool_get_default
 .text.alarm_pool_add_alarm_at
                0x00000000200038e0      0x1ac CMakeFiles/experimental_schools_computer.dir/tree/downloaded_tools/pico/pico-sdk/src/common/pico_time/time.c.obj
                0x00000000200038e0                alarm_pool_add_alarm_at
 .text.sleep_until
                0x0000000020003a8c       0xac CMakeFiles/experimental_schools_computer.dir/tree/downloaded_tools/pico/pico-sdk/src/common/pico_time/time.c.obj
                0x0000000020003a8c                sleep_until
 .text.sleep_us
                0x0000000020003b38       0x30 CMakeFiles/experimental_schools_computer.dir/tree/downloaded_tools/pico/pico-sdk/src/common/pico_time/time.c.obj
                0x0000000020003b38                sleep_us
 .text.sleep_ms
                0x0000000020003b68       0x38 CMakeFiles/experimental_schools_computer.dir/tree/downloaded_tools/pico/pico-sdk/src/common/pico_time/time.c.obj
                0x0000000020003b68                sleep_ms
 .text.best_effort_wfe_or_timeout
                0x0000000020003ba0       0xd4 CMakeFiles/experimental_schools_computer.dir/tree/downloaded_tools/pico/pico-sdk/src/common/pico_time/time.c.obj
                0x0000000020003ba0                best_effort_wfe_or_timeout
 .text.hardware_alarm_irq_handler
                0x0000000020003c74       0xb8 CMakeFiles/experimental_schools_computer.dir/tree/downloaded_tools/pico/pico-sdk/src/rp2_common/hardware_timer/timer.c.obj
 .text.hardware_alarm_claim
                0x0000000020003d2c       0x18 CMakeFiles/experimental_schools_computer.dir/tree/downloaded_tools/pico/pico-sdk/src/rp2_common/hardware_timer/timer.c.obj
                0x0000000020003d2c                hardware_alarm_claim
 .text.time_us_64
                0x0000000020003d44       0x14 CMakeFiles/experimental_schools_computer.dir/tree/downloaded_tools/pico/pico-sdk/src/rp2_common/hardware_timer/timer.c.obj
                0x0000000020003d44                time_us_64
 .text.busy_wait_us
                0x0000000020003d58       0x54 CMakeFiles/experimental_schools_computer.dir/tree/downloaded_tools/pico/pico-sdk/src/rp2_common/hardware_timer/timer.c.obj
                0x0000000020003d58                busy_wait_us
 .text.busy_wait_until
                0x0000000020003dac       0x20 CMakeFiles/experimental_schools_computer.dir/tree/downloaded_tools/pico/pico-sdk/src/rp2_common/hardware_timer/timer.c.obj
                0x0000000020003dac                busy_wait_until
 .text.hardware_alarm_set_callback
                0x0000000020003dcc       0x8c CMakeFiles/experimental_schools_computer.dir/tree/downloaded_tools/pico/pico-sdk/src/rp2_common/hardware_timer/timer.c.obj
                0x0000000020003dcc                hardware_alarm_set_callback
 .text.hardware_alarm_set_target
                0x0000000020003e58       0xe4 CMakeFiles/experimental_schools_computer.dir/tree/downloaded_tools/pico/pico-sdk/src/rp2_common/hardware_timer/timer.c.obj
                0x0000000020003e58                hardware_alarm_set_target
 .text.hardware_alarm_cancel
                0x0000000020003f3c       0x40 CMakeFiles/experimental_schools_computer.dir/tree/downloaded_tools/pico/pico-sdk/src/rp2_common/hardware_timer/timer.c.obj
                0x0000000020003f3c                hardware_alarm_cancel
 .text.ph_merge_nodes
                0x0000000020003f7c       0x68 CMakeFiles/experimental_schools_computer.dir/tree/downloaded_tools/pico/pico-sdk/src/common/pico_util/pheap.c.obj
 .text.ph_post_alloc_init
                0x0000000020003fe4       0x3c CMakeFiles/experimental_schools_computer.dir/tree/downloaded_tools/pico/pico-sdk/src/common/pico_util/pheap.c.obj
                0x0000000020003fe4                ph_post_alloc_init
 .text.ph_merge_two_pass
                0x0000000020004020       0x90 CMakeFiles/experimental_schools_computer.dir/tree/downloaded_tools/pico/pico-sdk/src/common/pico_util/pheap.c.obj
                0x0000000020004020                ph_merge_two_pass
 .text.ph_remove_any_head
                0x00000000200040b0       0xf8 CMakeFiles/experimental_schools_computer.dir/tree/downloaded_tools/pico/pico-sdk/src/common/pico_util/pheap.c.obj
 .text.ph_remove_head
                0x00000000200041a8      0x13c CMakeFiles/experimental_schools_computer.dir/tree/downloaded_tools/pico/pico-sdk/src/common/pico_util/pheap.c.obj
                0x00000000200041a8                ph_remove_head
 .text.ph_remove_and_free_node
                0x00000000200042e4       0x7c CMakeFiles/experimental_schools_computer.dir/tree/downloaded_tools/pico/pico-sdk/src/common/pico_util/pheap.c.obj
                0x00000000200042e4                ph_remove_and_free_node
 .text.mutex_init
                0x0000000020004360       0x1c CMakeFiles/experimental_schools_computer.dir/tree/downloaded_tools/pico/pico-sdk/src/common/pico_sync/mutex.c.obj
                0x0000000020004360                mutex_init
 .text.recursive_mutex_init
                0x000000002000437c       0x1c CMakeFiles/experimental_schools_computer.dir/tree/downloaded_tools/pico/pico-sdk/src/common/pico_sync/mutex.c.obj
                0x000000002000437c                recursive_mutex_init
 .text.critical_section_init
                0x0000000020004398       0x1c CMakeFiles/experimental_schools_computer.dir/tree/downloaded_tools/pico/pico-sdk/src/common/pico_sync/critical_section.c.obj
                0x0000000020004398                critical_section_init
 .text.uart_init
                0x00000000200043b4       0xe4 CMakeFiles/experimental_schools_computer.dir/tree/downloaded_tools/pico/pico-sdk/src/rp2_common/hardware_uart/uart.c.obj
                0x00000000200043b4                uart_init
 .text.runtime_init
                0x0000000020004498      0x130 CMakeFiles/experimental_schools_computer.dir/tree/downloaded_tools/pico/pico-sdk/src/rp2_common/pico_runtime/runtime.c.obj
                0x0000000020004498                runtime_init
 .text.exit     0x00000000200045c8        0x4 CMakeFiles/experimental_schools_computer.dir/tree/downloaded_tools/pico/pico-sdk/src/rp2_common/pico_runtime/runtime.c.obj
                0x00000000200045c8                exit
 .text.panic    0x00000000200045cc       0x30 CMakeFiles/experimental_schools_computer.dir/tree/downloaded_tools/pico/pico-sdk/src/rp2_common/pico_runtime/runtime.c.obj
                0x00000000200045cc                panic
 .text.hard_assertion_failure
                0x00000000200045fc        0xc CMakeFiles/experimental_schools_computer.dir/tree/downloaded_tools/pico/pico-sdk/src/rp2_common/pico_runtime/runtime.c.obj
                0x00000000200045fc                hard_assertion_failure
 .text.clock_configure
                0x0000000020004608      0x114 CMakeFiles/experimental_schools_computer.dir/tree/downloaded_tools/pico/pico-sdk/src/rp2_common/hardware_clocks/clocks.c.obj
                0x0000000020004608                clock_configure
 .text.clocks_init
                0x000000002000471c      0x2bc CMakeFiles/experimental_schools_computer.dir/tree/downloaded_tools/pico/pico-sdk/src/rp2_common/hardware_clocks/clocks.c.obj
                0x000000002000471c                clocks_init
 .text.clock_get_hz
                0x00000000200049d8        0xc CMakeFiles/experimental_schools_computer.dir/tree/downloaded_tools/pico/pico-sdk/src/rp2_common/hardware_clocks/clocks.c.obj
                0x00000000200049d8                clock_get_hz
 .text.pll_init
                0x00000000200049e4       0xa8 CMakeFiles/experimental_schools_computer.dir/tree/downloaded_tools/pico/pico-sdk/src/rp2_common/hardware_pll/pll.c.obj
                0x00000000200049e4                pll_init
 .text.watchdog_start_tick
                0x0000000020004a8c       0x10 CMakeFiles/experimental_schools_computer.dir/tree/downloaded_tools/pico/pico-sdk/src/rp2_common/hardware_watchdog/watchdog.c.obj
                0x0000000020004a8c                watchdog_start_tick
 .text.watchdog_reboot
                0x0000000020004a9c       0x98 CMakeFiles/experimental_schools_computer.dir/tree/downloaded_tools/pico/pico-sdk/src/rp2_common/hardware_watchdog/watchdog.c.obj
                0x0000000020004a9c                watchdog_reboot
 .text.xosc_init
                0x0000000020004b34       0x28 CMakeFiles/experimental_schools_computer.dir/tree/downloaded_tools/pico/pico-sdk/src/rp2_common/hardware_xosc/xosc.c.obj
                0x0000000020004b34                xosc_init
 .text._out_buffer
                0x0000000020004b5c        0x8 CMakeFiles/experimental_schools_computer.dir/tree/downloaded_tools/pico/pico-sdk/src/rp2_common/pico_printf/printf.c.obj
 .text._out_null
                0x0000000020004b64        0x4 CMakeFiles/experimental_schools_computer.dir/tree/downloaded_tools/pico/pico-sdk/src/rp2_common/pico_printf/printf.c.obj
 .text._out_rev
                0x0000000020004b68       0xd0 CMakeFiles/experimental_schools_computer.dir/tree/downloaded_tools/pico/pico-sdk/src/rp2_common/pico_printf/printf.c.obj
 .text._ntoa_format
                0x0000000020004c38      0x1d0 CMakeFiles/experimental_schools_computer.dir/tree/downloaded_tools/pico/pico-sdk/src/rp2_common/pico_printf/printf.c.obj
 .text._out_char
                0x0000000020004e08       0x10 CMakeFiles/experimental_schools_computer.dir/tree/downloaded_tools/pico/pico-sdk/src/rp2_common/pico_printf/printf.c.obj
 .text._out_fct
                0x0000000020004e18       0x10 CMakeFiles/experimental_schools_computer.dir/tree/downloaded_tools/pico/pico-sdk/src/rp2_common/pico_printf/printf.c.obj
 .text._etoa    0x0000000020004e28      0x478 CMakeFiles/experimental_schools_computer.dir/tree/downloaded_tools/pico/pico-sdk/src/rp2_common/pico_printf/printf.c.obj
 .text._ftoa    0x00000000200052a0      0x3e0 CMakeFiles/experimental_schools_computer.dir/tree/downloaded_tools/pico/pico-sdk/src/rp2_common/pico_printf/printf.c.obj
 .text._vsnprintf
                0x0000000020005680      0xb08 CMakeFiles/experimental_schools_computer.dir/tree/downloaded_tools/pico/pico-sdk/src/rp2_common/pico_printf/printf.c.obj
 .text.__wrap_sprintf
                0x0000000020006188       0x28 CMakeFiles/experimental_schools_computer.dir/tree/downloaded_tools/pico/pico-sdk/src/rp2_common/pico_printf/printf.c.obj
                0x0000000020006188                __wrap_sprintf
 .text.vfctprintf
                0x00000000200061b0       0x20 CMakeFiles/experimental_schools_computer.dir/tree/downloaded_tools/pico/pico-sdk/src/rp2_common/pico_printf/printf.c.obj
                0x00000000200061b0                vfctprintf
 .text.weak_raw_vprintf
                0x00000000200061d0       0x30 CMakeFiles/experimental_schools_computer.dir/tree/downloaded_tools/pico/pico-sdk/src/rp2_common/pico_printf/printf.c.obj
                0x00000000200061d0                weak_raw_vprintf
 .text          0x0000000020006200       0x10 CMakeFiles/experimental_schools_computer.dir/tree/downloaded_tools/pico/pico-sdk/src/rp2_common/pico_bit_ops/bit_ops_aeabi.S.obj
 .text.rom_func_lookup
                0x0000000020006210       0x10 CMakeFiles/experimental_schools_computer.dir/tree/downloaded_tools/pico/pico-sdk/src/rp2_common/pico_bootrom/bootrom.c.obj
                0x0000000020006210                rom_func_lookup
 .text.rom_data_lookup
                0x0000000020006220       0x10 CMakeFiles/experimental_schools_computer.dir/tree/downloaded_tools/pico/pico-sdk/src/rp2_common/pico_bootrom/bootrom.c.obj
                0x0000000020006220                rom_data_lookup
 .text.rom_funcs_lookup
                0x0000000020006230       0x3c CMakeFiles/experimental_schools_computer.dir/tree/downloaded_tools/pico/pico-sdk/src/rp2_common/pico_bootrom/bootrom.c.obj
                0x0000000020006230                rom_funcs_lookup
 .text.__wrap___aeabi_idiv
                0x000000002000626c       0x50 CMakeFiles/experimental_schools_computer.dir/tree/downloaded_tools/pico/pico-sdk/src/rp2_common/pico_divider/divider.S.obj
                0x000000002000626c                __wrap___aeabi_idivmod
                0x000000002000626c                divmod_s32s32
                0x000000002000626c                div_s32s32
                0x000000002000626c                __wrap___aeabi_idiv
                0x0000000020006274                divmod_s32s32_unsafe
                0x00000000200062a0                divmod_s32s32_savestate
 .text.__wrap___aeabi_uidiv
                0x00000000200062bc       0x4c CMakeFiles/experimental_schools_computer.dir/tree/downloaded_tools/pico/pico-sdk/src/rp2_common/pico_divider/divider.S.obj
                0x00000000200062bc                __wrap___aeabi_uidiv
                0x00000000200062bc                __wrap___aeabi_uidivmod
                0x00000000200062bc                div_u32u32
                0x00000000200062bc                divmod_u32u32
                0x00000000200062c4                divmod_u32u32_unsafe
                0x00000000200062ec                divmod_u32u32_savestate
 .text.__wrap___aeabi_ldiv
                0x0000000020006308      0x434 CMakeFiles/experimental_schools_computer.dir/tree/downloaded_tools/pico/pico-sdk/src/rp2_common/pico_divider/divider.S.obj
                0x0000000020006308                div_s64s64
                0x0000000020006308                divmod_s64s64
                0x0000000020006308                __wrap___aeabi_ldivmod
                0x0000000020006340                div_u64u64
                0x0000000020006340                divmod_u64u64
                0x0000000020006340                __wrap___aeabi_uldivmod
                0x0000000020006350                divmod_u64u64_savestate
                0x0000000020006378                divmod_s64s64_unsafe
                0x0000000020006400                divmod_u64u64_unsafe
 .text.__wrap___aeabi_darithmetic
                0x000000002000673c       0x80 CMakeFiles/experimental_schools_computer.dir/tree/downloaded_tools/pico/pico-sdk/src/rp2_common/pico_double/double_aeabi.S.obj
                0x000000002000673c                __wrap___aeabi_drsub
                0x0000000020006742                __wrap___aeabi_dsub
                0x0000000020006754                __wrap___aeabi_dadd
                0x0000000020006766                __wrap___aeabi_ddiv
                0x00000000200067a2                __wrap___aeabi_dmul
 .text.__wrap___aeabi_cdcmple
                0x00000000200067bc       0x6c CMakeFiles/experimental_schools_computer.dir/tree/downloaded_tools/pico/pico-sdk/src/rp2_common/pico_double/double_aeabi.S.obj
                0x00000000200067bc                __wrap___aeabi_cdrcmple
                0x00000000200067cc                __wrap___aeabi_cdcmple
                0x00000000200067cc                __wrap___aeabi_cdcmpeq
 .text.__wrap___aeabi_dcmplt
                0x0000000020006828        0xc CMakeFiles/experimental_schools_computer.dir/tree/downloaded_tools/pico/pico-sdk/src/rp2_common/pico_double/double_aeabi.S.obj
                0x0000000020006828                __wrap___aeabi_dcmplt
 .text.__wrap___aeabi_dcmple
                0x0000000020006834       0x10 CMakeFiles/experimental_schools_computer.dir/tree/downloaded_tools/pico/pico-sdk/src/rp2_common/pico_double/double_aeabi.S.obj
                0x0000000020006834                __wrap___aeabi_dcmple
 .text.__wrap___aeabi_dcmpge
                0x0000000020006844       0x10 CMakeFiles/experimental_schools_computer.dir/tree/downloaded_tools/pico/pico-sdk/src/rp2_common/pico_double/double_aeabi.S.obj
                0x0000000020006844                __wrap___aeabi_dcmpge
 .text.__wrap___aeabi_dcmpgt
                0x0000000020006854        0xa CMakeFiles/experimental_schools_computer.dir/tree/downloaded_tools/pico/pico-sdk/src/rp2_common/pico_double/double_aeabi.S.obj
                0x0000000020006854                __wrap___aeabi_dcmpgt
 .text.__wrap___aeabi_dcmpun
                0x000000002000685e       0x1c CMakeFiles/experimental_schools_computer.dir/tree/downloaded_tools/pico/pico-sdk/src/rp2_common/pico_double/double_aeabi.S.obj
                0x000000002000685e                __wrap___aeabi_dcmpun
 *fill*         0x000000002000687a        0x2 
 .text.__wrap___aeabi_i2d
                0x000000002000687c       0x38 CMakeFiles/experimental_schools_computer.dir/tree/downloaded_tools/pico/pico-sdk/src/rp2_common/pico_double/double_aeabi.S.obj
                0x000000002000687c                __wrap___aeabi_ui2d
                0x0000000020006884                __wrap___aeabi_i2d
 .text.__wrap___aeabi_d2iz
                0x00000000200068b4       0x48 CMakeFiles/experimental_schools_computer.dir/tree/downloaded_tools/pico/pico-sdk/src/rp2_common/pico_double/double_aeabi.S.obj
                0x00000000200068b4                __wrap___aeabi_d2iz
                0x00000000200068b4                double2int_z
 .text.__wrap___aeabi_d2uiz
                0x00000000200068fc       0x18 CMakeFiles/experimental_schools_computer.dir/tree/downloaded_tools/pico/pico-sdk/src/rp2_common/pico_double/double_aeabi.S.obj
                0x00000000200068fc                double2uint
                0x00000000200068fc                __wrap___aeabi_d2uiz
 .text.__aeabi_double_init
                0x0000000020006914       0xc0 CMakeFiles/experimental_schools_computer.dir/tree/downloaded_tools/pico/pico-sdk/src/rp2_common/pico_double/double_init_rom.c.obj
                0x0000000020006914                __aeabi_double_init
 .text.double_table_shim_on_use_helper
                0x00000000200069d4       0x2c CMakeFiles/experimental_schools_computer.dir/tree/downloaded_tools/pico/pico-sdk/src/rp2_common/pico_double/double_v1_rom_shim.S.obj
                0x00000000200069d4                double_table_shim_on_use_helper
 .text.__wrap___aeabi_dsub
                0x0000000020006a00       0x10 CMakeFiles/experimental_schools_computer.dir/tree/downloaded_tools/pico/pico-sdk/src/rp2_common/pico_double/double_v1_rom_shim.S.obj
                0x0000000020006a00                drsub_shim
                0x0000000020006a06                dsub_shim
 .text.dadd_shim
                0x0000000020006a10      0x15c CMakeFiles/experimental_schools_computer.dir/tree/downloaded_tools/pico/pico-sdk/src/rp2_common/pico_double/double_v1_rom_shim.S.obj
                0x0000000020006a10                dadd_shim
 .text.dmul_shim
                0x0000000020006b6c      0x15c CMakeFiles/experimental_schools_computer.dir/tree/downloaded_tools/pico/pico-sdk/src/rp2_common/pico_double/double_v1_rom_shim.S.obj
                0x0000000020006b6c                dmul_shim
 .text.ddiv_shim
                0x0000000020006cc8      0x1b0 CMakeFiles/experimental_schools_computer.dir/tree/downloaded_tools/pico/pico-sdk/src/rp2_common/pico_double/double_v1_rom_shim.S.obj
                0x0000000020006cc8                ddiv_shim
 .text.double2uint_shim
                0x0000000020006e78        0xe CMakeFiles/experimental_schools_computer.dir/tree/downloaded_tools/pico/pico-sdk/src/rp2_common/pico_double/double_v1_rom_shim.S.obj
                0x0000000020006e78                double2uint_shim
                0x0000000020006e7a                double2ufix_shim
 *fill*         0x0000000020006e86        0x2 
 .text.double2uint64_shim
                0x0000000020006e88       0x70 CMakeFiles/experimental_schools_computer.dir/tree/downloaded_tools/pico/pico-sdk/src/rp2_common/pico_double/double_v1_rom_shim.S.obj
                0x0000000020006e88                double2uint64_shim
                0x0000000020006e8a                double2ufix64_shim
                0x0000000020006eaa                d2fix_a
 .text.dunpacks
                0x0000000020006ef8       0x3c CMakeFiles/experimental_schools_computer.dir/tree/downloaded_tools/pico/pico-sdk/src/rp2_common/pico_double/double_v1_rom_shim.S.obj
                0x0000000020006ef8                dunpacks
 .text.__aeabi_lmul
                0x0000000020006f34       0x32 CMakeFiles/experimental_schools_computer.dir/tree/downloaded_tools/pico/pico-sdk/src/rp2_common/pico_int64_ops/pico_int64_ops_aeabi.S.obj
                0x0000000020006f34                __wrap___aeabi_lmul
 *fill*         0x0000000020006f66        0x2 
 .text.__aeabi_float_init
                0x0000000020006f68       0x64 CMakeFiles/experimental_schools_computer.dir/tree/downloaded_tools/pico/pico-sdk/src/rp2_common/pico_float/float_init_rom.c.obj
                0x0000000020006f68                __aeabi_float_init
 .text.float_table_shim_on_use_helper
                0x0000000020006fcc       0x2c CMakeFiles/experimental_schools_computer.dir/tree/downloaded_tools/pico/pico-sdk/src/rp2_common/pico_float/float_v1_rom_shim.S.obj
                0x0000000020006fcc                float_table_shim_on_use_helper
 .text          0x0000000020006ff8       0x10 CMakeFiles/experimental_schools_computer.dir/tree/downloaded_tools/pico/pico-sdk/src/rp2_common/pico_mem_ops/mem_ops_aeabi.S.obj
                0x0000000020006ff8                __aeabi_mem_init
 .text.memset   0x0000000020007008        0xc CMakeFiles/experimental_schools_computer.dir/tree/downloaded_tools/pico/pico-sdk/src/rp2_common/pico_mem_ops/mem_ops_aeabi.S.obj
                0x0000000020007008                __wrap_memset
 .text.memcpy   0x0000000020007014        0xc CMakeFiles/experimental_schools_computer.dir/tree/downloaded_tools/pico/pico-sdk/src/rp2_common/pico_mem_ops/mem_ops_aeabi.S.obj
                0x0000000020007014                __wrap___aeabi_memcpy
                0x0000000020007014                __wrap_memcpy
 .text.stdio_out_chars_no_crlf
                0x0000000020007020       0x10 CMakeFiles/experimental_schools_computer.dir/tree/downloaded_tools/pico/pico-sdk/src/rp2_common/pico_stdio/stdio.c.obj
 .text.stdio_out_chars_crlf
                0x0000000020007030       0x94 CMakeFiles/experimental_schools_computer.dir/tree/downloaded_tools/pico/pico-sdk/src/rp2_common/pico_stdio/stdio.c.obj
 .text.stdio_buffered_printer
                0x00000000200070c4       0x64 CMakeFiles/experimental_schools_computer.dir/tree/downloaded_tools/pico/pico-sdk/src/rp2_common/pico_stdio/stdio.c.obj
 .text.stdio_put_string
                0x0000000020007128      0x100 CMakeFiles/experimental_schools_computer.dir/tree/downloaded_tools/pico/pico-sdk/src/rp2_common/pico_stdio/stdio.c.obj
 .text.__wrap_putchar
                0x0000000020007228       0xa4 CMakeFiles/experimental_schools_computer.dir/tree/downloaded_tools/pico/pico-sdk/src/rp2_common/pico_stdio/stdio.c.obj
                0x0000000020007228                __wrap_putchar
 .text.__wrap_puts
                0x00000000200072cc       0x3c CMakeFiles/experimental_schools_computer.dir/tree/downloaded_tools/pico/pico-sdk/src/rp2_common/pico_stdio/stdio.c.obj
                0x00000000200072cc                __wrap_puts
 .text.stdio_set_driver_enabled
                0x0000000020007308       0x30 CMakeFiles/experimental_schools_computer.dir/tree/downloaded_tools/pico/pico-sdk/src/rp2_common/pico_stdio/stdio.c.obj
                0x0000000020007308                stdio_set_driver_enabled
 .text.stdio_flush
                0x0000000020007338       0x28 CMakeFiles/experimental_schools_computer.dir/tree/downloaded_tools/pico/pico-sdk/src/rp2_common/pico_stdio/stdio.c.obj
                0x0000000020007338                stdio_flush
 .text.__wrap_vprintf
                0x0000000020007360       0xd8 CMakeFiles/experimental_schools_computer.dir/tree/downloaded_tools/pico/pico-sdk/src/rp2_common/pico_stdio/stdio.c.obj
                0x0000000020007360                __wrap_vprintf
 .text.__wrap_printf
                0x0000000020007438       0x18 CMakeFiles/experimental_schools_computer.dir/tree/downloaded_tools/pico/pico-sdk/src/rp2_common/pico_stdio/stdio.c.obj
                0x0000000020007438                __wrap_printf
 .text.stdio_init_all
                0x0000000020007450        0xc CMakeFiles/experimental_schools_computer.dir/tree/downloaded_tools/pico/pico-sdk/src/rp2_common/pico_stdio/stdio.c.obj
                0x0000000020007450                stdio_init_all
 .text.getchar_timeout_us
                0x000000002000745c       0xa4 CMakeFiles/experimental_schools_computer.dir/tree/downloaded_tools/pico/pico-sdk/src/rp2_common/pico_stdio/stdio.c.obj
                0x000000002000745c                getchar_timeout_us
 .text.stdio_uart_out_chars
                0x0000000020007500       0x4c CMakeFiles/experimental_schools_computer.dir/tree/downloaded_tools/pico/pico-sdk/src/rp2_common/pico_stdio_uart/stdio_uart.c.obj
 .text.stdio_uart_in_chars
                0x000000002000754c       0x38 CMakeFiles/experimental_schools_computer.dir/tree/downloaded_tools/pico/pico-sdk/src/rp2_common/pico_stdio_uart/stdio_uart.c.obj
                0x000000002000754c                stdio_uart_in_chars
 .text.stdio_uart_init
                0x0000000020007584       0x48 CMakeFiles/experimental_schools_computer.dir/tree/downloaded_tools/pico/pico-sdk/src/rp2_common/pico_stdio_uart/stdio_uart.c.obj
                0x0000000020007584                stdio_uart_init
 .text.resetd_init
                0x00000000200075cc        0x4 CMakeFiles/experimental_schools_computer.dir/tree/downloaded_tools/pico/pico-sdk/src/rp2_common/pico_stdio_usb/reset_interface.c.obj
 .text.resetd_reset
                0x00000000200075d0        0xc CMakeFiles/experimental_schools_computer.dir/tree/downloaded_tools/pico/pico-sdk/src/rp2_common/pico_stdio_usb/reset_interface.c.obj
 .text.resetd_open
                0x00000000200075dc       0x28 CMakeFiles/experimental_schools_computer.dir/tree/downloaded_tools/pico/pico-sdk/src/rp2_common/pico_stdio_usb/reset_interface.c.obj
 .text.resetd_xfer_cb
                0x0000000020007604        0x4 CMakeFiles/experimental_schools_computer.dir/tree/downloaded_tools/pico/pico-sdk/src/rp2_common/pico_stdio_usb/reset_interface.c.obj
 .text.resetd_control_xfer_cb
                0x0000000020007608       0x64 CMakeFiles/experimental_schools_computer.dir/tree/downloaded_tools/pico/pico-sdk/src/rp2_common/pico_stdio_usb/reset_interface.c.obj
 .text.usbd_app_driver_get_cb
                0x000000002000766c        0xc CMakeFiles/experimental_schools_computer.dir/tree/downloaded_tools/pico/pico-sdk/src/rp2_common/pico_stdio_usb/reset_interface.c.obj
                0x000000002000766c                usbd_app_driver_get_cb
 .text.tud_cdc_line_coding_cb
                0x0000000020007678       0x34 CMakeFiles/experimental_schools_computer.dir/tree/downloaded_tools/pico/pico-sdk/src/rp2_common/pico_stdio_usb/reset_interface.c.obj
                0x0000000020007678                tud_cdc_line_coding_cb
 .text.stdio_usb_in_chars
                0x00000000200076ac       0x68 CMakeFiles/experimental_schools_computer.dir/tree/downloaded_tools/pico/pico-sdk/src/rp2_common/pico_stdio_usb/stdio_usb.c.obj
                0x00000000200076ac                stdio_usb_in_chars
 .text.stdio_usb_out_chars
                0x0000000020007714       0xec CMakeFiles/experimental_schools_computer.dir/tree/downloaded_tools/pico/pico-sdk/src/rp2_common/pico_stdio_usb/stdio_usb.c.obj
 .text.timer_task
                0x0000000020007800       0x18 CMakeFiles/experimental_schools_computer.dir/tree/downloaded_tools/pico/pico-sdk/src/rp2_common/pico_stdio_usb/stdio_usb.c.obj
 .text.usb_irq  0x0000000020007818       0x10 CMakeFiles/experimental_schools_computer.dir/tree/downloaded_tools/pico/pico-sdk/src/rp2_common/pico_stdio_usb/stdio_usb.c.obj
 .text.low_priority_worker_irq
                0x0000000020007828       0x24 CMakeFiles/experimental_schools_computer.dir/tree/downloaded_tools/pico/pico-sdk/src/rp2_common/pico_stdio_usb/stdio_usb.c.obj
 .text.stdio_usb_init
                0x000000002000784c       0xb0 CMakeFiles/experimental_schools_computer.dir/tree/downloaded_tools/pico/pico-sdk/src/rp2_common/pico_stdio_usb/stdio_usb.c.obj
                0x000000002000784c                stdio_usb_init
 .text.tud_descriptor_device_cb
                0x00000000200078fc        0x8 CMakeFiles/experimental_schools_computer.dir/tree/downloaded_tools/pico/pico-sdk/src/rp2_common/pico_stdio_usb/stdio_usb_descriptors.c.obj
                0x00000000200078fc                tud_descriptor_device_cb
 .text.tud_descriptor_configuration_cb
                0x0000000020007904        0x8 CMakeFiles/experimental_schools_computer.dir/tree/downloaded_tools/pico/pico-sdk/src/rp2_common/pico_stdio_usb/stdio_usb_descriptors.c.obj
                0x0000000020007904                tud_descriptor_configuration_cb
 .text.tud_descriptor_string_cb
                0x000000002000790c       0x70 CMakeFiles/experimental_schools_computer.dir/tree/downloaded_tools/pico/pico-sdk/src/rp2_common/pico_stdio_usb/stdio_usb_descriptors.c.obj
                0x000000002000790c                tud_descriptor_string_cb
 .text.dcd_rp2040_irq
                0x000000002000797c      0x21c CMakeFiles/experimental_schools_computer.dir/tree/downloaded_tools/pico/pico-sdk/lib/tinyusb/src/portable/raspberrypi/rp2040/dcd_rp2040.c.obj
 .text.dcd_int_enable
                0x0000000020007b98        0xc CMakeFiles/experimental_schools_computer.dir/tree/downloaded_tools/pico/pico-sdk/lib/tinyusb/src/portable/raspberrypi/rp2040/dcd_rp2040.c.obj
                0x0000000020007b98                dcd_int_enable
 .text.dcd_set_address
                0x0000000020007ba4       0x14 CMakeFiles/experimental_schools_computer.dir/tree/downloaded_tools/pico/pico-sdk/lib/tinyusb/src/portable/raspberrypi/rp2040/dcd_rp2040.c.obj
                0x0000000020007ba4                dcd_set_address
 .text.dcd_connect
                0x0000000020007bb8       0x10 CMakeFiles/experimental_schools_computer.dir/tree/downloaded_tools/pico/pico-sdk/lib/tinyusb/src/portable/raspberrypi/rp2040/dcd_rp2040.c.obj
                0x0000000020007bb8                dcd_connect
 .text.dcd_init
                0x0000000020007bc8      0x148 CMakeFiles/experimental_schools_computer.dir/tree/downloaded_tools/pico/pico-sdk/lib/tinyusb/src/portable/raspberrypi/rp2040/dcd_rp2040.c.obj
                0x0000000020007bc8                dcd_init
 .text.dcd_edpt0_status_complete
                0x0000000020007d10       0x1c CMakeFiles/experimental_schools_computer.dir/tree/downloaded_tools/pico/pico-sdk/lib/tinyusb/src/portable/raspberrypi/rp2040/dcd_rp2040.c.obj
                0x0000000020007d10                dcd_edpt0_status_complete
 .text.dcd_edpt_open
                0x0000000020007d2c       0xf0 CMakeFiles/experimental_schools_computer.dir/tree/downloaded_tools/pico/pico-sdk/lib/tinyusb/src/portable/raspberrypi/rp2040/dcd_rp2040.c.obj
                0x0000000020007d2c                dcd_edpt_open
 .text.dcd_edpt_close_all
                0x0000000020007e1c       0xbc CMakeFiles/experimental_schools_computer.dir/tree/downloaded_tools/pico/pico-sdk/lib/tinyusb/src/portable/raspberrypi/rp2040/dcd_rp2040.c.obj
                0x0000000020007e1c                dcd_edpt_close_all
 .text.dcd_edpt_xfer
                0x0000000020007ed8       0x24 CMakeFiles/experimental_schools_computer.dir/tree/downloaded_tools/pico/pico-sdk/lib/tinyusb/src/portable/raspberrypi/rp2040/dcd_rp2040.c.obj
                0x0000000020007ed8                dcd_edpt_xfer
 .text.dcd_edpt_stall
                0x0000000020007efc       0x38 CMakeFiles/experimental_schools_computer.dir/tree/downloaded_tools/pico/pico-sdk/lib/tinyusb/src/portable/raspberrypi/rp2040/dcd_rp2040.c.obj
                0x0000000020007efc                dcd_edpt_stall
 .text.dcd_edpt_clear_stall
                0x0000000020007f34       0x30 CMakeFiles/experimental_schools_computer.dir/tree/downloaded_tools/pico/pico-sdk/lib/tinyusb/src/portable/raspberrypi/rp2040/dcd_rp2040.c.obj
                0x0000000020007f34                dcd_edpt_clear_stall
 .text._hw_endpoint_buffer_control_update32.part.0
                0x0000000020007f64       0x20 CMakeFiles/experimental_schools_computer.dir/tree/downloaded_tools/pico/pico-sdk/lib/tinyusb/src/portable/raspberrypi/rp2040/rp2040_usb.c.obj
 .text.rp2040_usb_init
                0x0000000020007f84       0x4c CMakeFiles/experimental_schools_computer.dir/tree/downloaded_tools/pico/pico-sdk/lib/tinyusb/src/portable/raspberrypi/rp2040/rp2040_usb.c.obj
                0x0000000020007f84                rp2040_usb_init
 .text.hw_endpoint_reset_transfer
                0x0000000020007fd0        0xc CMakeFiles/experimental_schools_computer.dir/tree/downloaded_tools/pico/pico-sdk/lib/tinyusb/src/portable/raspberrypi/rp2040/rp2040_usb.c.obj
                0x0000000020007fd0                hw_endpoint_reset_transfer
 .text._hw_endpoint_buffer_control_update32
                0x0000000020007fdc       0x40 CMakeFiles/experimental_schools_computer.dir/tree/downloaded_tools/pico/pico-sdk/lib/tinyusb/src/portable/raspberrypi/rp2040/rp2040_usb.c.obj
                0x0000000020007fdc                _hw_endpoint_buffer_control_update32
 .text.hw_endpoint_xfer_start
                0x000000002000801c      0x138 CMakeFiles/experimental_schools_computer.dir/tree/downloaded_tools/pico/pico-sdk/lib/tinyusb/src/portable/raspberrypi/rp2040/rp2040_usb.c.obj
                0x000000002000801c                hw_endpoint_xfer_start
 .text.hw_endpoint_xfer_continue
                0x0000000020008154      0x1e4 CMakeFiles/experimental_schools_computer.dir/tree/downloaded_tools/pico/pico-sdk/lib/tinyusb/src/portable/raspberrypi/rp2040/rp2040_usb.c.obj
                0x0000000020008154                hw_endpoint_xfer_continue
 .text.tud_mounted
                0x0000000020008338       0x10 CMakeFiles/experimental_schools_computer.dir/tree/downloaded_tools/pico/pico-sdk/lib/tinyusb/src/device/usbd.c.obj
                0x0000000020008338                tud_mounted
 .text.tud_suspended
                0x0000000020008348       0x10 CMakeFiles/experimental_schools_computer.dir/tree/downloaded_tools/pico/pico-sdk/lib/tinyusb/src/device/usbd.c.obj
                0x0000000020008348                tud_suspended
 .text.tud_inited
                0x0000000020008358        0xc CMakeFiles/experimental_schools_computer.dir/tree/downloaded_tools/pico/pico-sdk/lib/tinyusb/src/device/usbd.c.obj
                0x0000000020008358                tud_inited
 .text.tud_init
                0x0000000020008364       0xd8 CMakeFiles/experimental_schools_computer.dir/tree/downloaded_tools/pico/pico-sdk/lib/tinyusb/src/device/usbd.c.obj
                0x0000000020008364                tud_init
 .text.tud_task
                0x000000002000843c      0x8ec CMakeFiles/experimental_schools_computer.dir/tree/downloaded_tools/pico/pico-sdk/lib/tinyusb/src/device/usbd.c.obj
                0x000000002000843c                tud_task
 .text.dcd_event_bus_signal
                0x0000000020008d28      0x120 CMakeFiles/experimental_schools_computer.dir/tree/downloaded_tools/pico/pico-sdk/lib/tinyusb/src/device/usbd.c.obj
                0x0000000020008d28                dcd_event_bus_signal
 .text.dcd_event_bus_reset
                0x0000000020008e48       0x54 CMakeFiles/experimental_schools_computer.dir/tree/downloaded_tools/pico/pico-sdk/lib/tinyusb/src/device/usbd.c.obj
                0x0000000020008e48                dcd_event_bus_reset
 .text.dcd_event_setup_received
                0x0000000020008e9c       0x50 CMakeFiles/experimental_schools_computer.dir/tree/downloaded_tools/pico/pico-sdk/lib/tinyusb/src/device/usbd.c.obj
                0x0000000020008e9c                dcd_event_setup_received
 .text.dcd_event_xfer_complete
                0x0000000020008eec       0x68 CMakeFiles/experimental_schools_computer.dir/tree/downloaded_tools/pico/pico-sdk/lib/tinyusb/src/device/usbd.c.obj
                0x0000000020008eec                dcd_event_xfer_complete
 .text.usbd_open_edpt_pair
                0x0000000020008f54       0x80 CMakeFiles/experimental_schools_computer.dir/tree/downloaded_tools/pico/pico-sdk/lib/tinyusb/src/device/usbd.c.obj
                0x0000000020008f54                usbd_open_edpt_pair
 .text.usbd_edpt_open
                0x0000000020008fd4       0x30 CMakeFiles/experimental_schools_computer.dir/tree/downloaded_tools/pico/pico-sdk/lib/tinyusb/src/device/usbd.c.obj
                0x0000000020008fd4                usbd_edpt_open
 .text.usbd_edpt_claim
                0x0000000020009004       0x64 CMakeFiles/experimental_schools_computer.dir/tree/downloaded_tools/pico/pico-sdk/lib/tinyusb/src/device/usbd.c.obj
                0x0000000020009004                usbd_edpt_claim
 .text.usbd_edpt_release
                0x0000000020009068       0x4c CMakeFiles/experimental_schools_computer.dir/tree/downloaded_tools/pico/pico-sdk/lib/tinyusb/src/device/usbd.c.obj
                0x0000000020009068                usbd_edpt_release
 .text.usbd_edpt_xfer
                0x00000000200090b4       0x48 CMakeFiles/experimental_schools_computer.dir/tree/downloaded_tools/pico/pico-sdk/lib/tinyusb/src/device/usbd.c.obj
                0x00000000200090b4                usbd_edpt_xfer
 .text.tud_control_status
                0x00000000200090fc       0x30 CMakeFiles/experimental_schools_computer.dir/tree/downloaded_tools/pico/pico-sdk/lib/tinyusb/src/device/usbd_control.c.obj
                0x00000000200090fc                tud_control_status
 .text.tud_control_xfer
                0x000000002000912c       0xb8 CMakeFiles/experimental_schools_computer.dir/tree/downloaded_tools/pico/pico-sdk/lib/tinyusb/src/device/usbd_control.c.obj
                0x000000002000912c                tud_control_xfer
 .text.usbd_control_reset
                0x00000000200091e4       0x14 CMakeFiles/experimental_schools_computer.dir/tree/downloaded_tools/pico/pico-sdk/lib/tinyusb/src/device/usbd_control.c.obj
                0x00000000200091e4                usbd_control_reset
 .text.usbd_control_set_complete_callback
                0x00000000200091f8        0xc CMakeFiles/experimental_schools_computer.dir/tree/downloaded_tools/pico/pico-sdk/lib/tinyusb/src/device/usbd_control.c.obj
                0x00000000200091f8                usbd_control_set_complete_callback
 .text.usbd_control_set_request
                0x0000000020009204       0x1c CMakeFiles/experimental_schools_computer.dir/tree/downloaded_tools/pico/pico-sdk/lib/tinyusb/src/device/usbd_control.c.obj
                0x0000000020009204                usbd_control_set_request
 .text.usbd_control_xfer_cb
                0x0000000020009220       0xf8 CMakeFiles/experimental_schools_computer.dir/tree/downloaded_tools/pico/pico-sdk/lib/tinyusb/src/device/usbd_control.c.obj
                0x0000000020009220                usbd_control_xfer_cb
 .text.tud_cdc_n_connected
                0x0000000020009318       0x30 CMakeFiles/experimental_schools_computer.dir/tree/downloaded_tools/pico/pico-sdk/lib/tinyusb/src/class/cdc/cdc_device.c.obj
                0x0000000020009318                tud_cdc_n_connected
 .text.tud_cdc_n_available
                0x0000000020009348       0x18 CMakeFiles/experimental_schools_computer.dir/tree/downloaded_tools/pico/pico-sdk/lib/tinyusb/src/class/cdc/cdc_device.c.obj
                0x0000000020009348                tud_cdc_n_available
 .text.tud_cdc_n_read
                0x0000000020009360       0x70 CMakeFiles/experimental_schools_computer.dir/tree/downloaded_tools/pico/pico-sdk/lib/tinyusb/src/class/cdc/cdc_device.c.obj
                0x0000000020009360                tud_cdc_n_read
 .text.tud_cdc_n_write_flush
                0x00000000200093d0       0x78 CMakeFiles/experimental_schools_computer.dir/tree/downloaded_tools/pico/pico-sdk/lib/tinyusb/src/class/cdc/cdc_device.c.obj
                0x00000000200093d0                tud_cdc_n_write_flush
 .text.tud_cdc_n_write
                0x0000000020009448       0x34 CMakeFiles/experimental_schools_computer.dir/tree/downloaded_tools/pico/pico-sdk/lib/tinyusb/src/class/cdc/cdc_device.c.obj
                0x0000000020009448                tud_cdc_n_write
 .text.tud_cdc_n_write_available
                0x000000002000947c       0x18 CMakeFiles/experimental_schools_computer.dir/tree/downloaded_tools/pico/pico-sdk/lib/tinyusb/src/class/cdc/cdc_device.c.obj
                0x000000002000947c                tud_cdc_n_write_available
 .text.cdcd_init
                0x0000000020009494       0x7c CMakeFiles/experimental_schools_computer.dir/tree/downloaded_tools/pico/pico-sdk/lib/tinyusb/src/class/cdc/cdc_device.c.obj
                0x0000000020009494                cdcd_init
 .text.cdcd_reset
                0x0000000020009510       0x2c CMakeFiles/experimental_schools_computer.dir/tree/downloaded_tools/pico/pico-sdk/lib/tinyusb/src/class/cdc/cdc_device.c.obj
                0x0000000020009510                cdcd_reset
 .text.cdcd_open
                0x000000002000953c       0xe4 CMakeFiles/experimental_schools_computer.dir/tree/downloaded_tools/pico/pico-sdk/lib/tinyusb/src/class/cdc/cdc_device.c.obj
                0x000000002000953c                cdcd_open
 .text.cdcd_control_xfer_cb
                0x0000000020009620       0xe4 CMakeFiles/experimental_schools_computer.dir/tree/downloaded_tools/pico/pico-sdk/lib/tinyusb/src/class/cdc/cdc_device.c.obj
                0x0000000020009620                cdcd_control_xfer_cb
 .text.cdcd_xfer_cb
                0x0000000020009704      0x198 CMakeFiles/experimental_schools_computer.dir/tree/downloaded_tools/pico/pico-sdk/lib/tinyusb/src/class/cdc/cdc_device.c.obj
                0x0000000020009704                cdcd_xfer_cb
 .text.tusb_init
                0x000000002000989c        0xc CMakeFiles/experimental_schools_computer.dir/tree/downloaded_tools/pico/pico-sdk/lib/tinyusb/src/tusb.c.obj
                0x000000002000989c                tusb_init
 .text.tusb_inited
                0x00000000200098a8        0x8 CMakeFiles/experimental_schools_computer.dir/tree/downloaded_tools/pico/pico-sdk/lib/tinyusb/src/tusb.c.obj
                0x00000000200098a8                tusb_inited
 .text.tu_edpt_validate
                0x00000000200098b0       0x78 CMakeFiles/experimental_schools_computer.dir/tree/downloaded_tools/pico/pico-sdk/lib/tinyusb/src/tusb.c.obj
                0x00000000200098b0                tu_edpt_validate
 .text.tu_edpt_bind_driver
                0x0000000020009928       0x2c CMakeFiles/experimental_schools_computer.dir/tree/downloaded_tools/pico/pico-sdk/lib/tinyusb/src/tusb.c.obj
                0x0000000020009928                tu_edpt_bind_driver
 .text.tu_fifo_config
                0x0000000020009954       0x78 CMakeFiles/experimental_schools_computer.dir/tree/downloaded_tools/pico/pico-sdk/lib/tinyusb/src/common/tusb_fifo.c.obj
                0x0000000020009954                tu_fifo_config
 .text.tu_fifo_count
                0x00000000200099cc       0x20 CMakeFiles/experimental_schools_computer.dir/tree/downloaded_tools/pico/pico-sdk/lib/tinyusb/src/common/tusb_fifo.c.obj
                0x00000000200099cc                tu_fifo_count
 .text.tu_fifo_empty
                0x00000000200099ec       0x10 CMakeFiles/experimental_schools_computer.dir/tree/downloaded_tools/pico/pico-sdk/lib/tinyusb/src/common/tusb_fifo.c.obj
                0x00000000200099ec                tu_fifo_empty
 .text.tu_fifo_remaining
                0x00000000200099fc       0x1c CMakeFiles/experimental_schools_computer.dir/tree/downloaded_tools/pico/pico-sdk/lib/tinyusb/src/common/tusb_fifo.c.obj
                0x00000000200099fc                tu_fifo_remaining
 .text.tu_fifo_read
                0x0000000020009a18       0x9c CMakeFiles/experimental_schools_computer.dir/tree/downloaded_tools/pico/pico-sdk/lib/tinyusb/src/common/tusb_fifo.c.obj
                0x0000000020009a18                tu_fifo_read
 .text.tu_fifo_read_n
                0x0000000020009ab4      0x100 CMakeFiles/experimental_schools_computer.dir/tree/downloaded_tools/pico/pico-sdk/lib/tinyusb/src/common/tusb_fifo.c.obj
                0x0000000020009ab4                tu_fifo_read_n
 .text.tu_fifo_write
                0x0000000020009bb4       0x7c CMakeFiles/experimental_schools_computer.dir/tree/downloaded_tools/pico/pico-sdk/lib/tinyusb/src/common/tusb_fifo.c.obj
                0x0000000020009bb4                tu_fifo_write
 .text.tu_fifo_write_n
                0x0000000020009c30       0xf8 CMakeFiles/experimental_schools_computer.dir/tree/downloaded_tools/pico/pico-sdk/lib/tinyusb/src/common/tusb_fifo.c.obj
                0x0000000020009c30                tu_fifo_write_n
 .text.tu_fifo_clear
                0x0000000020009d28       0x4c CMakeFiles/experimental_schools_computer.dir/tree/downloaded_tools/pico/pico-sdk/lib/tinyusb/src/common/tusb_fifo.c.obj
                0x0000000020009d28                tu_fifo_clear
 .text.tu_fifo_set_overwritable
                0x0000000020009d74       0x3c CMakeFiles/experimental_schools_computer.dir/tree/downloaded_tools/pico/pico-sdk/lib/tinyusb/src/common/tusb_fifo.c.obj
                0x0000000020009d74                tu_fifo_set_overwritable
 .text.startup._retrieve_unique_id_on_boot
                0x0000000020009db0       0x10 CMakeFiles/experimental_schools_computer.dir/tree/downloaded_tools/pico/pico-sdk/src/rp2_common/pico_unique_id/unique_id.c.obj
 .text.pico_get_unique_board_id_string
                0x0000000020009dc0      0x1bc CMakeFiles/experimental_schools_computer.dir/tree/downloaded_tools/pico/pico-sdk/src/rp2_common/pico_unique_id/unique_id.c.obj
                0x0000000020009dc0                pico_get_unique_board_id_string
 .text.flash_get_unique_id
                0x0000000020009f7c       0x40 CMakeFiles/experimental_schools_computer.dir/tree/downloaded_tools/pico/pico-sdk/src/rp2_common/hardware_flash/flash.c.obj
                0x0000000020009f7c                flash_get_unique_id
 .text          0x0000000020009fbc        0x4 /usr/lib/gcc/arm-none-eabi/9.2.1/thumb/v6-m/nofp/libgcc.a(_dvmd_tls.o)
                0x0000000020009fbc                __aeabi_ldiv0
                0x0000000020009fbc                __aeabi_idiv0
 .text          0x0000000020009fc0       0x50 /usr/lib/gcc/arm-none-eabi/9.2.1/../../../arm-none-eabi/lib/thumb/v6-m/nofp/libc.a(lib_a-strcat.o)
                0x0000000020009fc0                strcat
 .text          0x000000002000a010       0x10 /usr/lib/gcc/arm-none-eabi/9.2.1/../../../arm-none-eabi/lib/thumb/v6-m/nofp/libc.a(lib_a-strcpy.o)
                0x000000002000a010                strcpy
 .text          0x000000002000a020       0x68 /usr/lib/gcc/arm-none-eabi/9.2.1/../../../arm-none-eabi/lib/thumb/v6-m/nofp/libc.a(lib_a-strlen-stub.o)
                0x000000002000a020                strlen
 *(.fini)
 .fini          0x000000002000a088        0x4 /usr/lib/gcc/arm-none-eabi/9.2.1/thumb/v6-m/nofp/crti.o
                0x000000002000a088                _fini
 *fill*         0x000000002000a08c        0x4 
 .fini.__stub   0x000000002000a090       0x10 linker stubs
 *crtbegin.o(.ctors)
 *crtbegin?.o(.ctors)
 *(EXCLUDE_FILE(*crtend.o *crtend?.o) .ctors)
 *(SORT_BY_NAME(.ctors.*))
 *(.ctors)
 *crtbegin.o(.dtors)
 *crtbegin?.o(.dtors)
 *(EXCLUDE_FILE(*crtend.o *crtend?.o) .dtors)
 *(SORT_BY_NAME(.dtors.*))
 *(.dtors)
 *(.eh_frame*)
 .eh_frame      0x000000002000a0a0        0x0 /usr/lib/gcc/arm-none-eabi/9.2.1/thumb/v6-m/nofp/crtbegin.o
                0x000000002000a0a0                . = ALIGN (0x4)
                0x000000002000a0a0                __ram_text_end__ = .
                0x000000001000030c                __ram_text_source__ = LOADADDR (.text)

.glue_7         0x000000002000a0a0        0x0 load address 0x000000001000a2ec
 .glue_7        0x000000002000a0a0        0x0 linker stubs

.glue_7t        0x000000002000a0a0        0x0 load address 0x000000001000a2ec
 .glue_7t       0x000000002000a0a0        0x0 linker stubs

.vfp11_veneer   0x000000002000a0a0        0x0 load address 0x000000001000a2ec
 .vfp11_veneer  0x000000002000a0a0        0x0 linker stubs

.v4_bx          0x000000002000a0a0        0x0 load address 0x000000001000a2ec
 .v4_bx         0x000000002000a0a0        0x0 linker stubs

.iplt           0x000000002000a0a0        0x0 load address 0x000000001000a2ec
 .iplt          0x000000002000a0a0        0x0 /usr/lib/gcc/arm-none-eabi/9.2.1/thumb/v6-m/nofp/crtbegin.o

.rel.dyn        0x000000002000a0a0        0x0 load address 0x000000001000a2ec
 .rel.iplt      0x000000002000a0a0        0x0 /usr/lib/gcc/arm-none-eabi/9.2.1/thumb/v6-m/nofp/crtbegin.o

.data           0x000000002000a0a0     0x179c load address 0x000000001000a2ec
                0x000000002000a0a0                __data_start__ = .
 *(vtable)
 *(.time_critical*)
 .time_critical.mutex_enter_blocking
                0x000000002000a0a0       0x48 CMakeFiles/experimental_schools_computer.dir/tree/downloaded_tools/pico/pico-sdk/src/common/pico_sync/mutex.c.obj
                0x000000002000a0a0                mutex_enter_blocking
 .time_critical.mutex_try_enter
                0x000000002000a0e8       0x48 CMakeFiles/experimental_schools_computer.dir/tree/downloaded_tools/pico/pico-sdk/src/common/pico_sync/mutex.c.obj
                0x000000002000a0e8                mutex_try_enter
 .time_critical.mutex_enter_timeout_ms
                0x000000002000a130       0x98 CMakeFiles/experimental_schools_computer.dir/tree/downloaded_tools/pico/pico-sdk/src/common/pico_sync/mutex.c.obj
                0x000000002000a130                mutex_enter_timeout_ms
 .time_critical.mutex_exit
                0x000000002000a1c8       0x28 CMakeFiles/experimental_schools_computer.dir/tree/downloaded_tools/pico/pico-sdk/src/common/pico_sync/mutex.c.obj
                0x000000002000a1c8                mutex_exit
 .time_critical.flash_init_boot2_copyout
                0x000000002000a1f0       0x30 CMakeFiles/experimental_schools_computer.dir/tree/downloaded_tools/pico/pico-sdk/src/rp2_common/hardware_flash/flash.c.obj
 .time_critical.flash_enable_xip_via_boot2
                0x000000002000a220       0x10 CMakeFiles/experimental_schools_computer.dir/tree/downloaded_tools/pico/pico-sdk/src/rp2_common/hardware_flash/flash.c.obj
 .time_critical.flash_cs_force
                0x000000002000a230       0x38 CMakeFiles/experimental_schools_computer.dir/tree/downloaded_tools/pico/pico-sdk/src/rp2_common/hardware_flash/flash.c.obj
 .time_critical.flash_do_cmd
                0x000000002000a268       0xc4 CMakeFiles/experimental_schools_computer.dir/tree/downloaded_tools/pico/pico-sdk/src/rp2_common/hardware_flash/flash.c.obj
                0x000000002000a268                flash_do_cmd
                0x000000002000a32c                . = ALIGN (0x4)
 *(.rodata*)
 .rodata.cli_kbd_dump.str1.4
                0x000000002000a32c       0x6c CMakeFiles/experimental_schools_computer.dir/experimental_schools_computer.c.obj
 .rodata.cli_digit.str1.4
                0x000000002000a398        0x4 CMakeFiles/experimental_schools_computer.dir/experimental_schools_computer.c.obj
 .rodata.cli_dump_store.str1.4
                0x000000002000a39c       0x17 CMakeFiles/experimental_schools_computer.dir/experimental_schools_computer.c.obj
 *fill*         0x000000002000a3b3        0x1 
 .rodata.serial_help.str1.4
                0x000000002000a3b4       0x28 CMakeFiles/experimental_schools_computer.dir/experimental_schools_computer.c.obj
 .rodata.cli_key_key_test.str1.4
                0x000000002000a3dc        0xa CMakeFiles/experimental_schools_computer.dir/experimental_schools_computer.c.obj
 *fill*         0x000000002000a3e6        0x2 
 .rodata.update_display.part.0.str1.4
                0x000000002000a3e8       0xc5 CMakeFiles/experimental_schools_computer.dir/experimental_schools_computer.c.obj
                                         0xed (size before relaxing)
 *fill*         0x000000002000a4ad        0x3 
 .rodata.state_esc_a_disp
                0x000000002000a4b0       0x50 CMakeFiles/experimental_schools_computer.dir/experimental_schools_computer.c.obj
 .rodata.error.str1.4
                0x000000002000a500        0xd CMakeFiles/experimental_schools_computer.dir/experimental_schools_computer.c.obj
 *fill*         0x000000002000a50d        0x3 
 .rodata.warning.str1.4
                0x000000002000a510       0x16 CMakeFiles/experimental_schools_computer.dir/experimental_schools_computer.c.obj
 *fill*         0x000000002000a526        0x2 
 .rodata.bcd_sw_addition.str1.4
                0x000000002000a528       0x10 CMakeFiles/experimental_schools_computer.dir/experimental_schools_computer.c.obj
 .rodata.cli_test_bcd.str1.4
                0x000000002000a538       0x31 CMakeFiles/experimental_schools_computer.dir/experimental_schools_computer.c.obj
 *fill*         0x000000002000a569        0x3 
 .rodata.register_assign_sum_register_register.str1.4
                0x000000002000a56c       0x1d CMakeFiles/experimental_schools_computer.dir/experimental_schools_computer.c.obj
 *fill*         0x000000002000a589        0x3 
 .rodata.next_iar.str1.4
                0x000000002000a58c       0x34 CMakeFiles/experimental_schools_computer.dir/experimental_schools_computer.c.obj
 .rodata.state_esc_b_disp.str1.4
                0x000000002000a5c0       0x23 CMakeFiles/experimental_schools_computer.dir/experimental_schools_computer.c.obj
 *fill*         0x000000002000a5e3        0x1 
 .rodata.state_esc_b_disp
                0x000000002000a5e4       0x68 CMakeFiles/experimental_schools_computer.dir/experimental_schools_computer.c.obj
 .rodata.stage_b_decode
                0x000000002000a64c       0x20 CMakeFiles/experimental_schools_computer.dir/experimental_schools_computer.c.obj
 .rodata.stage_a_decode
                0x000000002000a66c       0x28 CMakeFiles/experimental_schools_computer.dir/experimental_schools_computer.c.obj
 .rodata.get_string_state.str1.4
                0x000000002000a694       0xa4 CMakeFiles/experimental_schools_computer.dir/experimental_schools_computer.c.obj
 .rodata.cli_dump.str1.4
                0x000000002000a738       0xa3 CMakeFiles/experimental_schools_computer.dir/experimental_schools_computer.c.obj
 *fill*         0x000000002000a7db        0x1 
 .rodata.serial_loop.str1.4
                0x000000002000a7dc       0x63 CMakeFiles/experimental_schools_computer.dir/experimental_schools_computer.c.obj
 *fill*         0x000000002000a83f        0x1 
 .rodata.main.str1.4
                0x000000002000a840      0x10e CMakeFiles/experimental_schools_computer.dir/experimental_schools_computer.c.obj
 *fill*         0x000000002000a94e        0x2 
 .rodata.str1.4
                0x000000002000a950      0x136 CMakeFiles/experimental_schools_computer.dir/experimental_schools_computer.c.obj
                                        0x13a (size before relaxing)
 *fill*         0x000000002000aa86        0x2 
 .rodata.kbd_drv_gpios
                0x000000002000aa88       0x10 CMakeFiles/experimental_schools_computer.dir/experimental_schools_computer.c.obj
                0x000000002000aa88                kbd_drv_gpios
 .rodata.font_5x7_letters
                0x000000002000aa98      0x1e0 CMakeFiles/experimental_schools_computer.dir/oled.c.obj
                0x000000002000aa98                font_5x7_letters
 .rodata.init_seq2
                0x000000002000ac78       0x1e CMakeFiles/experimental_schools_computer.dir/oled.c.obj
                0x000000002000ac78                init_seq2
 *fill*         0x000000002000ac96        0x2 
 .rodata.spin_lock_claim_unused.str1.4
                0x000000002000ac98       0x1b CMakeFiles/experimental_schools_computer.dir/tree/downloaded_tools/pico/pico-sdk/src/rp2_common/hardware_sync/sync.c.obj
 *fill*         0x000000002000acb3        0x1 
 .rodata.user_irq_claim_unused.str1.4
                0x000000002000acb4       0x1b CMakeFiles/experimental_schools_computer.dir/tree/downloaded_tools/pico/pico-sdk/src/rp2_common/hardware_irq/irq.c.obj
 *fill*         0x000000002000accf        0x1 
 .rodata.hardware_alarm_claim.str1.4
                0x000000002000acd0       0x22 CMakeFiles/experimental_schools_computer.dir/tree/downloaded_tools/pico/pico-sdk/src/rp2_common/hardware_timer/timer.c.obj
 *fill*         0x000000002000acf2        0x2 
 .rodata.panic.str1.4
                0x000000002000acf4       0x10 CMakeFiles/experimental_schools_computer.dir/tree/downloaded_tools/pico/pico-sdk/src/rp2_common/pico_runtime/runtime.c.obj
                                         0x12 (size before relaxing)
 .rodata.hard_assertion_failure.str1.4
                0x000000002000ad04        0xc CMakeFiles/experimental_schools_computer.dir/tree/downloaded_tools/pico/pico-sdk/src/rp2_common/pico_runtime/runtime.c.obj
 .rodata._ftoa.str1.4
                0x000000002000ad10       0x15 CMakeFiles/experimental_schools_computer.dir/tree/downloaded_tools/pico/pico-sdk/src/rp2_common/pico_printf/printf.c.obj
 *fill*         0x000000002000ad25        0x3 
 .rodata._vsnprintf
                0x000000002000ad28      0x1e0 CMakeFiles/experimental_schools_computer.dir/tree/downloaded_tools/pico/pico-sdk/src/rp2_common/pico_printf/printf.c.obj
 .rodata.pow10.5444
                0x000000002000af08       0x50 CMakeFiles/experimental_schools_computer.dir/tree/downloaded_tools/pico/pico-sdk/src/rp2_common/pico_printf/printf.c.obj
 .rodata.str1.4
                0x000000002000af58       0x58 CMakeFiles/experimental_schools_computer.dir/tree/downloaded_tools/pico/pico-sdk/src/rp2_common/pico_standard_link/binary_info.c.obj
 .rodata.__bi_44
                0x000000002000afb0        0xc CMakeFiles/experimental_schools_computer.dir/tree/downloaded_tools/pico/pico-sdk/src/rp2_common/pico_standard_link/binary_info.c.obj
 .rodata.__bi_56
                0x000000002000afbc        0xc CMakeFiles/experimental_schools_computer.dir/tree/downloaded_tools/pico/pico-sdk/src/rp2_common/pico_standard_link/binary_info.c.obj
 .rodata.__bi_75
                0x000000002000afc8        0xc CMakeFiles/experimental_schools_computer.dir/tree/downloaded_tools/pico/pico-sdk/src/rp2_common/pico_standard_link/binary_info.c.obj
 .rodata.__bi_81
                0x000000002000afd4        0xc CMakeFiles/experimental_schools_computer.dir/tree/downloaded_tools/pico/pico-sdk/src/rp2_common/pico_standard_link/binary_info.c.obj
 .rodata.crlf_str.6065
                0x000000002000afe0        0x2 CMakeFiles/experimental_schools_computer.dir/tree/downloaded_tools/pico/pico-sdk/src/rp2_common/pico_stdio/stdio.c.obj
 *fill*         0x000000002000afe2        0x2 
 .rodata.str1.4
                0x000000002000afe4       0x2c CMakeFiles/experimental_schools_computer.dir/tree/downloaded_tools/pico/pico-sdk/src/rp2_common/pico_stdio_uart/stdio_uart.c.obj
 .rodata.__bi_28.4859
                0x000000002000b010        0xc CMakeFiles/experimental_schools_computer.dir/tree/downloaded_tools/pico/pico-sdk/src/rp2_common/pico_stdio_uart/stdio_uart.c.obj
 .rodata.__bi_29.4863
                0x000000002000b01c        0x8 CMakeFiles/experimental_schools_computer.dir/tree/downloaded_tools/pico/pico-sdk/src/rp2_common/pico_stdio_uart/stdio_uart.c.obj
 .rodata._resetd_driver
                0x000000002000b024       0x18 CMakeFiles/experimental_schools_computer.dir/tree/downloaded_tools/pico/pico-sdk/src/rp2_common/pico_stdio_usb/reset_interface.c.obj
 .rodata.str1.4
                0x000000002000b03c       0x13 CMakeFiles/experimental_schools_computer.dir/tree/downloaded_tools/pico/pico-sdk/src/rp2_common/pico_stdio_usb/stdio_usb.c.obj
 *fill*         0x000000002000b04f        0x1 
 .rodata.__bi_118.7207
                0x000000002000b050        0xc CMakeFiles/experimental_schools_computer.dir/tree/downloaded_tools/pico/pico-sdk/src/rp2_common/pico_stdio_usb/stdio_usb.c.obj
 .rodata.str1.4
                0x000000002000b05c       0x2a CMakeFiles/experimental_schools_computer.dir/tree/downloaded_tools/pico/pico-sdk/src/rp2_common/pico_stdio_usb/stdio_usb_descriptors.c.obj
 *fill*         0x000000002000b086        0x2 
 .rodata.usbd_desc_cfg
                0x000000002000b088       0x54 CMakeFiles/experimental_schools_computer.dir/tree/downloaded_tools/pico/pico-sdk/src/rp2_common/pico_stdio_usb/stdio_usb_descriptors.c.obj
 .rodata.usbd_desc_device
                0x000000002000b0dc       0x12 CMakeFiles/experimental_schools_computer.dir/tree/downloaded_tools/pico/pico-sdk/src/rp2_common/pico_stdio_usb/stdio_usb_descriptors.c.obj
 *fill*         0x000000002000b0ee        0x2 
 .rodata.usbd_desc_str
                0x000000002000b0f0       0x18 CMakeFiles/experimental_schools_computer.dir/tree/downloaded_tools/pico/pico-sdk/src/rp2_common/pico_stdio_usb/stdio_usb_descriptors.c.obj
 .rodata.dcd_rp2040_irq.str1.4
                0x000000002000b108       0x14 CMakeFiles/experimental_schools_computer.dir/tree/downloaded_tools/pico/pico-sdk/lib/tinyusb/src/portable/raspberrypi/rp2040/dcd_rp2040.c.obj
 .rodata._hw_endpoint_buffer_control_update32.part.0.str1.4
                0x000000002000b11c       0x1f CMakeFiles/experimental_schools_computer.dir/tree/downloaded_tools/pico/pico-sdk/lib/tinyusb/src/portable/raspberrypi/rp2040/rp2040_usb.c.obj
 *fill*         0x000000002000b13b        0x1 
 .rodata.hw_endpoint_xfer_continue.str1.4
                0x000000002000b13c       0x29 CMakeFiles/experimental_schools_computer.dir/tree/downloaded_tools/pico/pico-sdk/lib/tinyusb/src/portable/raspberrypi/rp2040/rp2040_usb.c.obj
 .rodata.str1.4
                0x000000002000b165       0x29 CMakeFiles/experimental_schools_computer.dir/tree/downloaded_tools/pico/pico-sdk/lib/tinyusb/src/portable/raspberrypi/rp2040/rp2040_usb.c.obj
                                          0x7 (size before relaxing)
 *fill*         0x000000002000b165        0x3 
 .rodata.tud_task
                0x000000002000b168       0x8c CMakeFiles/experimental_schools_computer.dir/tree/downloaded_tools/pico/pico-sdk/lib/tinyusb/src/device/usbd.c.obj
 .rodata._usbd_driver
                0x000000002000b1f4       0x18 CMakeFiles/experimental_schools_computer.dir/tree/downloaded_tools/pico/pico-sdk/lib/tinyusb/src/device/usbd.c.obj
                0x000000002000b20c                . = ALIGN (0x4)
 *(.data*)
 .data.esc_fsm  0x000000002000b20c       0x10 CMakeFiles/experimental_schools_computer.dir/experimental_schools_computer.c.obj
                0x000000002000b20c                esc_fsm
 .data.esc_table
                0x000000002000b21c      0x200 CMakeFiles/experimental_schools_computer.dir/experimental_schools_computer.c.obj
                0x000000002000b21c                esc_table
 .data.key_map  0x000000002000b41c       0xe0 CMakeFiles/experimental_schools_computer.dir/experimental_schools_computer.c.obj
                0x000000002000b41c                key_map
 .data.serial_cmds
                0x000000002000b4fc      0x180 CMakeFiles/experimental_schools_computer.dir/experimental_schools_computer.c.obj
                0x000000002000b4fc                serial_cmds
 .data.sw_bcd_test
                0x000000002000b67c       0x9c CMakeFiles/experimental_schools_computer.dir/experimental_schools_computer.c.obj
                0x000000002000b67c                sw_bcd_test
 .data.i2c_bus_0
                0x000000002000b718        0x4 CMakeFiles/experimental_schools_computer.dir/oled.c.obj
                0x000000002000b718                i2c_bus_0
 .data.oled0    0x000000002000b71c        0x8 CMakeFiles/experimental_schools_computer.dir/oled.c.obj
                0x000000002000b71c                oled0
 .data.striped_spin_lock_num
                0x000000002000b724        0x1 CMakeFiles/experimental_schools_computer.dir/tree/downloaded_tools/pico/pico-sdk/src/rp2_common/hardware_sync/sync.c.obj
 *fill*         0x000000002000b725        0x3 
 .data          0x000000002000b728       0x48 CMakeFiles/experimental_schools_computer.dir/tree/downloaded_tools/pico/pico-sdk/src/rp2_common/hardware_irq/irq_handler_chain.S.obj
                0x000000002000b728                irq_handler_chain_slots
                0x000000002000b758                irq_handler_chain_first_slot
                0x000000002000b762                irq_handler_chain_remove_tail
 .data.default_alarm_pool
                0x000000002000b770       0x18 CMakeFiles/experimental_schools_computer.dir/tree/downloaded_tools/pico/pico-sdk/src/common/pico_time/time.c.obj
 .data.default_alarm_pool_heap
                0x000000002000b788       0x10 CMakeFiles/experimental_schools_computer.dir/tree/downloaded_tools/pico/pico-sdk/src/common/pico_time/time.c.obj
 *fill*         0x000000002000b798        0x8 
 .data.aeabi_bits_funcs
                0x000000002000b7a0       0x10 CMakeFiles/experimental_schools_computer.dir/tree/downloaded_tools/pico/pico-sdk/src/rp2_common/pico_bit_ops/bit_ops_aeabi.S.obj
                0x000000002000b7a0                aeabi_bits_funcs
                0x000000002000b7b0                aeabi_bits_funcs_end
 .data.aeabi_mem_funcs
                0x000000002000b7b0       0x10 CMakeFiles/experimental_schools_computer.dir/tree/downloaded_tools/pico/pico-sdk/src/rp2_common/pico_mem_ops/mem_ops_aeabi.S.obj
                0x000000002000b7b0                aeabi_mem_funcs
                0x000000002000b7c0                aeabi_mem_funcs_end
 .data.stdio_uart
                0x000000002000b7c0       0x14 CMakeFiles/experimental_schools_computer.dir/tree/downloaded_tools/pico/pico-sdk/src/rp2_common/pico_stdio_uart/stdio_uart.c.obj
                0x000000002000b7c0                stdio_uart
 .data.stdio_usb
                0x000000002000b7d4       0x14 CMakeFiles/experimental_schools_computer.dir/tree/downloaded_tools/pico/pico-sdk/src/rp2_common/pico_stdio_usb/stdio_usb.c.obj
                0x000000002000b7d4                stdio_usb
 .data.ep_dir_string
                0x000000002000b7e8        0x8 CMakeFiles/experimental_schools_computer.dir/tree/downloaded_tools/pico/pico-sdk/lib/tinyusb/src/portable/raspberrypi/rp2040/rp2040_usb.c.obj
                0x000000002000b7e8                ep_dir_string
 .data._usbd_qdef
                0x000000002000b7f0       0x24 CMakeFiles/experimental_schools_computer.dir/tree/downloaded_tools/pico/pico-sdk/lib/tinyusb/src/device/usbd.c.obj
                0x000000002000b7f0                _usbd_qdef
                0x000000002000b814                . = ALIGN (0x4)
 *(.after_data.*)
                0x000000002000b814                . = ALIGN (0x4)