Archive member included to satisfy reference by file (symbol)

/usr/lib/gcc/arm-none-eabi/9.2.1/thumb/v6-m/nofp/libgcc.a(_dvmd_tls.o)
                              CMakeFiles/experimental_schools_computer.dir/tree/downloaded_tools/pico/pico-sdk/src/rp2_common/pico_divider/divider.S.obj (__aeabi_idiv0)
/usr/lib/gcc/arm-none-eabi/9.2.1/../../../arm-none-eabi/lib/thumb/v6-m/nofp/libc.a(lib_a-atexit.o)
                              /usr/lib/gcc/arm-none-eabi/9.2.1/../../../arm-none-eabi/lib/thumb/v6-m/nofp/crt0.o (atexit)
/usr/lib/gcc/arm-none-eabi/9.2.1/../../../arm-none-eabi/lib/thumb/v6-m/nofp/libc.a(lib_a-calloc.o)
                              CMakeFiles/experimental_schools_computer.dir/tree/downloaded_tools/pico/pico-sdk/src/rp2_common/pico_malloc/pico_malloc.c.obj (calloc)
/usr/lib/gcc/arm-none-eabi/9.2.1/../../../arm-none-eabi/lib/thumb/v6-m/nofp/libc.a(lib_a-callocr.o)
                              /usr/lib/gcc/arm-none-eabi/9.2.1/../../../arm-none-eabi/lib/thumb/v6-m/nofp/libc.a(lib_a-calloc.o) (_calloc_r)
/usr/lib/gcc/arm-none-eabi/9.2.1/../../../arm-none-eabi/lib/thumb/v6-m/nofp/libc.a(lib_a-fini.o)
                              /usr/lib/gcc/arm-none-eabi/9.2.1/../../../arm-none-eabi/lib/thumb/v6-m/nofp/crt0.o (__libc_fini_array)
/usr/lib/gcc/arm-none-eabi/9.2.1/../../../arm-none-eabi/lib/thumb/v6-m/nofp/libc.a(lib_a-impure.o)
                              /usr/lib/gcc/arm-none-eabi/9.2.1/../../../arm-none-eabi/lib/thumb/v6-m/nofp/libc.a(lib_a-calloc.o) (_impure_ptr)
/usr/lib/gcc/arm-none-eabi/9.2.1/../../../arm-none-eabi/lib/thumb/v6-m/nofp/libc.a(lib_a-init.o)
                              /usr/lib/gcc/arm-none-eabi/9.2.1/../../../arm-none-eabi/lib/thumb/v6-m/nofp/crt0.o (__libc_init_array)
/usr/lib/gcc/arm-none-eabi/9.2.1/../../../arm-none-eabi/lib/thumb/v6-m/nofp/libc.a(lib_a-malloc.o)
                              CMakeFiles/experimental_schools_computer.dir/tree/downloaded_tools/pico/pico-sdk/src/rp2_common/pico_malloc/pico_malloc.c.obj (malloc)
/usr/lib/gcc/arm-none-eabi/9.2.1/../../../arm-none-eabi/lib/thumb/v6-m/nofp/libc.a(lib_a-mallocr.o)
                              /usr/lib/gcc/arm-none-eabi/9.2.1/../../../arm-none-eabi/lib/thumb/v6-m/nofp/libc.a(lib_a-callocr.o) (_malloc_r)
/usr/lib/gcc/arm-none-eabi/9.2.1/../../../arm-none-eabi/lib/thumb/v6-m/nofp/libc.a(lib_a-mlock.o)
                              /usr/lib/gcc/arm-none-eabi/9.2.1/../../../arm-none-eabi/lib/thumb/v6-m/nofp/libc.a(lib_a-mallocr.o) (__malloc_lock)
/usr/lib/gcc/arm-none-eabi/9.2.1/../../../arm-none-eabi/lib/thumb/v6-m/nofp/libc.a(lib_a-realloc.o)
                              CMakeFiles/experimental_schools_computer.dir/tree/downloaded_tools/pico/pico-sdk/src/rp2_common/pico_malloc/pico_malloc.c.obj (realloc)
/usr/lib/gcc/arm-none-eabi/9.2.1/../../../arm-none-eabi/lib/thumb/v6-m/nofp/libc.a(lib_a-reallocr.o)
                              /usr/lib/gcc/arm-none-eabi/9.2.1/../../../arm-none-eabi/lib/thumb/v6-m/nofp/libc.a(lib_a-realloc.o) (_realloc_r)
/usr/lib/gcc/arm-none-eabi/9.2.1/../../../arm-none-eabi/lib/thumb/v6-m/nofp/libc.a(lib_a-sbrkr.o)
                              /usr/lib/gcc/arm-none-eabi/9.2.1/../../../arm-none-eabi/lib/thumb/v6-m/nofp/libc.a(lib_a-mallocr.o) (_sbrk_r)
/usr/lib/gcc/arm-none-eabi/9.2.1/../../../arm-none-eabi/lib/thumb/v6-m/nofp/libc.a(lib_a-stpcpy.o)
                              CMakeFiles/experimental_schools_computer.dir/experimental_schools_computer.c.obj (stpcpy)
/usr/lib/gcc/arm-none-eabi/9.2.1/../../../arm-none-eabi/lib/thumb/v6-m/nofp/libc.a(lib_a-strcat.o)
                              CMakeFiles/experimental_schools_computer.dir/experimental_schools_computer.c.obj (strcat)
/usr/lib/gcc/arm-none-eabi/9.2.1/../../../arm-none-eabi/lib/thumb/v6-m/nofp/libc.a(lib_a-strcpy.o)
                              CMakeFiles/experimental_schools_computer.dir/experimental_schools_computer.c.obj (strcpy)
/usr/lib/gcc/arm-none-eabi/9.2.1/../../../arm-none-eabi/lib/thumb/v6-m/nofp/libc.a(lib_a-strlen-stub.o)
                              CMakeFiles/experimental_schools_computer.dir/experimental_schools_computer.c.obj (strlen)
/usr/lib/gcc/arm-none-eabi/9.2.1/../../../arm-none-eabi/lib/thumb/v6-m/nofp/libc.a(lib_a-__atexit.o)
                              /usr/lib/gcc/arm-none-eabi/9.2.1/../../../arm-none-eabi/lib/thumb/v6-m/nofp/libc.a(lib_a-atexit.o) (__register_exitproc)
/usr/lib/gcc/arm-none-eabi/9.2.1/../../../arm-none-eabi/lib/thumb/v6-m/nofp/libc.a(lib_a-freer.o)
                              /usr/lib/gcc/arm-none-eabi/9.2.1/../../../arm-none-eabi/lib/thumb/v6-m/nofp/libc.a(lib_a-malloc.o) (_free_r)
/usr/lib/gcc/arm-none-eabi/9.2.1/../../../arm-none-eabi/lib/thumb/v6-m/nofp/libc.a(lib_a-memmove.o)
                              /usr/lib/gcc/arm-none-eabi/9.2.1/../../../arm-none-eabi/lib/thumb/v6-m/nofp/libc.a(lib_a-reallocr.o) (memmove)
/usr/lib/gcc/arm-none-eabi/9.2.1/../../../arm-none-eabi/lib/thumb/v6-m/nofp/libc.a(lib_a-reent.o)
[...]
Memory Configuration

Name             Origin             Length             Attributes
FLASH            0x0000000010000000 0x0000000000200000 xr
RAM              0x0000000020000000 0x0000000000040000 xrw
SCRATCH_X        0x0000000020040000 0x0000000000001000 xrw
SCRATCH_Y        0x0000000020041000 0x0000000000001000 xrw
*default*        0x0000000000000000 0xffffffffffffffff

Linker script and memory map

LOAD /usr/lib/gcc/arm-none-eabi/9.2.1/thumb/v6-m/nofp/crti.o
LOAD /usr/lib/gcc/arm-none-eabi/9.2.1/thumb/v6-m/nofp/crtbegin.o
LOAD /usr/lib/gcc/arm-none-eabi/9.2.1/../../../arm-none-eabi/lib/thumb/v6-m/nofp/crt0.o

.flash_begin    0x0000000010000000        0x0
                0x0000000010000000                __flash_binary_start = .

.boot2          0x0000000010000000      0x100
                0x0000000010000000                __boot2_start__ = .
 *(.boot2)
 .boot2         0x0000000010000000      0x100 /tmp/ccYqvBkf.o
                0x0000000010000100                __boot2_end__ = .
                0x0000000000000001                ASSERT (((__boot2_end__ - __boot2_start__) == 0x100), ERROR: Pico second stage bootloader must be 256 bytes in size)

.flashtext      0x0000000010000100      0x1e0
                0x0000000010000100                __logical_binary_start = .
 *(.vectors)
 .vectors       0x0000000010000100       0xd4 CMakeFiles/experimental_schools_computer.dir/tree/downloaded_tools/pico/pico-sdk/src/rp2_common/pico_standard_link/crt0.S.obj
                0x0000000010000100                __vectors
                0x0000000010000100                __VECTOR_TABLE
                0x00000000100001c0                isr_invalid
                0x00000000100001c0                __default_isrs_start
                0x00000000100001c2                isr_nmi
                0x00000000100001c4                isr_hardfault
                0x00000000100001c6                isr_svcall
                0x00000000100001c8                isr_pendsv
                0x00000000100001ca                isr_systick
                0x00000000100001cc                isr_irq30
                0x00000000100001cc                __unhandled_user_irq
                0x00000000100001cc                isr_irq13
                0x00000000100001cc                isr_irq27
                0x00000000100001cc                isr_irq31
                0x00000000100001cc                isr_irq5
                0x00000000100001cc                isr_irq11
                0x00000000100001cc                isr_irq23
                0x00000000100001cc                isr_irq18
                0x00000000100001cc                isr_irq28
                0x00000000100001cc                isr_irq19
                0x00000000100001cc                isr_irq0
                0x00000000100001cc                isr_irq6
                0x00000000100001cc                isr_irq22
                0x00000000100001cc                isr_irq17
                0x00000000100001cc                isr_irq14
                0x00000000100001cc                isr_irq2
                0x00000000100001cc                isr_irq10
                0x00000000100001cc                isr_irq8
                0x00000000100001cc                isr_irq24
                0x00000000100001cc                isr_irq1
                0x00000000100001cc                isr_irq7
                0x00000000100001cc                isr_irq21
                0x00000000100001cc                isr_irq20
                0x00000000100001cc                isr_irq15
                0x00000000100001cc                isr_irq25
                0x00000000100001cc                isr_irq4
                0x00000000100001cc                isr_irq16
                0x00000000100001cc                isr_irq29
                0x00000000100001cc                isr_irq26
                0x00000000100001cc                __default_isrs_end
                0x00000000100001cc                isr_irq3
                0x00000000100001cc                isr_irq12
                0x00000000100001cc                isr_irq9
                0x00000000100001d2                unhandled_user_irq_num_in_r0
 *(.binary_info_header)
 .binary_info_header
                0x00000000100001d4       0x14 CMakeFiles/experimental_schools_computer.dir/tree/downloaded_tools/pico/pico-sdk/src/rp2_common/pico_standard_link/crt0.S.obj
                0x00000000100001e8                __binary_info_header_end = .
 *(.reset)
 .reset         0x00000000100001e8       0xb4 CMakeFiles/experimental_schools_computer.dir/tree/downloaded_tools/pico/pico-sdk/src/rp2_common/pico_standard_link/crt0.S.obj
                0x00000000100001e8                _entry_point
                0x0000000010000272                __get_current_exception
 *fill*         0x000000001000029c        0x4 
 .reset.__stub  0x00000000100002a0       0x10 linker stubs
 .reset         0x00000000100002b0       0x30 CMakeFiles/experimental_schools_computer.dir/tree/downloaded_tools/pico/pico-sdk/src/rp2_common/pico_standard_link/binary_info.c.obj

.rodata         0x00000000100002e0        0x0
 *(SORT_BY_ALIGNMENT(SORT_BY_NAME(.flashdata*)))
                0x00000000100002e0                . = ALIGN (0x4)

.ARM.extab
 *(.ARM.extab* .gnu.linkonce.armextab.*)
                0x00000000100002e0                __exidx_start = .

.ARM.exidx
 *(.ARM.exidx* .gnu.linkonce.armexidx.*)
                0x00000000100002e0                __exidx_end = .
                0x00000000100002e0                . = ALIGN (0x4)
                0x00000000100002e0                __binary_info_start = .

.binary_info    0x00000000100002e0       0x2c
 *(.binary_info.keep.*)
 .binary_info.keep.__bi_ptr22
                0x00000000100002e0        0x4 CMakeFiles/experimental_schools_computer.dir/tree/downloaded_tools/pico/pico-sdk/src/rp2_common/pico_standard_link/binary_info.c.obj
 .binary_info.keep.__bi_ptr30
                0x00000000100002e4        0x4 CMakeFiles/experimental_schools_computer.dir/tree/downloaded_tools/pico/pico-sdk/src/rp2_common/pico_standard_link/binary_info.c.obj
 .binary_info.keep.__bi_ptr38
                0x00000000100002e8        0x4 CMakeFiles/experimental_schools_computer.dir/tree/downloaded_tools/pico/pico-sdk/src/rp2_common/pico_standard_link/binary_info.c.obj
 .binary_info.keep.__bi_ptr44
                0x00000000100002ec        0x4 CMakeFiles/experimental_schools_computer.dir/tree/downloaded_tools/pico/pico-sdk/src/rp2_common/pico_standard_link/binary_info.c.obj
 .binary_info.keep.__bi_ptr50
                0x00000000100002f0        0x4 CMakeFiles/experimental_schools_computer.dir/tree/downloaded_tools/pico/pico-sdk/src/rp2_common/pico_standard_link/binary_info.c.obj
 .binary_info.keep.__bi_ptr56
                0x00000000100002f4        0x4 CMakeFiles/experimental_schools_computer.dir/tree/downloaded_tools/pico/pico-sdk/src/rp2_common/pico_standard_link/binary_info.c.obj
 .binary_info.keep.__bi_ptr75
                0x00000000100002f8        0x4 CMakeFiles/experimental_schools_computer.dir/tree/downloaded_tools/pico/pico-sdk/src/rp2_common/pico_standard_link/binary_info.c.obj
 .binary_info.keep.__bi_ptr81
                0x00000000100002fc        0x4 CMakeFiles/experimental_schools_computer.dir/tree/downloaded_tools/pico/pico-sdk/src/rp2_common/pico_standard_link/binary_info.c.obj
 *(.binary_info.*)
 .binary_info.__bi_ptr28
                0x0000000010000300        0x4 CMakeFiles/experimental_schools_computer.dir/tree/downloaded_tools/pico/pico-sdk/src/rp2_common/pico_stdio_uart/stdio_uart.c.obj
 .binary_info.__bi_ptr29
                0x0000000010000304        0x4 CMakeFiles/experimental_schools_computer.dir/tree/downloaded_tools/pico/pico-sdk/src/rp2_common/pico_stdio_uart/stdio_uart.c.obj
 .binary_info.__bi_ptr118
                0x0000000010000308        0x4 CMakeFiles/experimental_schools_computer.dir/tree/downloaded_tools/pico/pico-sdk/src/rp2_common/pico_stdio_usb/stdio_usb.c.obj
                0x000000001000030c                __binary_info_end = .
                0x000000001000030c                . = ALIGN (0x4)

.ram_vector_table
                0x0000000020000000       0xc0
 *(.ram_vector_table)
 .ram_vector_table
                0x0000000020000000       0xc0 CMakeFiles/experimental_schools_computer.dir/tree/downloaded_tools/pico/pico-sdk/src/rp2_common/pico_runtime/runtime.c.obj
                0x0000000020000000                ram_vector_table

.text           0x00000000200000c0     0x8188 load address 0x000000001000030c
                0x00000000200000c0                __ram_text_start__ = .
 *(.init)
 .init          0x00000000200000c0        0x4 /usr/lib/gcc/arm-none-eabi/9.2.1/thumb/v6-m/nofp/crti.o
                0x00000000200000c0                _init
 *(.text*)
 .text          0x00000000200000c4       0x98 /usr/lib/gcc/arm-none-eabi/9.2.1/thumb/v6-m/nofp/crtbegin.o
 .text.null_entry_fn
                0x000000002000015c        0x4 CMakeFiles/experimental_schools_computer.dir/experimental_schools_computer.c.obj
                0x000000002000015c                null_entry_fn
 .text.state_esc_load_addr
                0x0000000020000160       0x18 CMakeFiles/experimental_schools_computer.dir/experimental_schools_computer.c.obj
                0x0000000020000160                state_esc_load_addr
 .text.state_esc_load_store
                0x0000000020000178       0x1c CMakeFiles/experimental_schools_computer.dir/experimental_schools_computer.c.obj
                0x0000000020000178                state_esc_load_store
 .text.state_esc_incr_addr
                0x0000000020000194       0x18 CMakeFiles/experimental_schools_computer.dir/experimental_schools_computer.c.obj
                0x0000000020000194                state_esc_incr_addr
 .text.state_esc_decr_addr
                0x00000000200001ac       0x18 CMakeFiles/experimental_schools_computer.dir/experimental_schools_computer.c.obj
                0x00000000200001ac                state_esc_decr_addr
 .text.state_esc_load_iar
                0x00000000200001c4       0x14 CMakeFiles/experimental_schools_computer.dir/experimental_schools_computer.c.obj
                0x00000000200001c4                state_esc_load_iar
 .text.state_esc_numeric
                0x00000000200001d8       0x18 CMakeFiles/experimental_schools_computer.dir/experimental_schools_computer.c.obj
                0x00000000200001d8                state_esc_numeric
 .text.state_esc_normal_reset
                0x00000000200001f0       0x48 CMakeFiles/experimental_schools_computer.dir/experimental_schools_computer.c.obj
                0x00000000200001f0                state_esc_normal_reset
 .text.state_esc_c_disp
                0x0000000020000238        0x4 CMakeFiles/experimental_schools_computer.dir/experimental_schools_computer.c.obj
                0x0000000020000238                state_esc_c_disp
 .text.cli_dump_store
                0x000000002000023c       0x4c CMakeFiles/experimental_schools_computer.dir/experimental_schools_computer.c.obj
                0x000000002000023c                cli_dump_store
 .text.serial_help
                0x0000000020000288       0x3c CMakeFiles/experimental_schools_computer.dir/experimental_schools_computer.c.obj
                0x0000000020000288                serial_help
 .text.cli_digit
                0x00000000200002c4       0x20 CMakeFiles/experimental_schools_computer.dir/experimental_schools_computer.c.obj
                0x00000000200002c4                cli_digit
 .text.cli_key_a
                0x00000000200002e4        0xc CMakeFiles/experimental_schools_computer.dir/experimental_schools_computer.c.obj
                0x00000000200002e4                cli_key_a
 .text.cli_key_b
                0x00000000200002f0        0xc CMakeFiles/experimental_schools_computer.dir/experimental_schools_computer.c.obj
                0x00000000200002f0                cli_key_b
 .text.cli_key_c
                0x00000000200002fc        0xc CMakeFiles/experimental_schools_computer.dir/experimental_schools_computer.c.obj
                0x00000000200002fc                cli_key_c
 .text.cli_normal_reset
                0x0000000020000308        0xc CMakeFiles/experimental_schools_computer.dir/experimental_schools_computer.c.obj
                0x0000000020000308                cli_normal_reset
 .text.cli_load_iar
                0x0000000020000314        0xc CMakeFiles/experimental_schools_computer.dir/experimental_schools_computer.c.obj
                0x0000000020000314                cli_load_iar
 .text.cli_incr_addr
                0x0000000020000320        0xc CMakeFiles/experimental_schools_computer.dir/experimental_schools_computer.c.obj
                0x0000000020000320                cli_incr_addr
 .text.cli_decr_addr
                0x000000002000032c        0xc CMakeFiles/experimental_schools_computer.dir/experimental_schools_computer.c.obj
                0x000000002000032c                cli_decr_addr
 .text.cli_load_addr
                0x0000000020000338        0xc CMakeFiles/experimental_schools_computer.dir/experimental_schools_computer.c.obj
                0x0000000020000338                cli_load_addr
 .text.cli_load_store
                0x0000000020000344        0xc CMakeFiles/experimental_schools_computer.dir/experimental_schools_computer.c.obj
                0x0000000020000344                cli_load_store
 .text.null_every_fn
                0x0000000020000350        0x4 CMakeFiles/experimental_schools_computer.dir/experimental_schools_computer.c.obj
                0x0000000020000350                null_every_fn
 .text.cli_boot_mass
                0x0000000020000354       0x14 CMakeFiles/experimental_schools_computer.dir/experimental_schools_computer.c.obj
                0x0000000020000354                cli_boot_mass
 .text.cli_dump
                0x0000000020000368      0x1fc CMakeFiles/experimental_schools_computer.dir/experimental_schools_computer.c.obj
                0x0000000020000368                cli_dump
 .text.update_display.part.0.constprop.0
                0x0000000020000564      0x2b4 CMakeFiles/experimental_schools_computer.dir/experimental_schools_computer.c.obj
 .text.state_esc_b_disp
                0x0000000020000818       0xe4 CMakeFiles/experimental_schools_computer.dir/experimental_schools_computer.c.obj
                0x0000000020000818                state_esc_b_disp
 .text.state_esc_a_disp
                0x00000000200008fc      0x114 CMakeFiles/experimental_schools_computer.dir/experimental_schools_computer.c.obj
                0x00000000200008fc                state_esc_a_disp
 .text.startup.main
                0x0000000020000a10      0x14c CMakeFiles/experimental_schools_computer.dir/experimental_schools_computer.c.obj
                0x0000000020000a10                main
 .text.do_fsm_core
                0x0000000020000b5c       0xd8 CMakeFiles/experimental_schools_computer.dir/fsms.c.obj
                0x0000000020000b5c                do_fsm_core
 .text.do_fsm   0x0000000020000c34       0x20 CMakeFiles/experimental_schools_computer.dir/fsms.c.obj
                0x0000000020000c34                do_fsm
 .text.queue_token
                0x0000000020000c54       0x3c CMakeFiles/experimental_schools_computer.dir/fsms.c.obj
                0x0000000020000c54                queue_token
 .text.unqueue_token
                0x0000000020000c90       0x30 CMakeFiles/experimental_schools_computer.dir/fsms.c.obj
                0x0000000020000c90                unqueue_token
 .text.token_queue_empty
                0x0000000020000cc0       0x18 CMakeFiles/experimental_schools_computer.dir/fsms.c.obj
                0x0000000020000cc0                token_queue_empty
 .text.match_token
                0x0000000020000cd8       0x24 CMakeFiles/experimental_schools_computer.dir/match_token.c.obj
                0x0000000020000cd8                match_token
 .text.set_sys_clock_pll
                0x0000000020000cfc       0x78 CMakeFiles/experimental_schools_computer.dir/tree/downloaded_tools/pico/pico-sdk/src/rp2_common/pico_stdlib/stdlib.c.obj
                0x0000000020000cfc                set_sys_clock_pll
 .text.check_sys_clock_khz
                0x0000000020000d74      0x16c CMakeFiles/experimental_schools_computer.dir/tree/downloaded_tools/pico/pico-sdk/src/rp2_common/pico_stdlib/stdlib.c.obj
                0x0000000020000d74                check_sys_clock_khz
 .text.gpio_set_function
                0x0000000020000ee0       0x30 CMakeFiles/experimental_schools_computer.dir/tree/downloaded_tools/pico/pico-sdk/src/rp2_common/hardware_gpio/gpio.c.obj
                0x0000000020000ee0                gpio_set_function
 .text.hw_claim_or_assert
                0x0000000020000f10       0x48 CMakeFiles/experimental_schools_computer.dir/tree/downloaded_tools/pico/pico-sdk/src/rp2_common/hardware_claim/claim.c.obj
                0x0000000020000f10                hw_claim_or_assert
 .text.hw_claim_unused_from_range
                0x0000000020000f58       0x9c CMakeFiles/experimental_schools_computer.dir/tree/downloaded_tools/pico/pico-sdk/src/rp2_common/hardware_claim/claim.c.obj
                0x0000000020000f58                hw_claim_unused_from_range
 .text.running_on_fpga
                0x0000000020000ff4       0x10 CMakeFiles/experimental_schools_computer.dir/tree/downloaded_tools/pico/pico-sdk/src/rp2_common/pico_platform/platform.c.obj
                0x0000000020000ff4                running_on_fpga
 .text.spin_locks_reset
                0x0000000020001004       0x1c CMakeFiles/experimental_schools_computer.dir/tree/downloaded_tools/pico/pico-sdk/src/rp2_common/hardware_sync/sync.c.obj
                0x0000000020001004                spin_locks_reset
 .text.next_striped_spin_lock_num
                0x0000000020001020       0x18 CMakeFiles/experimental_schools_computer.dir/tree/downloaded_tools/pico/pico-sdk/src/rp2_common/hardware_sync/sync.c.obj
                0x0000000020001020                next_striped_spin_lock_num
 .text.spin_lock_claim_unused
                0x0000000020001038       0x20 CMakeFiles/experimental_schools_computer.dir/tree/downloaded_tools/pico/pico-sdk/src/rp2_common/hardware_sync/sync.c.obj
                0x0000000020001038                spin_lock_claim_unused
 .text.irq_set_enabled
                0x0000000020001058       0x24 CMakeFiles/experimental_schools_computer.dir/tree/downloaded_tools/pico/pico-sdk/src/rp2_common/hardware_irq/irq.c.obj
                0x0000000020001058                irq_set_enabled
 .text.irq_set_pending
                0x000000002000107c       0x10 CMakeFiles/experimental_schools_computer.dir/tree/downloaded_tools/pico/pico-sdk/src/rp2_common/hardware_irq/irq.c.obj
                0x000000002000107c                irq_set_pending
 .text.irq_has_shared_handler
                0x000000002000108c       0x2c CMakeFiles/experimental_schools_computer.dir/tree/downloaded_tools/pico/pico-sdk/src/rp2_common/hardware_irq/irq.c.obj
                0x000000002000108c                irq_has_shared_handler
 .text.irq_get_vtable_handler
                0x00000000200010b8       0x10 CMakeFiles/experimental_schools_computer.dir/tree/downloaded_tools/pico/pico-sdk/src/rp2_common/hardware_irq/irq.c.obj
                0x00000000200010b8                irq_get_vtable_handler
 .text.irq_set_exclusive_handler
                0x00000000200010c8       0x54 CMakeFiles/experimental_schools_computer.dir/tree/downloaded_tools/pico/pico-sdk/src/rp2_common/hardware_irq/irq.c.obj
                0x00000000200010c8                irq_set_exclusive_handler
 .text.irq_add_shared_handler
                0x000000002000111c      0x1c0 CMakeFiles/experimental_schools_computer.dir/tree/downloaded_tools/pico/pico-sdk/src/rp2_common/hardware_irq/irq.c.obj
                0x000000002000111c                irq_add_shared_handler
 .text.irq_remove_handler
                0x00000000200012dc      0x1b4 CMakeFiles/experimental_schools_computer.dir/tree/downloaded_tools/pico/pico-sdk/src/rp2_common/hardware_irq/irq.c.obj
                0x00000000200012dc                irq_remove_handler
 .text.irq_add_tail_to_free_list
                0x0000000020001490       0xb8 CMakeFiles/experimental_schools_computer.dir/tree/downloaded_tools/pico/pico-sdk/src/rp2_common/hardware_irq/irq.c.obj
                0x0000000020001490                irq_add_tail_to_free_list
 .text.irq_init_priorities
                0x0000000020001548       0x24 CMakeFiles/experimental_schools_computer.dir/tree/downloaded_tools/pico/pico-sdk/src/rp2_common/hardware_irq/irq.c.obj
                0x0000000020001548                irq_init_priorities
 .text.user_irq_claim_unused
                0x000000002000156c       0x30 CMakeFiles/experimental_schools_computer.dir/tree/downloaded_tools/pico/pico-sdk/src/rp2_common/hardware_irq/irq.c.obj
                0x000000002000156c                user_irq_claim_unused
 .text.lock_init
                0x000000002000159c       0x10 CMakeFiles/experimental_schools_computer.dir/tree/downloaded_tools/pico/pico-sdk/src/common/pico_sync/lock_core.c.obj
                0x000000002000159c                lock_init
 .text.timer_pool_entry_comparator
                0x00000000200015ac       0x34 CMakeFiles/experimental_schools_computer.dir/tree/downloaded_tools/pico/pico-sdk/src/common/pico_time/time.c.obj
                0x00000000200015ac                timer_pool_entry_comparator
 .text.sleep_until_callback
                0x00000000200015e0       0x30 CMakeFiles/experimental_schools_computer.dir/tree/downloaded_tools/pico/pico-sdk/src/common/pico_time/time.c.obj
 .text.alarm_pool_add_alarm_at.constprop.0
                0x0000000020001610      0x128 CMakeFiles/experimental_schools_computer.dir/tree/downloaded_tools/pico/pico-sdk/src/common/pico_time/time.c.obj
 .text.add_alarm_under_lock
                0x0000000020001738      0x108 CMakeFiles/experimental_schools_computer.dir/tree/downloaded_tools/pico/pico-sdk/src/common/pico_time/time.c.obj
 .text.alarm_pool_alarm_callback
                0x0000000020001840      0x1c8 CMakeFiles/experimental_schools_computer.dir/tree/downloaded_tools/pico/pico-sdk/src/common/pico_time/time.c.obj
 .text.alarm_pool_init_default
                0x0000000020001a08       0x64 CMakeFiles/experimental_schools_computer.dir/tree/downloaded_tools/pico/pico-sdk/src/common/pico_time/time.c.obj
                0x0000000020001a08                alarm_pool_init_default
 .text.alarm_pool_get_default
                0x0000000020001a6c        0x8 CMakeFiles/experimental_schools_computer.dir/tree/downloaded_tools/pico/pico-sdk/src/common/pico_time/time.c.obj
                0x0000000020001a6c                alarm_pool_get_default
 .text.alarm_pool_add_alarm_at
                0x0000000020001a74      0x1ac CMakeFiles/experimental_schools_computer.dir/tree/downloaded_tools/pico/pico-sdk/src/common/pico_time/time.c.obj
                0x0000000020001a74                alarm_pool_add_alarm_at
 .text.sleep_until
                0x0000000020001c20       0xac CMakeFiles/experimental_schools_computer.dir/tree/downloaded_tools/pico/pico-sdk/src/common/pico_time/time.c.obj
                0x0000000020001c20                sleep_until
 .text.sleep_ms
                0x0000000020001ccc       0x38 CMakeFiles/experimental_schools_computer.dir/tree/downloaded_tools/pico/pico-sdk/src/common/pico_time/time.c.obj
                0x0000000020001ccc                sleep_ms
 .text.best_effort_wfe_or_timeout
                0x0000000020001d04       0xd4 CMakeFiles/experimental_schools_computer.dir/tree/downloaded_tools/pico/pico-sdk/src/common/pico_time/time.c.obj
                0x0000000020001d04                best_effort_wfe_or_timeout
 .text.hardware_alarm_irq_handler
                0x0000000020001dd8       0xb8 CMakeFiles/experimental_schools_computer.dir/tree/downloaded_tools/pico/pico-sdk/src/rp2_common/hardware_timer/timer.c.obj
 .text.hardware_alarm_claim
                0x0000000020001e90       0x18 CMakeFiles/experimental_schools_computer.dir/tree/downloaded_tools/pico/pico-sdk/src/rp2_common/hardware_timer/timer.c.obj
                0x0000000020001e90                hardware_alarm_claim
 .text.time_us_64
                0x0000000020001ea8       0x14 CMakeFiles/experimental_schools_computer.dir/tree/downloaded_tools/pico/pico-sdk/src/rp2_common/hardware_timer/timer.c.obj
                0x0000000020001ea8                time_us_64
 .text.busy_wait_us
                0x0000000020001ebc       0x54 CMakeFiles/experimental_schools_computer.dir/tree/downloaded_tools/pico/pico-sdk/src/rp2_common/hardware_timer/timer.c.obj
                0x0000000020001ebc                busy_wait_us
 .text.busy_wait_until
                0x0000000020001f10       0x20 CMakeFiles/experimental_schools_computer.dir/tree/downloaded_tools/pico/pico-sdk/src/rp2_common/hardware_timer/timer.c.obj
                0x0000000020001f10                busy_wait_until
 .text.hardware_alarm_set_callback
                0x0000000020001f30       0x8c CMakeFiles/experimental_schools_computer.dir/tree/downloaded_tools/pico/pico-sdk/src/rp2_common/hardware_timer/timer.c.obj
                0x0000000020001f30                hardware_alarm_set_callback
 .text.hardware_alarm_set_target
                0x0000000020001fbc       0xe4 CMakeFiles/experimental_schools_computer.dir/tree/downloaded_tools/pico/pico-sdk/src/rp2_common/hardware_timer/timer.c.obj
                0x0000000020001fbc                hardware_alarm_set_target
 .text.hardware_alarm_cancel
                0x00000000200020a0       0x40 CMakeFiles/experimental_schools_computer.dir/tree/downloaded_tools/pico/pico-sdk/src/rp2_common/hardware_timer/timer.c.obj
                0x00000000200020a0                hardware_alarm_cancel
 .text.ph_merge_nodes
                0x00000000200020e0       0x68 CMakeFiles/experimental_schools_computer.dir/tree/downloaded_tools/pico/pico-sdk/src/common/pico_util/pheap.c.obj
 .text.ph_post_alloc_init
                0x0000000020002148       0x3c CMakeFiles/experimental_schools_computer.dir/tree/downloaded_tools/pico/pico-sdk/src/common/pico_util/pheap.c.obj
                0x0000000020002148                ph_post_alloc_init
 .text.ph_merge_two_pass
                0x0000000020002184       0x90 CMakeFiles/experimental_schools_computer.dir/tree/downloaded_tools/pico/pico-sdk/src/common/pico_util/pheap.c.obj
                0x0000000020002184                ph_merge_two_pass
 .text.ph_remove_any_head
                0x0000000020002214       0xf8 CMakeFiles/experimental_schools_computer.dir/tree/downloaded_tools/pico/pico-sdk/src/common/pico_util/pheap.c.obj
 .text.ph_remove_head
                0x000000002000230c      0x13c CMakeFiles/experimental_schools_computer.dir/tree/downloaded_tools/pico/pico-sdk/src/common/pico_util/pheap.c.obj
                0x000000002000230c                ph_remove_head
 .text.ph_remove_and_free_node
                0x0000000020002448       0x7c CMakeFiles/experimental_schools_computer.dir/tree/downloaded_tools/pico/pico-sdk/src/common/pico_util/pheap.c.obj
                0x0000000020002448                ph_remove_and_free_node
 .text.mutex_init
                0x00000000200024c4       0x1c CMakeFiles/experimental_schools_computer.dir/tree/downloaded_tools/pico/pico-sdk/src/common/pico_sync/mutex.c.obj
                0x00000000200024c4                mutex_init
 .text.recursive_mutex_init
                0x00000000200024e0       0x1c CMakeFiles/experimental_schools_computer.dir/tree/downloaded_tools/pico/pico-sdk/src/common/pico_sync/mutex.c.obj
                0x00000000200024e0                recursive_mutex_init
 .text.critical_section_init
                0x00000000200024fc       0x1c CMakeFiles/experimental_schools_computer.dir/tree/downloaded_tools/pico/pico-sdk/src/common/pico_sync/critical_section.c.obj
                0x00000000200024fc                critical_section_init
 .text.uart_init
                0x0000000020002518       0xe4 CMakeFiles/experimental_schools_computer.dir/tree/downloaded_tools/pico/pico-sdk/src/rp2_common/hardware_uart/uart.c.obj
                0x0000000020002518                uart_init
 .text.runtime_init
                0x00000000200025fc      0x130 CMakeFiles/experimental_schools_computer.dir/tree/downloaded_tools/pico/pico-sdk/src/rp2_common/pico_runtime/runtime.c.obj
                0x00000000200025fc                runtime_init
 .text.exit     0x000000002000272c        0x4 CMakeFiles/experimental_schools_computer.dir/tree/downloaded_tools/pico/pico-sdk/src/rp2_common/pico_runtime/runtime.c.obj
                0x000000002000272c                exit
 .text.panic    0x0000000020002730       0x30 CMakeFiles/experimental_schools_computer.dir/tree/downloaded_tools/pico/pico-sdk/src/rp2_common/pico_runtime/runtime.c.obj
                0x0000000020002730                panic
 .text.hard_assertion_failure
                0x0000000020002760        0xc CMakeFiles/experimental_schools_computer.dir/tree/downloaded_tools/pico/pico-sdk/src/rp2_common/pico_runtime/runtime.c.obj
                0x0000000020002760                hard_assertion_failure
 .text.clock_configure
                0x000000002000276c      0x114 CMakeFiles/experimental_schools_computer.dir/tree/downloaded_tools/pico/pico-sdk/src/rp2_common/hardware_clocks/clocks.c.obj
                0x000000002000276c                clock_configure
 .text.clocks_init
                0x0000000020002880      0x2bc CMakeFiles/experimental_schools_computer.dir/tree/downloaded_tools/pico/pico-sdk/src/rp2_common/hardware_clocks/clocks.c.obj
                0x0000000020002880                clocks_init
 .text.clock_get_hz
                0x0000000020002b3c        0xc CMakeFiles/experimental_schools_computer.dir/tree/downloaded_tools/pico/pico-sdk/src/rp2_common/hardware_clocks/clocks.c.obj
                0x0000000020002b3c                clock_get_hz
 .text.pll_init
                0x0000000020002b48       0xa8 CMakeFiles/experimental_schools_computer.dir/tree/downloaded_tools/pico/pico-sdk/src/rp2_common/hardware_pll/pll.c.obj
                0x0000000020002b48                pll_init
 .text.watchdog_start_tick
                0x0000000020002bf0       0x10 CMakeFiles/experimental_schools_computer.dir/tree/downloaded_tools/pico/pico-sdk/src/rp2_common/hardware_watchdog/watchdog.c.obj
                0x0000000020002bf0                watchdog_start_tick
 .text.watchdog_reboot
                0x0000000020002c00       0x98 CMakeFiles/experimental_schools_computer.dir/tree/downloaded_tools/pico/pico-sdk/src/rp2_common/hardware_watchdog/watchdog.c.obj
                0x0000000020002c00                watchdog_reboot
 .text.xosc_init
                0x0000000020002c98       0x28 CMakeFiles/experimental_schools_computer.dir/tree/downloaded_tools/pico/pico-sdk/src/rp2_common/hardware_xosc/xosc.c.obj
                0x0000000020002c98                xosc_init
 .text._out_buffer
                0x0000000020002cc0        0x8 CMakeFiles/experimental_schools_computer.dir/tree/downloaded_tools/pico/pico-sdk/src/rp2_common/pico_printf/printf.c.obj
 .text._out_null
                0x0000000020002cc8        0x4 CMakeFiles/experimental_schools_computer.dir/tree/downloaded_tools/pico/pico-sdk/src/rp2_common/pico_printf/printf.c.obj
 .text._out_rev
                0x0000000020002ccc       0xd0 CMakeFiles/experimental_schools_computer.dir/tree/downloaded_tools/pico/pico-sdk/src/rp2_common/pico_printf/printf.c.obj
 .text._ntoa_format
                0x0000000020002d9c      0x1d0 CMakeFiles/experimental_schools_computer.dir/tree/downloaded_tools/pico/pico-sdk/src/rp2_common/pico_printf/printf.c.obj
 .text._out_char
                0x0000000020002f6c       0x10 CMakeFiles/experimental_schools_computer.dir/tree/downloaded_tools/pico/pico-sdk/src/rp2_common/pico_printf/printf.c.obj
 .text._out_fct
                0x0000000020002f7c       0x10 CMakeFiles/experimental_schools_computer.dir/tree/downloaded_tools/pico/pico-sdk/src/rp2_common/pico_printf/printf.c.obj
 .text._etoa    0x0000000020002f8c      0x478 CMakeFiles/experimental_schools_computer.dir/tree/downloaded_tools/pico/pico-sdk/src/rp2_common/pico_printf/printf.c.obj
 .text._ftoa    0x0000000020003404      0x3e0 CMakeFiles/experimental_schools_computer.dir/tree/downloaded_tools/pico/pico-sdk/src/rp2_common/pico_printf/printf.c.obj
 .text._vsnprintf
                0x00000000200037e4      0xb08 CMakeFiles/experimental_schools_computer.dir/tree/downloaded_tools/pico/pico-sdk/src/rp2_common/pico_printf/printf.c.obj
 .text.__wrap_sprintf
                0x00000000200042ec       0x28 CMakeFiles/experimental_schools_computer.dir/tree/downloaded_tools/pico/pico-sdk/src/rp2_common/pico_printf/printf.c.obj
                0x00000000200042ec                __wrap_sprintf
 .text.vfctprintf
                0x0000000020004314       0x20 CMakeFiles/experimental_schools_computer.dir/tree/downloaded_tools/pico/pico-sdk/src/rp2_common/pico_printf/printf.c.obj
                0x0000000020004314                vfctprintf
 .text.weak_raw_vprintf
                0x0000000020004334       0x30 CMakeFiles/experimental_schools_computer.dir/tree/downloaded_tools/pico/pico-sdk/src/rp2_common/pico_printf/printf.c.obj
                0x0000000020004334                weak_raw_vprintf
 .text          0x0000000020004364       0x10 CMakeFiles/experimental_schools_computer.dir/tree/downloaded_tools/pico/pico-sdk/src/rp2_common/pico_bit_ops/bit_ops_aeabi.S.obj
 .text.rom_func_lookup
                0x0000000020004374       0x10 CMakeFiles/experimental_schools_computer.dir/tree/downloaded_tools/pico/pico-sdk/src/rp2_common/pico_bootrom/bootrom.c.obj
                0x0000000020004374                rom_func_lookup
 .text.rom_data_lookup
                0x0000000020004384       0x10 CMakeFiles/experimental_schools_computer.dir/tree/downloaded_tools/pico/pico-sdk/src/rp2_common/pico_bootrom/bootrom.c.obj
                0x0000000020004384                rom_data_lookup
 .text.rom_funcs_lookup
                0x0000000020004394       0x3c CMakeFiles/experimental_schools_computer.dir/tree/downloaded_tools/pico/pico-sdk/src/rp2_common/pico_bootrom/bootrom.c.obj
                0x0000000020004394                rom_funcs_lookup
 .text.__wrap___aeabi_idiv
                0x00000000200043d0       0x50 CMakeFiles/experimental_schools_computer.dir/tree/downloaded_tools/pico/pico-sdk/src/rp2_common/pico_divider/divider.S.obj
                0x00000000200043d0                __wrap___aeabi_idivmod
                0x00000000200043d0                divmod_s32s32
                0x00000000200043d0                div_s32s32
                0x00000000200043d0                __wrap___aeabi_idiv
                0x00000000200043d8                divmod_s32s32_unsafe
                0x0000000020004404                divmod_s32s32_savestate
 .text.__wrap___aeabi_uidiv
                0x0000000020004420       0x4c CMakeFiles/experimental_schools_computer.dir/tree/downloaded_tools/pico/pico-sdk/src/rp2_common/pico_divider/divider.S.obj
                0x0000000020004420                __wrap___aeabi_uidiv
                0x0000000020004420                __wrap___aeabi_uidivmod
                0x0000000020004420                div_u32u32
                0x0000000020004420                divmod_u32u32
                0x0000000020004428                divmod_u32u32_unsafe
                0x0000000020004450                divmod_u32u32_savestate
 .text.__wrap___aeabi_ldiv
                0x000000002000446c      0x434 CMakeFiles/experimental_schools_computer.dir/tree/downloaded_tools/pico/pico-sdk/src/rp2_common/pico_divider/divider.S.obj
                0x000000002000446c                div_s64s64
                0x000000002000446c                divmod_s64s64
                0x000000002000446c                __wrap___aeabi_ldivmod
                0x00000000200044a4                div_u64u64
                0x00000000200044a4                divmod_u64u64
                0x00000000200044a4                __wrap___aeabi_uldivmod
                0x00000000200044b4                divmod_u64u64_savestate
                0x00000000200044dc                divmod_s64s64_unsafe
                0x0000000020004564                divmod_u64u64_unsafe
 .text.__wrap___aeabi_darithmetic
                0x00000000200048a0       0x80 CMakeFiles/experimental_schools_computer.dir/tree/downloaded_tools/pico/pico-sdk/src/rp2_common/pico_double/double_aeabi.S.obj
                0x00000000200048a0                __wrap___aeabi_drsub
                0x00000000200048a6                __wrap___aeabi_dsub
                0x00000000200048b8                __wrap___aeabi_dadd
                0x00000000200048ca                __wrap___aeabi_ddiv
                0x0000000020004906                __wrap___aeabi_dmul
 .text.__wrap___aeabi_cdcmple
                0x0000000020004920       0x6c CMakeFiles/experimental_schools_computer.dir/tree/downloaded_tools/pico/pico-sdk/src/rp2_common/pico_double/double_aeabi.S.obj
                0x0000000020004920                __wrap___aeabi_cdrcmple
                0x0000000020004930                __wrap___aeabi_cdcmple
                0x0000000020004930                __wrap___aeabi_cdcmpeq
 .text.__wrap___aeabi_dcmplt
                0x000000002000498c        0xc CMakeFiles/experimental_schools_computer.dir/tree/downloaded_tools/pico/pico-sdk/src/rp2_common/pico_double/double_aeabi.S.obj
                0x000000002000498c                __wrap___aeabi_dcmplt
 .text.__wrap___aeabi_dcmple
                0x0000000020004998       0x10 CMakeFiles/experimental_schools_computer.dir/tree/downloaded_tools/pico/pico-sdk/src/rp2_common/pico_double/double_aeabi.S.obj
                0x0000000020004998                __wrap___aeabi_dcmple
 .text.__wrap___aeabi_dcmpge
                0x00000000200049a8       0x10 CMakeFiles/experimental_schools_computer.dir/tree/downloaded_tools/pico/pico-sdk/src/rp2_common/pico_double/double_aeabi.S.obj
                0x00000000200049a8                __wrap___aeabi_dcmpge
 .text.__wrap___aeabi_dcmpgt
                0x00000000200049b8        0xa CMakeFiles/experimental_schools_computer.dir/tree/downloaded_tools/pico/pico-sdk/src/rp2_common/pico_double/double_aeabi.S.obj
                0x00000000200049b8                __wrap___aeabi_dcmpgt
 .text.__wrap___aeabi_dcmpun
                0x00000000200049c2       0x1c CMakeFiles/experimental_schools_computer.dir/tree/downloaded_tools/pico/pico-sdk/src/rp2_common/pico_double/double_aeabi.S.obj
                0x00000000200049c2                __wrap___aeabi_dcmpun
 *fill*         0x00000000200049de        0x2 
 .text.__wrap___aeabi_i2d
                0x00000000200049e0       0x38 CMakeFiles/experimental_schools_computer.dir/tree/downloaded_tools/pico/pico-sdk/src/rp2_common/pico_double/double_aeabi.S.obj
                0x00000000200049e0                __wrap___aeabi_ui2d
                0x00000000200049e8                __wrap___aeabi_i2d
 .text.__wrap___aeabi_d2iz
                0x0000000020004a18       0x48 CMakeFiles/experimental_schools_computer.dir/tree/downloaded_tools/pico/pico-sdk/src/rp2_common/pico_double/double_aeabi.S.obj
                0x0000000020004a18                __wrap___aeabi_d2iz
                0x0000000020004a18                double2int_z
 .text.__wrap___aeabi_d2uiz
                0x0000000020004a60       0x18 CMakeFiles/experimental_schools_computer.dir/tree/downloaded_tools/pico/pico-sdk/src/rp2_common/pico_double/double_aeabi.S.obj
                0x0000000020004a60                double2uint
                0x0000000020004a60                __wrap___aeabi_d2uiz
 .text.__aeabi_double_init
                0x0000000020004a78       0xc0 CMakeFiles/experimental_schools_computer.dir/tree/downloaded_tools/pico/pico-sdk/src/rp2_common/pico_double/double_init_rom.c.obj
                0x0000000020004a78                __aeabi_double_init
 .text.double_table_shim_on_use_helper
                0x0000000020004b38       0x2c CMakeFiles/experimental_schools_computer.dir/tree/downloaded_tools/pico/pico-sdk/src/rp2_common/pico_double/double_v1_rom_shim.S.obj
                0x0000000020004b38                double_table_shim_on_use_helper
 .text.__wrap___aeabi_dsub
                0x0000000020004b64       0x10 CMakeFiles/experimental_schools_computer.dir/tree/downloaded_tools/pico/pico-sdk/src/rp2_common/pico_double/double_v1_rom_shim.S.obj
                0x0000000020004b64                drsub_shim
                0x0000000020004b6a                dsub_shim
 .text.dadd_shim
                0x0000000020004b74      0x15c CMakeFiles/experimental_schools_computer.dir/tree/downloaded_tools/pico/pico-sdk/src/rp2_common/pico_double/double_v1_rom_shim.S.obj
                0x0000000020004b74                dadd_shim
 .text.dmul_shim
                0x0000000020004cd0      0x15c CMakeFiles/experimental_schools_computer.dir/tree/downloaded_tools/pico/pico-sdk/src/rp2_common/pico_double/double_v1_rom_shim.S.obj
                0x0000000020004cd0                dmul_shim
 .text.ddiv_shim
                0x0000000020004e2c      0x1b0 CMakeFiles/experimental_schools_computer.dir/tree/downloaded_tools/pico/pico-sdk/src/rp2_common/pico_double/double_v1_rom_shim.S.obj
                0x0000000020004e2c                ddiv_shim
 .text.double2uint_shim
                0x0000000020004fdc        0xe CMakeFiles/experimental_schools_computer.dir/tree/downloaded_tools/pico/pico-sdk/src/rp2_common/pico_double/double_v1_rom_shim.S.obj
                0x0000000020004fdc                double2uint_shim
                0x0000000020004fde                double2ufix_shim
 *fill*         0x0000000020004fea        0x2 
 .text.double2uint64_shim
                0x0000000020004fec       0x70 CMakeFiles/experimental_schools_computer.dir/tree/downloaded_tools/pico/pico-sdk/src/rp2_common/pico_double/double_v1_rom_shim.S.obj
                0x0000000020004fec                double2uint64_shim
                0x0000000020004fee                double2ufix64_shim
                0x000000002000500e                d2fix_a
 .text.dunpacks
                0x000000002000505c       0x3c CMakeFiles/experimental_schools_computer.dir/tree/downloaded_tools/pico/pico-sdk/src/rp2_common/pico_double/double_v1_rom_shim.S.obj
                0x000000002000505c                dunpacks
 .text.__aeabi_lmul
                0x0000000020005098       0x32 CMakeFiles/experimental_schools_computer.dir/tree/downloaded_tools/pico/pico-sdk/src/rp2_common/pico_int64_ops/pico_int64_ops_aeabi.S.obj
                0x0000000020005098                __wrap___aeabi_lmul
 *fill*         0x00000000200050ca        0x2 
 .text.__aeabi_float_init
                0x00000000200050cc       0x64 CMakeFiles/experimental_schools_computer.dir/tree/downloaded_tools/pico/pico-sdk/src/rp2_common/pico_float/float_init_rom.c.obj
                0x00000000200050cc                __aeabi_float_init
 .text.float_table_shim_on_use_helper
                0x0000000020005130       0x2c CMakeFiles/experimental_schools_computer.dir/tree/downloaded_tools/pico/pico-sdk/src/rp2_common/pico_float/float_v1_rom_shim.S.obj
                0x0000000020005130                float_table_shim_on_use_helper
 .text          0x000000002000515c       0x10 CMakeFiles/experimental_schools_computer.dir/tree/downloaded_tools/pico/pico-sdk/src/rp2_common/pico_mem_ops/mem_ops_aeabi.S.obj
                0x000000002000515c                __aeabi_mem_init
 .text.memset   0x000000002000516c        0xc CMakeFiles/experimental_schools_computer.dir/tree/downloaded_tools/pico/pico-sdk/src/rp2_common/pico_mem_ops/mem_ops_aeabi.S.obj
                0x000000002000516c                __wrap_memset
 .text.memcpy   0x0000000020005178        0xc CMakeFiles/experimental_schools_computer.dir/tree/downloaded_tools/pico/pico-sdk/src/rp2_common/pico_mem_ops/mem_ops_aeabi.S.obj
                0x0000000020005178                __wrap___aeabi_memcpy
                0x0000000020005178                __wrap_memcpy
 .text.stdio_out_chars_no_crlf
                0x0000000020005184       0x10 CMakeFiles/experimental_schools_computer.dir/tree/downloaded_tools/pico/pico-sdk/src/rp2_common/pico_stdio/stdio.c.obj
 .text.stdio_out_chars_crlf
                0x0000000020005194       0x94 CMakeFiles/experimental_schools_computer.dir/tree/downloaded_tools/pico/pico-sdk/src/rp2_common/pico_stdio/stdio.c.obj
 .text.stdio_buffered_printer
                0x0000000020005228       0x64 CMakeFiles/experimental_schools_computer.dir/tree/downloaded_tools/pico/pico-sdk/src/rp2_common/pico_stdio/stdio.c.obj
 .text.stdio_put_string
                0x000000002000528c      0x100 CMakeFiles/experimental_schools_computer.dir/tree/downloaded_tools/pico/pico-sdk/src/rp2_common/pico_stdio/stdio.c.obj
 .text.__wrap_putchar
                0x000000002000538c       0xa4 CMakeFiles/experimental_schools_computer.dir/tree/downloaded_tools/pico/pico-sdk/src/rp2_common/pico_stdio/stdio.c.obj
                0x000000002000538c                __wrap_putchar
 .text.__wrap_puts
                0x0000000020005430       0x3c CMakeFiles/experimental_schools_computer.dir/tree/downloaded_tools/pico/pico-sdk/src/rp2_common/pico_stdio/stdio.c.obj
                0x0000000020005430                __wrap_puts
 .text.stdio_set_driver_enabled
                0x000000002000546c       0x30 CMakeFiles/experimental_schools_computer.dir/tree/downloaded_tools/pico/pico-sdk/src/rp2_common/pico_stdio/stdio.c.obj
                0x000000002000546c                stdio_set_driver_enabled
 .text.stdio_flush
                0x000000002000549c       0x28 CMakeFiles/experimental_schools_computer.dir/tree/downloaded_tools/pico/pico-sdk/src/rp2_common/pico_stdio/stdio.c.obj
                0x000000002000549c                stdio_flush
 .text.__wrap_vprintf
                0x00000000200054c4       0xd8 CMakeFiles/experimental_schools_computer.dir/tree/downloaded_tools/pico/pico-sdk/src/rp2_common/pico_stdio/stdio.c.obj
                0x00000000200054c4                __wrap_vprintf
 .text.__wrap_printf
                0x000000002000559c       0x18 CMakeFiles/experimental_schools_computer.dir/tree/downloaded_tools/pico/pico-sdk/src/rp2_common/pico_stdio/stdio.c.obj
                0x000000002000559c                __wrap_printf
 .text.stdio_init_all
                0x00000000200055b4        0xc CMakeFiles/experimental_schools_computer.dir/tree/downloaded_tools/pico/pico-sdk/src/rp2_common/pico_stdio/stdio.c.obj
                0x00000000200055b4                stdio_init_all
 .text.getchar_timeout_us
                0x00000000200055c0       0xa4 CMakeFiles/experimental_schools_computer.dir/tree/downloaded_tools/pico/pico-sdk/src/rp2_common/pico_stdio/stdio.c.obj
                0x00000000200055c0                getchar_timeout_us
 .text.stdio_uart_out_chars
                0x0000000020005664       0x4c CMakeFiles/experimental_schools_computer.dir/tree/downloaded_tools/pico/pico-sdk/src/rp2_common/pico_stdio_uart/stdio_uart.c.obj
 .text.stdio_uart_in_chars
                0x00000000200056b0       0x38 CMakeFiles/experimental_schools_computer.dir/tree/downloaded_tools/pico/pico-sdk/src/rp2_common/pico_stdio_uart/stdio_uart.c.obj
                0x00000000200056b0                stdio_uart_in_chars
 .text.stdio_uart_init
                0x00000000200056e8       0x48 CMakeFiles/experimental_schools_computer.dir/tree/downloaded_tools/pico/pico-sdk/src/rp2_common/pico_stdio_uart/stdio_uart.c.obj
                0x00000000200056e8                stdio_uart_init
 .text.resetd_init
                0x0000000020005730        0x4 CMakeFiles/experimental_schools_computer.dir/tree/downloaded_tools/pico/pico-sdk/src/rp2_common/pico_stdio_usb/reset_interface.c.obj
 .text.resetd_reset
                0x0000000020005734        0xc CMakeFiles/experimental_schools_computer.dir/tree/downloaded_tools/pico/pico-sdk/src/rp2_common/pico_stdio_usb/reset_interface.c.obj
 .text.resetd_open
                0x0000000020005740       0x28 CMakeFiles/experimental_schools_computer.dir/tree/downloaded_tools/pico/pico-sdk/src/rp2_common/pico_stdio_usb/reset_interface.c.obj
 .text.resetd_xfer_cb
                0x0000000020005768        0x4 CMakeFiles/experimental_schools_computer.dir/tree/downloaded_tools/pico/pico-sdk/src/rp2_common/pico_stdio_usb/reset_interface.c.obj
 .text.resetd_control_xfer_cb
                0x000000002000576c       0x64 CMakeFiles/experimental_schools_computer.dir/tree/downloaded_tools/pico/pico-sdk/src/rp2_common/pico_stdio_usb/reset_interface.c.obj
 .text.usbd_app_driver_get_cb
                0x00000000200057d0        0xc CMakeFiles/experimental_schools_computer.dir/tree/downloaded_tools/pico/pico-sdk/src/rp2_common/pico_stdio_usb/reset_interface.c.obj
                0x00000000200057d0                usbd_app_driver_get_cb
 .text.tud_cdc_line_coding_cb
                0x00000000200057dc       0x34 CMakeFiles/experimental_schools_computer.dir/tree/downloaded_tools/pico/pico-sdk/src/rp2_common/pico_stdio_usb/reset_interface.c.obj
                0x00000000200057dc                tud_cdc_line_coding_cb
 .text.stdio_usb_in_chars
                0x0000000020005810       0x68 CMakeFiles/experimental_schools_computer.dir/tree/downloaded_tools/pico/pico-sdk/src/rp2_common/pico_stdio_usb/stdio_usb.c.obj
                0x0000000020005810                stdio_usb_in_chars
 .text.stdio_usb_out_chars
                0x0000000020005878       0xec CMakeFiles/experimental_schools_computer.dir/tree/downloaded_tools/pico/pico-sdk/src/rp2_common/pico_stdio_usb/stdio_usb.c.obj
 .text.timer_task
                0x0000000020005964       0x18 CMakeFiles/experimental_schools_computer.dir/tree/downloaded_tools/pico/pico-sdk/src/rp2_common/pico_stdio_usb/stdio_usb.c.obj
 .text.usb_irq  0x000000002000597c       0x10 CMakeFiles/experimental_schools_computer.dir/tree/downloaded_tools/pico/pico-sdk/src/rp2_common/pico_stdio_usb/stdio_usb.c.obj
 .text.low_priority_worker_irq
                0x000000002000598c       0x24 CMakeFiles/experimental_schools_computer.dir/tree/downloaded_tools/pico/pico-sdk/src/rp2_common/pico_stdio_usb/stdio_usb.c.obj
 .text.stdio_usb_init
                0x00000000200059b0       0xb0 CMakeFiles/experimental_schools_computer.dir/tree/downloaded_tools/pico/pico-sdk/src/rp2_common/pico_stdio_usb/stdio_usb.c.obj
                0x00000000200059b0                stdio_usb_init
 .text.tud_descriptor_device_cb
                0x0000000020005a60        0x8 CMakeFiles/experimental_schools_computer.dir/tree/downloaded_tools/pico/pico-sdk/src/rp2_common/pico_stdio_usb/stdio_usb_descriptors.c.obj
                0x0000000020005a60                tud_descriptor_device_cb
 .text.tud_descriptor_configuration_cb
                0x0000000020005a68        0x8 CMakeFiles/experimental_schools_computer.dir/tree/downloaded_tools/pico/pico-sdk/src/rp2_common/pico_stdio_usb/stdio_usb_descriptors.c.obj
                0x0000000020005a68                tud_descriptor_configuration_cb
 .text.tud_descriptor_string_cb
                0x0000000020005a70       0x70 CMakeFiles/experimental_schools_computer.dir/tree/downloaded_tools/pico/pico-sdk/src/rp2_common/pico_stdio_usb/stdio_usb_descriptors.c.obj
                0x0000000020005a70                tud_descriptor_string_cb
 .text.dcd_rp2040_irq
                0x0000000020005ae0      0x21c CMakeFiles/experimental_schools_computer.dir/tree/downloaded_tools/pico/pico-sdk/lib/tinyusb/src/portable/raspberrypi/rp2040/dcd_rp2040.c.obj
 .text.dcd_int_enable
                0x0000000020005cfc        0xc CMakeFiles/experimental_schools_computer.dir/tree/downloaded_tools/pico/pico-sdk/lib/tinyusb/src/portable/raspberrypi/rp2040/dcd_rp2040.c.obj
                0x0000000020005cfc                dcd_int_enable
 .text.dcd_set_address
                0x0000000020005d08       0x14 CMakeFiles/experimental_schools_computer.dir/tree/downloaded_tools/pico/pico-sdk/lib/tinyusb/src/portable/raspberrypi/rp2040/dcd_rp2040.c.obj
                0x0000000020005d08                dcd_set_address
 .text.dcd_connect
                0x0000000020005d1c       0x10 CMakeFiles/experimental_schools_computer.dir/tree/downloaded_tools/pico/pico-sdk/lib/tinyusb/src/portable/raspberrypi/rp2040/dcd_rp2040.c.obj
                0x0000000020005d1c                dcd_connect
 .text.dcd_init
                0x0000000020005d2c      0x148 CMakeFiles/experimental_schools_computer.dir/tree/downloaded_tools/pico/pico-sdk/lib/tinyusb/src/portable/raspberrypi/rp2040/dcd_rp2040.c.obj
                0x0000000020005d2c                dcd_init
 .text.dcd_edpt0_status_complete
                0x0000000020005e74       0x1c CMakeFiles/experimental_schools_computer.dir/tree/downloaded_tools/pico/pico-sdk/lib/tinyusb/src/portable/raspberrypi/rp2040/dcd_rp2040.c.obj
                0x0000000020005e74                dcd_edpt0_status_complete
 .text.dcd_edpt_open
                0x0000000020005e90       0xf0 CMakeFiles/experimental_schools_computer.dir/tree/downloaded_tools/pico/pico-sdk/lib/tinyusb/src/portable/raspberrypi/rp2040/dcd_rp2040.c.obj
                0x0000000020005e90                dcd_edpt_open
 .text.dcd_edpt_close_all
                0x0000000020005f80       0xbc CMakeFiles/experimental_schools_computer.dir/tree/downloaded_tools/pico/pico-sdk/lib/tinyusb/src/portable/raspberrypi/rp2040/dcd_rp2040.c.obj
                0x0000000020005f80                dcd_edpt_close_all
 .text.dcd_edpt_xfer
                0x000000002000603c       0x24 CMakeFiles/experimental_schools_computer.dir/tree/downloaded_tools/pico/pico-sdk/lib/tinyusb/src/portable/raspberrypi/rp2040/dcd_rp2040.c.obj
                0x000000002000603c                dcd_edpt_xfer
 .text.dcd_edpt_stall
                0x0000000020006060       0x38 CMakeFiles/experimental_schools_computer.dir/tree/downloaded_tools/pico/pico-sdk/lib/tinyusb/src/portable/raspberrypi/rp2040/dcd_rp2040.c.obj
                0x0000000020006060                dcd_edpt_stall
 .text.dcd_edpt_clear_stall
                0x0000000020006098       0x30 CMakeFiles/experimental_schools_computer.dir/tree/downloaded_tools/pico/pico-sdk/lib/tinyusb/src/portable/raspberrypi/rp2040/dcd_rp2040.c.obj
                0x0000000020006098                dcd_edpt_clear_stall
 .text._hw_endpoint_buffer_control_update32.part.0
                0x00000000200060c8       0x20 CMakeFiles/experimental_schools_computer.dir/tree/downloaded_tools/pico/pico-sdk/lib/tinyusb/src/portable/raspberrypi/rp2040/rp2040_usb.c.obj
 .text.rp2040_usb_init
                0x00000000200060e8       0x4c CMakeFiles/experimental_schools_computer.dir/tree/downloaded_tools/pico/pico-sdk/lib/tinyusb/src/portable/raspberrypi/rp2040/rp2040_usb.c.obj
                0x00000000200060e8                rp2040_usb_init
 .text.hw_endpoint_reset_transfer
                0x0000000020006134        0xc CMakeFiles/experimental_schools_computer.dir/tree/downloaded_tools/pico/pico-sdk/lib/tinyusb/src/portable/raspberrypi/rp2040/rp2040_usb.c.obj
                0x0000000020006134                hw_endpoint_reset_transfer
 .text._hw_endpoint_buffer_control_update32
                0x0000000020006140       0x40 CMakeFiles/experimental_schools_computer.dir/tree/downloaded_tools/pico/pico-sdk/lib/tinyusb/src/portable/raspberrypi/rp2040/rp2040_usb.c.obj
                0x0000000020006140                _hw_endpoint_buffer_control_update32
 .text.hw_endpoint_xfer_start
                0x0000000020006180      0x138 CMakeFiles/experimental_schools_computer.dir/tree/downloaded_tools/pico/pico-sdk/lib/tinyusb/src/portable/raspberrypi/rp2040/rp2040_usb.c.obj
                0x0000000020006180                hw_endpoint_xfer_start
 .text.hw_endpoint_xfer_continue
                0x00000000200062b8      0x1e4 CMakeFiles/experimental_schools_computer.dir/tree/downloaded_tools/pico/pico-sdk/lib/tinyusb/src/portable/raspberrypi/rp2040/rp2040_usb.c.obj
                0x00000000200062b8                hw_endpoint_xfer_continue
 .text.tud_mounted
                0x000000002000649c       0x10 CMakeFiles/experimental_schools_computer.dir/tree/downloaded_tools/pico/pico-sdk/lib/tinyusb/src/device/usbd.c.obj
                0x000000002000649c                tud_mounted
 .text.tud_suspended
                0x00000000200064ac       0x10 CMakeFiles/experimental_schools_computer.dir/tree/downloaded_tools/pico/pico-sdk/lib/tinyusb/src/device/usbd.c.obj
                0x00000000200064ac                tud_suspended
 .text.tud_inited
                0x00000000200064bc        0xc CMakeFiles/experimental_schools_computer.dir/tree/downloaded_tools/pico/pico-sdk/lib/tinyusb/src/device/usbd.c.obj
                0x00000000200064bc                tud_inited
 .text.tud_init
                0x00000000200064c8       0xd8 CMakeFiles/experimental_schools_computer.dir/tree/downloaded_tools/pico/pico-sdk/lib/tinyusb/src/device/usbd.c.obj
                0x00000000200064c8                tud_init
 .text.tud_task
                0x00000000200065a0      0x8ec CMakeFiles/experimental_schools_computer.dir/tree/downloaded_tools/pico/pico-sdk/lib/tinyusb/src/device/usbd.c.obj
                0x00000000200065a0                tud_task
 .text.dcd_event_bus_signal
                0x0000000020006e8c      0x120 CMakeFiles/experimental_schools_computer.dir/tree/downloaded_tools/pico/pico-sdk/lib/tinyusb/src/device/usbd.c.obj
                0x0000000020006e8c                dcd_event_bus_signal
 .text.dcd_event_bus_reset
                0x0000000020006fac       0x54 CMakeFiles/experimental_schools_computer.dir/tree/downloaded_tools/pico/pico-sdk/lib/tinyusb/src/device/usbd.c.obj
                0x0000000020006fac                dcd_event_bus_reset
 .text.dcd_event_setup_received
                0x0000000020007000       0x50 CMakeFiles/experimental_schools_computer.dir/tree/downloaded_tools/pico/pico-sdk/lib/tinyusb/src/device/usbd.c.obj
                0x0000000020007000                dcd_event_setup_received
 .text.dcd_event_xfer_complete
                0x0000000020007050       0x68 CMakeFiles/experimental_schools_computer.dir/tree/downloaded_tools/pico/pico-sdk/lib/tinyusb/src/device/usbd.c.obj
                0x0000000020007050                dcd_event_xfer_complete
 .text.usbd_open_edpt_pair
                0x00000000200070b8       0x80 CMakeFiles/experimental_schools_computer.dir/tree/downloaded_tools/pico/pico-sdk/lib/tinyusb/src/device/usbd.c.obj
                0x00000000200070b8                usbd_open_edpt_pair
 .text.usbd_edpt_open
                0x0000000020007138       0x30 CMakeFiles/experimental_schools_computer.dir/tree/downloaded_tools/pico/pico-sdk/lib/tinyusb/src/device/usbd.c.obj
                0x0000000020007138                usbd_edpt_open
 .text.usbd_edpt_claim
                0x0000000020007168       0x64 CMakeFiles/experimental_schools_computer.dir/tree/downloaded_tools/pico/pico-sdk/lib/tinyusb/src/device/usbd.c.obj
                0x0000000020007168                usbd_edpt_claim
 .text.usbd_edpt_release
                0x00000000200071cc       0x4c CMakeFiles/experimental_schools_computer.dir/tree/downloaded_tools/pico/pico-sdk/lib/tinyusb/src/device/usbd.c.obj
                0x00000000200071cc                usbd_edpt_release
 .text.usbd_edpt_xfer
                0x0000000020007218       0x48 CMakeFiles/experimental_schools_computer.dir/tree/downloaded_tools/pico/pico-sdk/lib/tinyusb/src/device/usbd.c.obj
                0x0000000020007218                usbd_edpt_xfer
 .text.tud_control_status
                0x0000000020007260       0x30 CMakeFiles/experimental_schools_computer.dir/tree/downloaded_tools/pico/pico-sdk/lib/tinyusb/src/device/usbd_control.c.obj
                0x0000000020007260                tud_control_status
 .text.tud_control_xfer
                0x0000000020007290       0xb8 CMakeFiles/experimental_schools_computer.dir/tree/downloaded_tools/pico/pico-sdk/lib/tinyusb/src/device/usbd_control.c.obj
                0x0000000020007290                tud_control_xfer
 .text.usbd_control_reset
                0x0000000020007348       0x14 CMakeFiles/experimental_schools_computer.dir/tree/downloaded_tools/pico/pico-sdk/lib/tinyusb/src/device/usbd_control.c.obj
                0x0000000020007348                usbd_control_reset
 .text.usbd_control_set_complete_callback
                0x000000002000735c        0xc CMakeFiles/experimental_schools_computer.dir/tree/downloaded_tools/pico/pico-sdk/lib/tinyusb/src/device/usbd_control.c.obj
                0x000000002000735c                usbd_control_set_complete_callback
 .text.usbd_control_set_request
                0x0000000020007368       0x1c CMakeFiles/experimental_schools_computer.dir/tree/downloaded_tools/pico/pico-sdk/lib/tinyusb/src/device/usbd_control.c.obj
                0x0000000020007368                usbd_control_set_request
 .text.usbd_control_xfer_cb
                0x0000000020007384       0xf8 CMakeFiles/experimental_schools_computer.dir/tree/downloaded_tools/pico/pico-sdk/lib/tinyusb/src/device/usbd_control.c.obj
                0x0000000020007384                usbd_control_xfer_cb
 .text.tud_cdc_n_connected
                0x000000002000747c       0x30 CMakeFiles/experimental_schools_computer.dir/tree/downloaded_tools/pico/pico-sdk/lib/tinyusb/src/class/cdc/cdc_device.c.obj
                0x000000002000747c                tud_cdc_n_connected
 .text.tud_cdc_n_available
                0x00000000200074ac       0x18 CMakeFiles/experimental_schools_computer.dir/tree/downloaded_tools/pico/pico-sdk/lib/tinyusb/src/class/cdc/cdc_device.c.obj
                0x00000000200074ac                tud_cdc_n_available
 .text.tud_cdc_n_read
                0x00000000200074c4       0x70 CMakeFiles/experimental_schools_computer.dir/tree/downloaded_tools/pico/pico-sdk/lib/tinyusb/src/class/cdc/cdc_device.c.obj
                0x00000000200074c4                tud_cdc_n_read
 .text.tud_cdc_n_write_flush
                0x0000000020007534       0x78 CMakeFiles/experimental_schools_computer.dir/tree/downloaded_tools/pico/pico-sdk/lib/tinyusb/src/class/cdc/cdc_device.c.obj
                0x0000000020007534                tud_cdc_n_write_flush
 .text.tud_cdc_n_write
                0x00000000200075ac       0x34 CMakeFiles/experimental_schools_computer.dir/tree/downloaded_tools/pico/pico-sdk/lib/tinyusb/src/class/cdc/cdc_device.c.obj
                0x00000000200075ac                tud_cdc_n_write
 .text.tud_cdc_n_write_available
                0x00000000200075e0       0x18 CMakeFiles/experimental_schools_computer.dir/tree/downloaded_tools/pico/pico-sdk/lib/tinyusb/src/class/cdc/cdc_device.c.obj
                0x00000000200075e0                tud_cdc_n_write_available
 .text.cdcd_init
                0x00000000200075f8       0x7c CMakeFiles/experimental_schools_computer.dir/tree/downloaded_tools/pico/pico-sdk/lib/tinyusb/src/class/cdc/cdc_device.c.obj
                0x00000000200075f8                cdcd_init
 .text.cdcd_reset
                0x0000000020007674       0x2c CMakeFiles/experimental_schools_computer.dir/tree/downloaded_tools/pico/pico-sdk/lib/tinyusb/src/class/cdc/cdc_device.c.obj
                0x0000000020007674                cdcd_reset
 .text.cdcd_open
                0x00000000200076a0       0xe4 CMakeFiles/experimental_schools_computer.dir/tree/downloaded_tools/pico/pico-sdk/lib/tinyusb/src/class/cdc/cdc_device.c.obj
                0x00000000200076a0                cdcd_open
 .text.cdcd_control_xfer_cb
                0x0000000020007784       0xe4 CMakeFiles/experimental_schools_computer.dir/tree/downloaded_tools/pico/pico-sdk/lib/tinyusb/src/class/cdc/cdc_device.c.obj
                0x0000000020007784                cdcd_control_xfer_cb
 .text.cdcd_xfer_cb
                0x0000000020007868      0x198 CMakeFiles/experimental_schools_computer.dir/tree/downloaded_tools/pico/pico-sdk/lib/tinyusb/src/class/cdc/cdc_device.c.obj
                0x0000000020007868                cdcd_xfer_cb
 .text.tusb_init
                0x0000000020007a00        0xc CMakeFiles/experimental_schools_computer.dir/tree/downloaded_tools/pico/pico-sdk/lib/tinyusb/src/tusb.c.obj
                0x0000000020007a00                tusb_init
 .text.tusb_inited
                0x0000000020007a0c        0x8 CMakeFiles/experimental_schools_computer.dir/tree/downloaded_tools/pico/pico-sdk/lib/tinyusb/src/tusb.c.obj
                0x0000000020007a0c                tusb_inited
 .text.tu_edpt_validate
                0x0000000020007a14       0x78 CMakeFiles/experimental_schools_computer.dir/tree/downloaded_tools/pico/pico-sdk/lib/tinyusb/src/tusb.c.obj
                0x0000000020007a14                tu_edpt_validate
 .text.tu_edpt_bind_driver
                0x0000000020007a8c       0x2c CMakeFiles/experimental_schools_computer.dir/tree/downloaded_tools/pico/pico-sdk/lib/tinyusb/src/tusb.c.obj
                0x0000000020007a8c                tu_edpt_bind_driver
 .text.tu_fifo_config
                0x0000000020007ab8       0x78 CMakeFiles/experimental_schools_computer.dir/tree/downloaded_tools/pico/pico-sdk/lib/tinyusb/src/common/tusb_fifo.c.obj
                0x0000000020007ab8                tu_fifo_config
 .text.tu_fifo_count
                0x0000000020007b30       0x20 CMakeFiles/experimental_schools_computer.dir/tree/downloaded_tools/pico/pico-sdk/lib/tinyusb/src/common/tusb_fifo.c.obj
                0x0000000020007b30                tu_fifo_count
 .text.tu_fifo_empty
                0x0000000020007b50       0x10 CMakeFiles/experimental_schools_computer.dir/tree/downloaded_tools/pico/pico-sdk/lib/tinyusb/src/common/tusb_fifo.c.obj
                0x0000000020007b50                tu_fifo_empty
 .text.tu_fifo_remaining
                0x0000000020007b60       0x1c CMakeFiles/experimental_schools_computer.dir/tree/downloaded_tools/pico/pico-sdk/lib/tinyusb/src/common/tusb_fifo.c.obj
                0x0000000020007b60                tu_fifo_remaining
 .text.tu_fifo_read
                0x0000000020007b7c       0x9c CMakeFiles/experimental_schools_computer.dir/tree/downloaded_tools/pico/pico-sdk/lib/tinyusb/src/common/tusb_fifo.c.obj
                0x0000000020007b7c                tu_fifo_read
 .text.tu_fifo_read_n
                0x0000000020007c18      0x100 CMakeFiles/experimental_schools_computer.dir/tree/downloaded_tools/pico/pico-sdk/lib/tinyusb/src/common/tusb_fifo.c.obj
                0x0000000020007c18                tu_fifo_read_n
 .text.tu_fifo_write
                0x0000000020007d18       0x7c CMakeFiles/experimental_schools_computer.dir/tree/downloaded_tools/pico/pico-sdk/lib/tinyusb/src/common/tusb_fifo.c.obj
                0x0000000020007d18                tu_fifo_write
 .text.tu_fifo_write_n
                0x0000000020007d94       0xf8 CMakeFiles/experimental_schools_computer.dir/tree/downloaded_tools/pico/pico-sdk/lib/tinyusb/src/common/tusb_fifo.c.obj
                0x0000000020007d94                tu_fifo_write_n
 .text.tu_fifo_clear
                0x0000000020007e8c       0x4c CMakeFiles/experimental_schools_computer.dir/tree/downloaded_tools/pico/pico-sdk/lib/tinyusb/src/common/tusb_fifo.c.obj
                0x0000000020007e8c                tu_fifo_clear
 .text.tu_fifo_set_overwritable
                0x0000000020007ed8       0x3c CMakeFiles/experimental_schools_computer.dir/tree/downloaded_tools/pico/pico-sdk/lib/tinyusb/src/common/tusb_fifo.c.obj
                0x0000000020007ed8                tu_fifo_set_overwritable
 .text.startup._retrieve_unique_id_on_boot
                0x0000000020007f14       0x10 CMakeFiles/experimental_schools_computer.dir/tree/downloaded_tools/pico/pico-sdk/src/rp2_common/pico_unique_id/unique_id.c.obj
 .text.pico_get_unique_board_id_string
                0x0000000020007f24      0x1bc CMakeFiles/experimental_schools_computer.dir/tree/downloaded_tools/pico/pico-sdk/src/rp2_common/pico_unique_id/unique_id.c.obj
                0x0000000020007f24                pico_get_unique_board_id_string
 .text.flash_get_unique_id
                0x00000000200080e0       0x40 CMakeFiles/experimental_schools_computer.dir/tree/downloaded_tools/pico/pico-sdk/src/rp2_common/hardware_flash/flash.c.obj
                0x00000000200080e0                flash_get_unique_id
 .text          0x0000000020008120        0x4 /usr/lib/gcc/arm-none-eabi/9.2.1/thumb/v6-m/nofp/libgcc.a(_dvmd_tls.o)
                0x0000000020008120                __aeabi_ldiv0
                0x0000000020008120                __aeabi_idiv0
 .text          0x0000000020008124       0x48 /usr/lib/gcc/arm-none-eabi/9.2.1/../../../arm-none-eabi/lib/thumb/v6-m/nofp/libc.a(lib_a-stpcpy.o)
                0x0000000020008124                stpcpy
 .text          0x000000002000816c       0x50 /usr/lib/gcc/arm-none-eabi/9.2.1/../../../arm-none-eabi/lib/thumb/v6-m/nofp/libc.a(lib_a-strcat.o)
                0x000000002000816c                strcat
 .text          0x00000000200081bc       0x10 /usr/lib/gcc/arm-none-eabi/9.2.1/../../../arm-none-eabi/lib/thumb/v6-m/nofp/libc.a(lib_a-strcpy.o)
                0x00000000200081bc                strcpy
 .text          0x00000000200081cc       0x68 /usr/lib/gcc/arm-none-eabi/9.2.1/../../../arm-none-eabi/lib/thumb/v6-m/nofp/libc.a(lib_a-strlen-stub.o)
                0x00000000200081cc                strlen
 *(.fini)
 .fini          0x0000000020008234        0x4 /usr/lib/gcc/arm-none-eabi/9.2.1/thumb/v6-m/nofp/crti.o
                0x0000000020008234                _fini
 .fini.__stub   0x0000000020008238       0x10 linker stubs
 *crtbegin.o(.ctors)
 *crtbegin?.o(.ctors)
 *(EXCLUDE_FILE(*crtend.o *crtend?.o) .ctors)
 *(SORT_BY_NAME(.ctors.*))
 *(.ctors)
 *crtbegin.o(.dtors)
 *crtbegin?.o(.dtors)
 *(EXCLUDE_FILE(*crtend.o *crtend?.o) .dtors)
 *(SORT_BY_NAME(.dtors.*))
 *(.dtors)
 *(.eh_frame*)
 .eh_frame      0x0000000020008248        0x0 /usr/lib/gcc/arm-none-eabi/9.2.1/thumb/v6-m/nofp/crtbegin.o
                0x0000000020008248                . = ALIGN (0x4)
                0x0000000020008248                __ram_text_end__ = .
                0x000000001000030c                __ram_text_source__ = LOADADDR (.text)

.glue_7         0x0000000020008248        0x0 load address 0x0000000010008494
 .glue_7        0x0000000020008248        0x0 linker stubs

.glue_7t        0x0000000020008248        0x0 load address 0x0000000010008494
 .glue_7t       0x0000000020008248        0x0 linker stubs

.vfp11_veneer   0x0000000020008248        0x0 load address 0x0000000010008494
 .vfp11_veneer  0x0000000020008248        0x0 linker stubs

.v4_bx          0x0000000020008248        0x0 load address 0x0000000010008494
 .v4_bx         0x0000000020008248        0x0 linker stubs

.iplt           0x0000000020008248        0x0 load address 0x0000000010008494
 .iplt          0x0000000020008248        0x0 /usr/lib/gcc/arm-none-eabi/9.2.1/thumb/v6-m/nofp/crtbegin.o

.rel.dyn        0x0000000020008248        0x0 load address 0x0000000010008494
 .rel.iplt      0x0000000020008248        0x0 /usr/lib/gcc/arm-none-eabi/9.2.1/thumb/v6-m/nofp/crtbegin.o

.data           0x0000000020008250     0x106c load address 0x0000000010008494
                0x0000000020008250                __data_start__ = .
 *(vtable)
 *(.time_critical*)
 .time_critical.mutex_enter_blocking
                0x0000000020008250       0x48 CMakeFiles/experimental_schools_computer.dir/tree/downloaded_tools/pico/pico-sdk/src/common/pico_sync/mutex.c.obj
                0x0000000020008250                mutex_enter_blocking
 .time_critical.mutex_try_enter
                0x0000000020008298       0x48 CMakeFiles/experimental_schools_computer.dir/tree/downloaded_tools/pico/pico-sdk/src/common/pico_sync/mutex.c.obj
                0x0000000020008298                mutex_try_enter
 .time_critical.mutex_enter_timeout_ms
                0x00000000200082e0       0x98 CMakeFiles/experimental_schools_computer.dir/tree/downloaded_tools/pico/pico-sdk/src/common/pico_sync/mutex.c.obj
                0x00000000200082e0                mutex_enter_timeout_ms
 .time_critical.mutex_exit
                0x0000000020008378       0x28 CMakeFiles/experimental_schools_computer.dir/tree/downloaded_tools/pico/pico-sdk/src/common/pico_sync/mutex.c.obj
                0x0000000020008378                mutex_exit
 .time_critical.flash_init_boot2_copyout
                0x00000000200083a0       0x30 CMakeFiles/experimental_schools_computer.dir/tree/downloaded_tools/pico/pico-sdk/src/rp2_common/hardware_flash/flash.c.obj
 .time_critical.flash_enable_xip_via_boot2
                0x00000000200083d0       0x10 CMakeFiles/experimental_schools_computer.dir/tree/downloaded_tools/pico/pico-sdk/src/rp2_common/hardware_flash/flash.c.obj
 .time_critical.flash_cs_force
                0x00000000200083e0       0x38 CMakeFiles/experimental_schools_computer.dir/tree/downloaded_tools/pico/pico-sdk/src/rp2_common/hardware_flash/flash.c.obj
 .time_critical.flash_do_cmd
                0x0000000020008418       0xc4 CMakeFiles/experimental_schools_computer.dir/tree/downloaded_tools/pico/pico-sdk/src/rp2_common/hardware_flash/flash.c.obj
                0x0000000020008418                flash_do_cmd
                0x00000000200084dc                . = ALIGN (0x4)
 *(.rodata*)
 .rodata.cli_dump_store.str1.4
                0x00000000200084dc       0x17 CMakeFiles/experimental_schools_computer.dir/experimental_schools_computer.c.obj
 *fill*         0x00000000200084f3        0x1 
 .rodata.serial_help.str1.4
                0x00000000200084f4       0x28 CMakeFiles/experimental_schools_computer.dir/experimental_schools_computer.c.obj
 .rodata.cli_digit.str1.4
                0x000000002000851c        0x4 CMakeFiles/experimental_schools_computer.dir/experimental_schools_computer.c.obj
 .rodata.cli_dump.str1.4
                0x0000000020008520      0x100 CMakeFiles/experimental_schools_computer.dir/experimental_schools_computer.c.obj
 .rodata.update_display.part.0.constprop.0.str1.4
                0x0000000020008620       0x99 CMakeFiles/experimental_schools_computer.dir/experimental_schools_computer.c.obj
 *fill*         0x00000000200086b9        0x3 
 .rodata.state_esc_b_disp.str1.4
                0x00000000200086bc       0x2d CMakeFiles/experimental_schools_computer.dir/experimental_schools_computer.c.obj
 *fill*         0x00000000200086e9        0x3 
 .rodata.state_esc_a_disp.str1.4
                0x00000000200086ec       0x11 CMakeFiles/experimental_schools_computer.dir/experimental_schools_computer.c.obj
 *fill*         0x00000000200086fd        0x3 
 .rodata.serial_loop.str1.4
                0x0000000020008700       0x63 CMakeFiles/experimental_schools_computer.dir/experimental_schools_computer.c.obj
 *fill*         0x0000000020008763        0x1 
 .rodata.main.str1.4
                0x0000000020008764       0xd2 CMakeFiles/experimental_schools_computer.dir/experimental_schools_computer.c.obj
 *fill*         0x0000000020008836        0x2 
 .rodata.str1.4
                0x0000000020008838       0xc6 CMakeFiles/experimental_schools_computer.dir/experimental_schools_computer.c.obj
                                         0xca (size before relaxing)
 *fill*         0x00000000200088fe        0x2 
 .rodata.spin_lock_claim_unused.str1.4
                0x0000000020008900       0x1b CMakeFiles/experimental_schools_computer.dir/tree/downloaded_tools/pico/pico-sdk/src/rp2_common/hardware_sync/sync.c.obj
 *fill*         0x000000002000891b        0x1 
 .rodata.user_irq_claim_unused.str1.4
                0x000000002000891c       0x1b CMakeFiles/experimental_schools_computer.dir/tree/downloaded_tools/pico/pico-sdk/src/rp2_common/hardware_irq/irq.c.obj
 *fill*         0x0000000020008937        0x1 
 .rodata.hardware_alarm_claim.str1.4
                0x0000000020008938       0x22 CMakeFiles/experimental_schools_computer.dir/tree/downloaded_tools/pico/pico-sdk/src/rp2_common/hardware_timer/timer.c.obj
 *fill*         0x000000002000895a        0x2 
 .rodata.panic.str1.4
                0x000000002000895c       0x12 CMakeFiles/experimental_schools_computer.dir/tree/downloaded_tools/pico/pico-sdk/src/rp2_common/pico_runtime/runtime.c.obj
 *fill*         0x000000002000896e        0x2 
 .rodata.hard_assertion_failure.str1.4
                0x0000000020008970        0xc CMakeFiles/experimental_schools_computer.dir/tree/downloaded_tools/pico/pico-sdk/src/rp2_common/pico_runtime/runtime.c.obj
 .rodata._ftoa.str1.4
                0x000000002000897c       0x15 CMakeFiles/experimental_schools_computer.dir/tree/downloaded_tools/pico/pico-sdk/src/rp2_common/pico_printf/printf.c.obj
 *fill*         0x0000000020008991        0x3 
 .rodata._vsnprintf
                0x0000000020008994      0x1e0 CMakeFiles/experimental_schools_computer.dir/tree/downloaded_tools/pico/pico-sdk/src/rp2_common/pico_printf/printf.c.obj
 *fill*         0x0000000020008b74        0x4 
 .rodata.pow10.5444
                0x0000000020008b78       0x50 CMakeFiles/experimental_schools_computer.dir/tree/downloaded_tools/pico/pico-sdk/src/rp2_common/pico_printf/printf.c.obj
 .rodata.str1.4
                0x0000000020008bc8       0x58 CMakeFiles/experimental_schools_computer.dir/tree/downloaded_tools/pico/pico-sdk/src/rp2_common/pico_standard_link/binary_info.c.obj
 .rodata.__bi_44
                0x0000000020008c20        0xc CMakeFiles/experimental_schools_computer.dir/tree/downloaded_tools/pico/pico-sdk/src/rp2_common/pico_standard_link/binary_info.c.obj
 .rodata.__bi_56
                0x0000000020008c2c        0xc CMakeFiles/experimental_schools_computer.dir/tree/downloaded_tools/pico/pico-sdk/src/rp2_common/pico_standard_link/binary_info.c.obj
 .rodata.__bi_75
                0x0000000020008c38        0xc CMakeFiles/experimental_schools_computer.dir/tree/downloaded_tools/pico/pico-sdk/src/rp2_common/pico_standard_link/binary_info.c.obj
 .rodata.__bi_81
                0x0000000020008c44        0xc CMakeFiles/experimental_schools_computer.dir/tree/downloaded_tools/pico/pico-sdk/src/rp2_common/pico_standard_link/binary_info.c.obj
 .rodata.crlf_str.6065
                0x0000000020008c50        0x2 CMakeFiles/experimental_schools_computer.dir/tree/downloaded_tools/pico/pico-sdk/src/rp2_common/pico_stdio/stdio.c.obj
 *fill*         0x0000000020008c52        0x2 
 .rodata.str1.4
                0x0000000020008c54       0x2c CMakeFiles/experimental_schools_computer.dir/tree/downloaded_tools/pico/pico-sdk/src/rp2_common/pico_stdio_uart/stdio_uart.c.obj
 .rodata.__bi_28.4859
                0x0000000020008c80        0xc CMakeFiles/experimental_schools_computer.dir/tree/downloaded_tools/pico/pico-sdk/src/rp2_common/pico_stdio_uart/stdio_uart.c.obj
 .rodata.__bi_29.4863
                0x0000000020008c8c        0x8 CMakeFiles/experimental_schools_computer.dir/tree/downloaded_tools/pico/pico-sdk/src/rp2_common/pico_stdio_uart/stdio_uart.c.obj
 .rodata._resetd_driver
                0x0000000020008c94       0x18 CMakeFiles/experimental_schools_computer.dir/tree/downloaded_tools/pico/pico-sdk/src/rp2_common/pico_stdio_usb/reset_interface.c.obj
 .rodata.str1.4
                0x0000000020008cac       0x13 CMakeFiles/experimental_schools_computer.dir/tree/downloaded_tools/pico/pico-sdk/src/rp2_common/pico_stdio_usb/stdio_usb.c.obj
 *fill*         0x0000000020008cbf        0x1 
 .rodata.__bi_118.7207
                0x0000000020008cc0        0xc CMakeFiles/experimental_schools_computer.dir/tree/downloaded_tools/pico/pico-sdk/src/rp2_common/pico_stdio_usb/stdio_usb.c.obj
 .rodata.str1.4
                0x0000000020008ccc       0x2a CMakeFiles/experimental_schools_computer.dir/tree/downloaded_tools/pico/pico-sdk/src/rp2_common/pico_stdio_usb/stdio_usb_descriptors.c.obj
 *fill*         0x0000000020008cf6        0x2 
 .rodata.usbd_desc_cfg
                0x0000000020008cf8       0x54 CMakeFiles/experimental_schools_computer.dir/tree/downloaded_tools/pico/pico-sdk/src/rp2_common/pico_stdio_usb/stdio_usb_descriptors.c.obj
 .rodata.usbd_desc_device
                0x0000000020008d4c       0x12 CMakeFiles/experimental_schools_computer.dir/tree/downloaded_tools/pico/pico-sdk/src/rp2_common/pico_stdio_usb/stdio_usb_descriptors.c.obj
 *fill*         0x0000000020008d5e        0x2 
 .rodata.usbd_desc_str
                0x0000000020008d60       0x18 CMakeFiles/experimental_schools_computer.dir/tree/downloaded_tools/pico/pico-sdk/src/rp2_common/pico_stdio_usb/stdio_usb_descriptors.c.obj
 .rodata.dcd_rp2040_irq.str1.4
                0x0000000020008d78       0x14 CMakeFiles/experimental_schools_computer.dir/tree/downloaded_tools/pico/pico-sdk/lib/tinyusb/src/portable/raspberrypi/rp2040/dcd_rp2040.c.obj
 .rodata._hw_endpoint_buffer_control_update32.part.0.str1.4
                0x0000000020008d8c       0x1f CMakeFiles/experimental_schools_computer.dir/tree/downloaded_tools/pico/pico-sdk/lib/tinyusb/src/portable/raspberrypi/rp2040/rp2040_usb.c.obj
 *fill*         0x0000000020008dab        0x1 
 .rodata.hw_endpoint_xfer_continue.str1.4
                0x0000000020008dac       0x29 CMakeFiles/experimental_schools_computer.dir/tree/downloaded_tools/pico/pico-sdk/lib/tinyusb/src/portable/raspberrypi/rp2040/rp2040_usb.c.obj
 .rodata.str1.4
                0x0000000020008dd5       0x29 CMakeFiles/experimental_schools_computer.dir/tree/downloaded_tools/pico/pico-sdk/lib/tinyusb/src/portable/raspberrypi/rp2040/rp2040_usb.c.obj
                                          0x7 (size before relaxing)
 *fill*         0x0000000020008dd5        0x3 
 .rodata.tud_task
                0x0000000020008dd8       0x8c CMakeFiles/experimental_schools_computer.dir/tree/downloaded_tools/pico/pico-sdk/lib/tinyusb/src/device/usbd.c.obj
 .rodata._usbd_driver
                0x0000000020008e64       0x18 CMakeFiles/experimental_schools_computer.dir/tree/downloaded_tools/pico/pico-sdk/lib/tinyusb/src/device/usbd.c.obj
                0x0000000020008e7c                . = ALIGN (0x4)
 *(.data*)
 .data.esc_fsm  0x0000000020008e7c       0x10 CMakeFiles/experimental_schools_computer.dir/experimental_schools_computer.c.obj
                0x0000000020008e7c                esc_fsm
 .data.esc_table
                0x0000000020008e8c      0x200 CMakeFiles/experimental_schools_computer.dir/experimental_schools_computer.c.obj
                0x0000000020008e8c                esc_table
 .data.serial_cmds
                0x000000002000908c      0x114 CMakeFiles/experimental_schools_computer.dir/experimental_schools_computer.c.obj
                0x000000002000908c                serial_cmds
 .data.striped_spin_lock_num
                0x00000000200091a0        0x1 CMakeFiles/experimental_schools_computer.dir/tree/downloaded_tools/pico/pico-sdk/src/rp2_common/hardware_sync/sync.c.obj
 *fill*         0x00000000200091a1        0x3 
 .data          0x00000000200091a4       0x48 CMakeFiles/experimental_schools_computer.dir/tree/downloaded_tools/pico/pico-sdk/src/rp2_common/hardware_irq/irq_handler_chain.S.obj
                0x00000000200091a4                irq_handler_chain_slots
                0x00000000200091d4                irq_handler_chain_first_slot
                0x00000000200091de                irq_handler_chain_remove_tail
 .data.default_alarm_pool
                0x00000000200091ec       0x18 CMakeFiles/experimental_schools_computer.dir/tree/downloaded_tools/pico/pico-sdk/src/common/pico_time/time.c.obj
 .data.default_alarm_pool_heap
                0x0000000020009204       0x10 CMakeFiles/experimental_schools_computer.dir/tree/downloaded_tools/pico/pico-sdk/src/common/pico_time/time.c.obj
 *fill*         0x0000000020009214        0xc 
 .data.aeabi_bits_funcs
                0x0000000020009220       0x10 CMakeFiles/experimental_schools_computer.dir/tree/downloaded_tools/pico/pico-sdk/src/rp2_common/pico_bit_ops/bit_ops_aeabi.S.obj
                0x0000000020009220                aeabi_bits_funcs
                0x0000000020009230                aeabi_bits_funcs_end
 .data.aeabi_mem_funcs
                0x0000000020009230       0x10 CMakeFiles/experimental_schools_computer.dir/tree/downloaded_tools/pico/pico-sdk/src/rp2_common/pico_mem_ops/mem_ops_aeabi.S.obj
                0x0000000020009230                aeabi_mem_funcs
                0x0000000020009240                aeabi_mem_funcs_end
 .data.stdio_uart
                0x0000000020009240       0x14 CMakeFiles/experimental_schools_computer.dir/tree/downloaded_tools/pico/pico-sdk/src/rp2_common/pico_stdio_uart/stdio_uart.c.obj
                0x0000000020009240                stdio_uart
 .data.stdio_usb
                0x0000000020009254       0x14 CMakeFiles/experimental_schools_computer.dir/tree/downloaded_tools/pico/pico-sdk/src/rp2_common/pico_stdio_usb/stdio_usb.c.obj
                0x0000000020009254                stdio_usb
 .data.ep_dir_string
                0x0000000020009268        0x8 CMakeFiles/experimental_schools_computer.dir/tree/downloaded_tools/pico/pico-sdk/lib/tinyusb/src/portable/raspberrypi/rp2040/rp2040_usb.c.obj
                0x0000000020009268                ep_dir_string
 .data._usbd_qdef
                0x0000000020009270       0x24 CMakeFiles/experimental_schools_computer.dir/tree/downloaded_tools/pico/pico-sdk/lib/tinyusb/src/device/usbd.c.obj
                0x0000000020009270                _usbd_qdef
                0x0000000020009294                . = ALIGN (0x4)
 *(.after_data.*)
                0x0000000020009294                . = ALIGN (0x4)
                0x0000000020009294                PROVIDE (__mutex_array_start = .)
 *(SORT_BY_NAME(.mutex_array.*))
 *(.mutex_array)
 .mutex_array   0x0000000020009294        0x8 CMakeFiles/experimental_schools_computer.dir/tree/downloaded_tools/pico/pico-sdk/src/rp2_common/pico_malloc/pico_malloc.c.obj
 .mutex_array   0x000000002000929c        0x8 CMakeFiles/experimental_schools_computer.dir/tree/downloaded_tools/pico/pico-sdk/src/rp2_common/pico_stdio/stdio.c.obj
                0x00000000200092a4                PROVIDE (__mutex_array_end = .)
                0x00000000200092a4                . = ALIGN (0x4)
                0x00000000200092a4                PROVIDE (__preinit_array_start = .)
 *(SORT_BY_NAME(.preinit_array.*))
 .preinit_array.00001
                0x00000000200092a4        0x4 CMakeFiles/experimental_schools_computer.dir/tree/downloaded_tools/pico/pico-sdk/src/rp2_common/pico_mem_ops/mem_ops_aeabi.S.obj
 .preinit_array.00010
                0x00000000200092a8        0x4 CMakeFiles/experimental_schools_computer.dir/tree/downloaded_tools/pico/pico-sdk/src/rp2_common/pico_bit_ops/bit_ops_aeabi.S.obj
 .preinit_array.00020
                0x00000000200092ac        0x4 CMakeFiles/experimental_schools_computer.dir/tree/downloaded_tools/pico/pico-sdk/src/rp2_common/pico_double/double_aeabi.S.obj
 .preinit_array.00020
                0x00000000200092b0        0x4 CMakeFiles/experimental_schools_computer.dir/tree/downloaded_tools/pico/pico-sdk/src/rp2_common/pico_float/float_aeabi.S.obj
 *(.preinit_array)
                0x00000000200092b4                PROVIDE (__preinit_array_end = .)
                0x00000000200092b4                . = ALIGN (0x4)
                0x00000000200092b4                PROVIDE (__init_array_start = .)
 *(SORT_BY_NAME(.init_array.*))
 *(.init_array)
 .init_array    0x00000000200092b4        0x4 /usr/lib/gcc/arm-none-eabi/9.2.1/thumb/v6-m/nofp/crtbegin.o
 .init_array    0x00000000200092b8        0x4 CMakeFiles/experimental_schools_computer.dir/tree/downloaded_tools/pico/pico-sdk/src/rp2_common/pico_unique_id/unique_id.c.obj
                0x00000000200092bc                PROVIDE (__init_array_end = .)
                0x00000000200092bc                . = ALIGN (0x4)
                0x00000000200092bc                PROVIDE (__fini_array_start = .)
 *(SORT_BY_NAME(.fini_array.*))
 *(.fini_array)
                0x00000000200092bc                PROVIDE (__fini_array_end = .)
 *(.jcr)
                0x00000000200092bc                . = ALIGN (0x4)
                0x00000000200092bc                __data_end__ = .
                0x0000000010008494                __etext = LOADADDR (.data)

.tm_clone_table
                0x00000000200092bc        0x0 load address 0x0000000010009500
 .tm_clone_table
                0x00000000200092bc        0x0 /usr/lib/gcc/arm-none-eabi/9.2.1/thumb/v6-m/nofp/crtbegin.o
 .tm_clone_table
                0x00000000200092bc        0x0 /usr/lib/gcc/arm-none-eabi/9.2.1/thumb/v6-m/nofp/crtend.o

.igot.plt       0x00000000200092bc        0x0 load address 0x0000000010009500
 .igot.plt      0x00000000200092bc        0x0 /usr/lib/gcc/arm-none-eabi/9.2.1/thumb/v6-m/nofp/crtbegin.o

.uninitialized_data
                0x00000000200092bc        0x0 load address 0x0000000010009500
                0x00000000200092bc                . = ALIGN (0x4)
 *(.uninitialized_data*)

.scratch_x      0x0000000020040000        0x0 load address 0x0000000010009500
                0x0000000020040000                __scratch_x_start__ = .
 *(.scratch_x.*)
                0x0000000020040000                . = ALIGN (0x4)
                0x0000000020040000                __scratch_x_end__ = .
                0x0000000010009500                __scratch_x_source__ = LOADADDR (.scratch_x)

.scratch_y      0x0000000020041000        0x0 load address 0x0000000010009500
                0x0000000020041000                __scratch_y_start__ = .
 *(.scratch_y.*)
                0x0000000020041000                . = ALIGN (0x4)
                0x0000000020041000                __scratch_y_end__ = .
                0x0000000010009500                __scratch_y_source__ = LOADADDR (.scratch_y)

.bss            0x00000000200092c0     0x1314
                0x00000000200092c0                . = ALIGN (0x4)
                0x00000000200092c0                __bss_start__ = .
 *(SORT_BY_ALIGNMENT(SORT_BY_NAME(.bss*)))
 .bss.default_alarm_pool_entries
                0x00000000200092c0      0x100 CMakeFiles/experimental_schools_computer.dir/tree/downloaded_tools/pico/pico-sdk/src/common/pico_time/time.c.obj
 .bss.last_avail_time.7186
                0x00000000200093c0        0x8 CMakeFiles/experimental_schools_computer.dir/tree/downloaded_tools/pico/pico-sdk/src/rp2_common/pico_stdio_usb/stdio_usb.c.obj
 .bss           0x00000000200093c8       0x1c /usr/lib/gcc/arm-none-eabi/9.2.1/thumb/v6-m/nofp/crtbegin.o
 .bss._app_driver
                0x00000000200093e4        0x4 CMakeFiles/experimental_schools_computer.dir/tree/downloaded_tools/pico/pico-sdk/lib/tinyusb/src/device/usbd.c.obj
 .bss._cdcd_itf
                0x00000000200093e8      0x2d8 CMakeFiles/experimental_schools_computer.dir/tree/downloaded_tools/pico/pico-sdk/lib/tinyusb/src/class/cdc/cdc_device.c.obj
 .bss._ctrl_xfer
                0x00000000200096c0       0x14 CMakeFiles/experimental_schools_computer.dir/tree/downloaded_tools/pico/pico-sdk/lib/tinyusb/src/device/usbd_control.c.obj
 .bss._ubsd_mutexdef
                0x00000000200096d4        0x8 CMakeFiles/experimental_schools_computer.dir/tree/downloaded_tools/pico/pico-sdk/lib/tinyusb/src/device/usbd.c.obj
 .bss._usbd_ctrl_buf
                0x00000000200096dc       0x40 CMakeFiles/experimental_schools_computer.dir/tree/downloaded_tools/pico/pico-sdk/lib/tinyusb/src/device/usbd_control.c.obj
 .bss._usbd_dev
                0x000000002000971c       0x53 CMakeFiles/experimental_schools_computer.dir/tree/downloaded_tools/pico/pico-sdk/lib/tinyusb/src/device/usbd.c.obj
 *fill*         0x000000002000976f        0x1 
 .bss._usbd_mutex
                0x0000000020009770        0x4 CMakeFiles/experimental_schools_computer.dir/tree/downloaded_tools/pico/pico-sdk/lib/tinyusb/src/device/usbd.c.obj
 .bss._usbd_q   0x0000000020009774        0x4 CMakeFiles/experimental_schools_computer.dir/tree/downloaded_tools/pico/pico-sdk/lib/tinyusb/src/device/usbd.c.obj
 .bss.address   0x0000000020009778        0x4 CMakeFiles/experimental_schools_computer.dir/experimental_schools_computer.c.obj
                0x0000000020009778                address
 .bss.alarm_callbacks
                0x000000002000977c       0x10 CMakeFiles/experimental_schools_computer.dir/tree/downloaded_tools/pico/pico-sdk/src/rp2_common/hardware_timer/timer.c.obj
 .bss.auto_increment_address
                0x000000002000978c        0x4 CMakeFiles/experimental_schools_computer.dir/experimental_schools_computer.c.obj
                0x000000002000978c                auto_increment_address
 .bss.auto_increment_parameter
                0x0000000020009790        0x4 CMakeFiles/experimental_schools_computer.dir/experimental_schools_computer.c.obj
                0x0000000020009790                auto_increment_parameter
 .bss.boot2_copyout
                0x0000000020009794      0x100 CMakeFiles/experimental_schools_computer.dir/tree/downloaded_tools/pico/pico-sdk/src/rp2_common/hardware_flash/flash.c.obj
 .bss.claimed   0x0000000020009894        0x4 CMakeFiles/experimental_schools_computer.dir/tree/downloaded_tools/pico/pico-sdk/src/rp2_common/hardware_sync/sync.c.obj
 .bss.configured_freq
                0x0000000020009898       0x28 CMakeFiles/experimental_schools_computer.dir/tree/downloaded_tools/pico/pico-sdk/src/rp2_common/hardware_clocks/clocks.c.obj
 .bss.default_alarm_pool_entry_ids_high
                0x00000000200098c0       0x10 CMakeFiles/experimental_schools_computer.dir/tree/downloaded_tools/pico/pico-sdk/src/common/pico_time/time.c.obj
 .bss.default_alarm_pool_heap_nodes
                0x00000000200098d0       0x30 CMakeFiles/experimental_schools_computer.dir/tree/downloaded_tools/pico/pico-sdk/src/common/pico_time/time.c.obj
 .bss.desc_str.7071
                0x0000000020009900       0x28 CMakeFiles/experimental_schools_computer.dir/tree/downloaded_tools/pico/pico-sdk/src/rp2_common/pico_stdio_usb/stdio_usb_descriptors.c.obj
 .bss.drivers   0x0000000020009928        0x4 CMakeFiles/experimental_schools_computer.dir/tree/downloaded_tools/pico/pico-sdk/src/rp2_common/pico_stdio/stdio.c.obj
 .bss.filter    0x000000002000992c        0x4 CMakeFiles/experimental_schools_computer.dir/tree/downloaded_tools/pico/pico-sdk/src/rp2_common/pico_stdio/stdio.c.obj
 .bss.hw_endpoints
                0x0000000020009930      0x400 CMakeFiles/experimental_schools_computer.dir/tree/downloaded_tools/pico/pico-sdk/lib/tinyusb/src/portable/raspberrypi/rp2040/dcd_rp2040.c.obj
 .bss.keypress  0x0000000020009d30        0x4 CMakeFiles/experimental_schools_computer.dir/experimental_schools_computer.c.obj
                0x0000000020009d30                keypress
 .bss.lazy_vsnprintf
                0x0000000020009d34        0x4 CMakeFiles/experimental_schools_computer.dir/tree/downloaded_tools/pico/pico-sdk/src/rp2_common/pico_printf/printf.c.obj
 .bss.load_value