Archive member included to satisfy reference by file (symbol)

/usr/lib/gcc/arm-none-eabi/9.2.1/thumb/v6-m/nofp/libgcc.a(_dvmd_tls.o)
                              CMakeFiles/experimental_schools_computer.dir/tree/downloaded_tools/pico/pico-sdk/src/rp2_common/pico_divider/divider.S.obj (__aeabi_idiv0)
/usr/lib/gcc/arm-none-eabi/9.2.1/../../../arm-none-eabi/lib/thumb/v6-m/nofp/libc.a(lib_a-atexit.o)
                              /usr/lib/gcc/arm-none-eabi/9.2.1/../../../arm-none-eabi/lib/thumb/v6-m/nofp/crt0.o (atexit)
/usr/lib/gcc/arm-none-eabi/9.2.1/../../../arm-none-eabi/lib/thumb/v6-m/nofp/libc.a(lib_a-calloc.o)
                              CMakeFiles/experimental_schools_computer.dir/tree/downloaded_tools/pico/pico-sdk/src/rp2_common/pico_malloc/pico_malloc.c.obj (calloc)
/usr/lib/gcc/arm-none-eabi/9.2.1/../../../arm-none-eabi/lib/thumb/v6-m/nofp/libc.a(lib_a-callocr.o)
                              /usr/lib/gcc/arm-none-eabi/9.2.1/../../../arm-none-eabi/lib/thumb/v6-m/nofp/libc.a(lib_a-calloc.o) (_calloc_r)
/usr/lib/gcc/arm-none-eabi/9.2.1/../../../arm-none-eabi/lib/thumb/v6-m/nofp/libc.a(lib_a-fini.o)
                              /usr/lib/gcc/arm-none-eabi/9.2.1/../../../arm-none-eabi/lib/thumb/v6-m/nofp/crt0.o (__libc_fini_array)
/usr/lib/gcc/arm-none-eabi/9.2.1/../../../arm-none-eabi/lib/thumb/v6-m/nofp/libc.a(lib_a-impure.o)
                              /usr/lib/gcc/arm-none-eabi/9.2.1/../../../arm-none-eabi/lib/thumb/v6-m/nofp/libc.a(lib_a-calloc.o) (_impure_ptr)
/usr/lib/gcc/arm-none-eabi/9.2.1/../../../arm-none-eabi/lib/thumb/v6-m/nofp/libc.a(lib_a-init.o)
                              /usr/lib/gcc/arm-none-eabi/9.2.1/../../../arm-none-eabi/lib/thumb/v6-m/nofp/crt0.o (__libc_init_array)
/usr/lib/gcc/arm-none-eabi/9.2.1/../../../arm-none-eabi/lib/thumb/v6-m/nofp/libc.a(lib_a-malloc.o)
                              CMakeFiles/experimental_schools_computer.dir/tree/downloaded_tools/pico/pico-sdk/src/rp2_common/pico_malloc/pico_malloc.c.obj (malloc)
/usr/lib/gcc/arm-none-eabi/9.2.1/../../../arm-none-eabi/lib/thumb/v6-m/nofp/libc.a(lib_a-mallocr.o)
                              /usr/lib/gcc/arm-none-eabi/9.2.1/../../../arm-none-eabi/lib/thumb/v6-m/nofp/libc.a(lib_a-callocr.o) (_malloc_r)
/usr/lib/gcc/arm-none-eabi/9.2.1/../../../arm-none-eabi/lib/thumb/v6-m/nofp/libc.a(lib_a-mlock.o)
                              /usr/lib/gcc/arm-none-eabi/9.2.1/../../../arm-none-eabi/lib/thumb/v6-m/nofp/libc.a(lib_a-mallocr.o) (__malloc_lock)
/usr/lib/gcc/arm-none-eabi/9.2.1/../../../arm-none-eabi/lib/thumb/v6-m/nofp/libc.a(lib_a-realloc.o)
                              CMakeFiles/experimental_schools_computer.dir/tree/downloaded_tools/pico/pico-sdk/src/rp2_common/pico_malloc/pico_malloc.c.obj (realloc)
/usr/lib/gcc/arm-none-eabi/9.2.1/../../../arm-none-eabi/lib/thumb/v6-m/nofp/libc.a(lib_a-reallocr.o)
                              /usr/lib/gcc/arm-none-eabi/9.2.1/../../../arm-none-eabi/lib/thumb/v6-m/nofp/libc.a(lib_a-realloc.o) (_realloc_r)
/usr/lib/gcc/arm-none-eabi/9.2.1/../../../arm-none-eabi/lib/thumb/v6-m/nofp/libc.a(lib_a-sbrkr.o)
                              /usr/lib/gcc/arm-none-eabi/9.2.1/../../../arm-none-eabi/lib/thumb/v6-m/nofp/libc.a(lib_a-mallocr.o) (_sbrk_r)
/usr/lib/gcc/arm-none-eabi/9.2.1/../../../arm-none-eabi/lib/thumb/v6-m/nofp/libc.a(lib_a-stpcpy.o)
                              CMakeFiles/experimental_schools_computer.dir/experimental_schools_computer.c.obj (stpcpy)
/usr/lib/gcc/arm-none-eabi/9.2.1/../../../arm-none-eabi/lib/thumb/v6-m/nofp/libc.a(lib_a-strcat.o)
                              CMakeFiles/experimental_schools_computer.dir/experimental_schools_computer.c.obj (strcat)
/usr/lib/gcc/arm-none-eabi/9.2.1/../../../arm-none-eabi/lib/thumb/v6-m/nofp/libc.a(lib_a-strcpy.o)
                              CMakeFiles/experimental_schools_computer.dir/experimental_schools_computer.c.obj (strcpy)
/usr/lib/gcc/arm-none-eabi/9.2.1/../../../arm-none-eabi/lib/thumb/v6-m/nofp/libc.a(lib_a-strlen-stub.o)
                              CMakeFiles/experimental_schools_computer.dir/experimental_schools_computer.c.obj (strlen)
/usr/lib/gcc/arm-none-eabi/9.2.1/../../../arm-none-eabi/lib/thumb/v6-m/nofp/libc.a(lib_a-__atexit.o)
                              /usr/lib/gcc/arm-none-eabi/9.2.1/../../../arm-none-eabi/lib/thumb/v6-m/nofp/libc.a(lib_a-atexit.o) (__register_exitproc)
/usr/lib/gcc/arm-none-eabi/9.2.1/../../../arm-none-eabi/lib/thumb/v6-m/nofp/libc.a(lib_a-freer.o)
                              /usr/lib/gcc/arm-none-eabi/9.2.1/../../../arm-none-eabi/lib/thumb/v6-m/nofp/libc.a(lib_a-malloc.o) (_free_r)
/usr/lib/gcc/arm-none-eabi/9.2.1/../../../arm-none-eabi/lib/thumb/v6-m/nofp/libc.a(lib_a-memmove.o)
                              /usr/lib/gcc/arm-none-eabi/9.2.1/../../../arm-none-eabi/lib/thumb/v6-m/nofp/libc.a(lib_a-reallocr.o) (memmove)
/usr/lib/gcc/arm-none-eabi/9.2.1/../../../arm-none-eabi/lib/thumb/v6-m/nofp/libc.a(lib_a-reent.o)
[...]
Memory Configuration

Name             Origin             Length             Attributes
FLASH            0x0000000010000000 0x0000000000200000 xr
RAM              0x0000000020000000 0x0000000000040000 xrw
SCRATCH_X        0x0000000020040000 0x0000000000001000 xrw
SCRATCH_Y        0x0000000020041000 0x0000000000001000 xrw
*default*        0x0000000000000000 0xffffffffffffffff

Linker script and memory map

LOAD /usr/lib/gcc/arm-none-eabi/9.2.1/thumb/v6-m/nofp/crti.o
LOAD /usr/lib/gcc/arm-none-eabi/9.2.1/thumb/v6-m/nofp/crtbegin.o
LOAD /usr/lib/gcc/arm-none-eabi/9.2.1/../../../arm-none-eabi/lib/thumb/v6-m/nofp/crt0.o

.flash_begin    0x0000000010000000        0x0
                0x0000000010000000                __flash_binary_start = .

.boot2          0x0000000010000000      0x100
                0x0000000010000000                __boot2_start__ = .
 *(.boot2)
 .boot2         0x0000000010000000      0x100 /tmp/ccXmGOjr.o
                0x0000000010000100                __boot2_end__ = .
                0x0000000000000001                ASSERT (((__boot2_end__ - __boot2_start__) == 0x100), ERROR: Pico second stage bootloader must be 256 bytes in size)

.flashtext      0x0000000010000100      0x1e0
                0x0000000010000100                __logical_binary_start = .
 *(.vectors)
 .vectors       0x0000000010000100       0xd4 CMakeFiles/experimental_schools_computer.dir/tree/downloaded_tools/pico/pico-sdk/src/rp2_common/pico_standard_link/crt0.S.obj
                0x0000000010000100                __vectors
                0x0000000010000100                __VECTOR_TABLE
                0x00000000100001c0                isr_invalid
                0x00000000100001c0                __default_isrs_start
                0x00000000100001c2                isr_nmi
                0x00000000100001c4                isr_hardfault
                0x00000000100001c6                isr_svcall
                0x00000000100001c8                isr_pendsv
                0x00000000100001ca                isr_systick
                0x00000000100001cc                isr_irq30
                0x00000000100001cc                __unhandled_user_irq
                0x00000000100001cc                isr_irq13
                0x00000000100001cc                isr_irq27
                0x00000000100001cc                isr_irq31
                0x00000000100001cc                isr_irq5
                0x00000000100001cc                isr_irq11
                0x00000000100001cc                isr_irq23
                0x00000000100001cc                isr_irq18
                0x00000000100001cc                isr_irq28
                0x00000000100001cc                isr_irq19
                0x00000000100001cc                isr_irq0
                0x00000000100001cc                isr_irq6
                0x00000000100001cc                isr_irq22
                0x00000000100001cc                isr_irq17
                0x00000000100001cc                isr_irq14
                0x00000000100001cc                isr_irq2
                0x00000000100001cc                isr_irq10
                0x00000000100001cc                isr_irq8
                0x00000000100001cc                isr_irq24
                0x00000000100001cc                isr_irq1
                0x00000000100001cc                isr_irq7
                0x00000000100001cc                isr_irq21
                0x00000000100001cc                isr_irq20
                0x00000000100001cc                isr_irq15
                0x00000000100001cc                isr_irq25
                0x00000000100001cc                isr_irq4
                0x00000000100001cc                isr_irq16
                0x00000000100001cc                isr_irq29
                0x00000000100001cc                isr_irq26
                0x00000000100001cc                __default_isrs_end
                0x00000000100001cc                isr_irq3
                0x00000000100001cc                isr_irq12
                0x00000000100001cc                isr_irq9
                0x00000000100001d2                unhandled_user_irq_num_in_r0
 *(.binary_info_header)
 .binary_info_header
                0x00000000100001d4       0x14 CMakeFiles/experimental_schools_computer.dir/tree/downloaded_tools/pico/pico-sdk/src/rp2_common/pico_standard_link/crt0.S.obj
                0x00000000100001e8                __binary_info_header_end = .
 *(.reset)
 .reset         0x00000000100001e8       0xb4 CMakeFiles/experimental_schools_computer.dir/tree/downloaded_tools/pico/pico-sdk/src/rp2_common/pico_standard_link/crt0.S.obj
                0x00000000100001e8                _entry_point
                0x0000000010000272                __get_current_exception
 *fill*         0x000000001000029c        0x4 
 .reset.__stub  0x00000000100002a0       0x10 linker stubs
 .reset         0x00000000100002b0       0x30 CMakeFiles/experimental_schools_computer.dir/tree/downloaded_tools/pico/pico-sdk/src/rp2_common/pico_standard_link/binary_info.c.obj

.rodata         0x00000000100002e0        0x0
 *(SORT_BY_ALIGNMENT(SORT_BY_NAME(.flashdata*)))
                0x00000000100002e0                . = ALIGN (0x4)

.ARM.extab
 *(.ARM.extab* .gnu.linkonce.armextab.*)
                0x00000000100002e0                __exidx_start = .

.ARM.exidx
 *(.ARM.exidx* .gnu.linkonce.armexidx.*)
                0x00000000100002e0                __exidx_end = .
                0x00000000100002e0                . = ALIGN (0x4)
                0x00000000100002e0                __binary_info_start = .

.binary_info    0x00000000100002e0       0x2c
 *(.binary_info.keep.*)
 .binary_info.keep.__bi_ptr22
                0x00000000100002e0        0x4 CMakeFiles/experimental_schools_computer.dir/tree/downloaded_tools/pico/pico-sdk/src/rp2_common/pico_standard_link/binary_info.c.obj
 .binary_info.keep.__bi_ptr30
                0x00000000100002e4        0x4 CMakeFiles/experimental_schools_computer.dir/tree/downloaded_tools/pico/pico-sdk/src/rp2_common/pico_standard_link/binary_info.c.obj
 .binary_info.keep.__bi_ptr38
                0x00000000100002e8        0x4 CMakeFiles/experimental_schools_computer.dir/tree/downloaded_tools/pico/pico-sdk/src/rp2_common/pico_standard_link/binary_info.c.obj
 .binary_info.keep.__bi_ptr44
                0x00000000100002ec        0x4 CMakeFiles/experimental_schools_computer.dir/tree/downloaded_tools/pico/pico-sdk/src/rp2_common/pico_standard_link/binary_info.c.obj
 .binary_info.keep.__bi_ptr50
                0x00000000100002f0        0x4 CMakeFiles/experimental_schools_computer.dir/tree/downloaded_tools/pico/pico-sdk/src/rp2_common/pico_standard_link/binary_info.c.obj
 .binary_info.keep.__bi_ptr56
                0x00000000100002f4        0x4 CMakeFiles/experimental_schools_computer.dir/tree/downloaded_tools/pico/pico-sdk/src/rp2_common/pico_standard_link/binary_info.c.obj
 .binary_info.keep.__bi_ptr75
                0x00000000100002f8        0x4 CMakeFiles/experimental_schools_computer.dir/tree/downloaded_tools/pico/pico-sdk/src/rp2_common/pico_standard_link/binary_info.c.obj
 .binary_info.keep.__bi_ptr81
                0x00000000100002fc        0x4 CMakeFiles/experimental_schools_computer.dir/tree/downloaded_tools/pico/pico-sdk/src/rp2_common/pico_standard_link/binary_info.c.obj
 *(.binary_info.*)
 .binary_info.__bi_ptr28
                0x0000000010000300        0x4 CMakeFiles/experimental_schools_computer.dir/tree/downloaded_tools/pico/pico-sdk/src/rp2_common/pico_stdio_uart/stdio_uart.c.obj
 .binary_info.__bi_ptr29
                0x0000000010000304        0x4 CMakeFiles/experimental_schools_computer.dir/tree/downloaded_tools/pico/pico-sdk/src/rp2_common/pico_stdio_uart/stdio_uart.c.obj
 .binary_info.__bi_ptr118
                0x0000000010000308        0x4 CMakeFiles/experimental_schools_computer.dir/tree/downloaded_tools/pico/pico-sdk/src/rp2_common/pico_stdio_usb/stdio_usb.c.obj
                0x000000001000030c                __binary_info_end = .
                0x000000001000030c                . = ALIGN (0x4)

.ram_vector_table
                0x0000000020000000       0xc0
 *(.ram_vector_table)
 .ram_vector_table
                0x0000000020000000       0xc0 CMakeFiles/experimental_schools_computer.dir/tree/downloaded_tools/pico/pico-sdk/src/rp2_common/pico_runtime/runtime.c.obj
                0x0000000020000000                ram_vector_table

.text           0x00000000200000c0     0x9430 load address 0x000000001000030c
                0x00000000200000c0                __ram_text_start__ = .
 *(.init)
 .init          0x00000000200000c0        0x4 /usr/lib/gcc/arm-none-eabi/9.2.1/thumb/v6-m/nofp/crti.o
                0x00000000200000c0                _init
 *(.text*)
 .text          0x00000000200000c4       0x98 /usr/lib/gcc/arm-none-eabi/9.2.1/thumb/v6-m/nofp/crtbegin.o
 .text.null_entry_fn
                0x000000002000015c        0x4 CMakeFiles/experimental_schools_computer.dir/experimental_schools_computer.c.obj
                0x000000002000015c                null_entry_fn
 .text.state_esc_load_addr
                0x0000000020000160       0x18 CMakeFiles/experimental_schools_computer.dir/experimental_schools_computer.c.obj
                0x0000000020000160                state_esc_load_addr
 .text.state_esc_load_store
                0x0000000020000178       0x1c CMakeFiles/experimental_schools_computer.dir/experimental_schools_computer.c.obj
                0x0000000020000178                state_esc_load_store
 .text.state_esc_incr_addr
                0x0000000020000194       0x18 CMakeFiles/experimental_schools_computer.dir/experimental_schools_computer.c.obj
                0x0000000020000194                state_esc_incr_addr
 .text.state_esc_decr_addr
                0x00000000200001ac       0x18 CMakeFiles/experimental_schools_computer.dir/experimental_schools_computer.c.obj
                0x00000000200001ac                state_esc_decr_addr
 .text.state_esc_load_iar
                0x00000000200001c4       0x14 CMakeFiles/experimental_schools_computer.dir/experimental_schools_computer.c.obj
                0x00000000200001c4                state_esc_load_iar
 .text.state_esc_numeric
                0x00000000200001d8       0x18 CMakeFiles/experimental_schools_computer.dir/experimental_schools_computer.c.obj
                0x00000000200001d8                state_esc_numeric
 .text.state_esc_normal_reset
                0x00000000200001f0       0x48 CMakeFiles/experimental_schools_computer.dir/experimental_schools_computer.c.obj
                0x00000000200001f0                state_esc_normal_reset
 .text.state_esc_ki_reset
                0x0000000020000238       0x44 CMakeFiles/experimental_schools_computer.dir/experimental_schools_computer.c.obj
                0x0000000020000238                state_esc_ki_reset
 .text.state_esc_run
                0x000000002000027c        0xc CMakeFiles/experimental_schools_computer.dir/experimental_schools_computer.c.obj
                0x000000002000027c                state_esc_run
 .text.state_esc_stop
                0x0000000020000288        0xc CMakeFiles/experimental_schools_computer.dir/experimental_schools_computer.c.obj
                0x0000000020000288                state_esc_stop
 .text.cli_update_display
                0x0000000020000294       0x10 CMakeFiles/experimental_schools_computer.dir/experimental_schools_computer.c.obj
                0x0000000020000294                cli_update_display
 .text.cli_load_test_code
                0x00000000200002a4       0x44 CMakeFiles/experimental_schools_computer.dir/experimental_schools_computer.c.obj
                0x00000000200002a4                cli_load_test_code
 .text.cli_load_test_code_2
                0x00000000200002e8       0x28 CMakeFiles/experimental_schools_computer.dir/experimental_schools_computer.c.obj
                0x00000000200002e8                cli_load_test_code_2
 .text.cli_dump_store
                0x0000000020000310       0x4c CMakeFiles/experimental_schools_computer.dir/experimental_schools_computer.c.obj
                0x0000000020000310                cli_dump_store
 .text.serial_help
                0x000000002000035c       0x3c CMakeFiles/experimental_schools_computer.dir/experimental_schools_computer.c.obj
                0x000000002000035c                serial_help
 .text.cli_digit
                0x0000000020000398       0x20 CMakeFiles/experimental_schools_computer.dir/experimental_schools_computer.c.obj
                0x0000000020000398                cli_digit
 .text.cli_key_a
                0x00000000200003b8        0xc CMakeFiles/experimental_schools_computer.dir/experimental_schools_computer.c.obj
                0x00000000200003b8                cli_key_a
 .text.cli_key_b
                0x00000000200003c4        0xc CMakeFiles/experimental_schools_computer.dir/experimental_schools_computer.c.obj
                0x00000000200003c4                cli_key_b
 .text.cli_key_c
                0x00000000200003d0        0xc CMakeFiles/experimental_schools_computer.dir/experimental_schools_computer.c.obj
                0x00000000200003d0                cli_key_c
 .text.cli_normal_reset
                0x00000000200003dc        0xc CMakeFiles/experimental_schools_computer.dir/experimental_schools_computer.c.obj
                0x00000000200003dc                cli_normal_reset
 .text.cli_ki_reset
                0x00000000200003e8        0xc CMakeFiles/experimental_schools_computer.dir/experimental_schools_computer.c.obj
                0x00000000200003e8                cli_ki_reset
 .text.cli_load_iar
                0x00000000200003f4        0xc CMakeFiles/experimental_schools_computer.dir/experimental_schools_computer.c.obj
                0x00000000200003f4                cli_load_iar
 .text.cli_incr_addr
                0x0000000020000400        0xc CMakeFiles/experimental_schools_computer.dir/experimental_schools_computer.c.obj
                0x0000000020000400                cli_incr_addr
 .text.cli_decr_addr
                0x000000002000040c        0xc CMakeFiles/experimental_schools_computer.dir/experimental_schools_computer.c.obj
                0x000000002000040c                cli_decr_addr
 .text.cli_load_addr
                0x0000000020000418        0xc CMakeFiles/experimental_schools_computer.dir/experimental_schools_computer.c.obj
                0x0000000020000418                cli_load_addr
 .text.cli_load_store
                0x0000000020000424        0xc CMakeFiles/experimental_schools_computer.dir/experimental_schools_computer.c.obj
                0x0000000020000424                cli_load_store
 .text.cli_run  0x0000000020000430       0x18 CMakeFiles/experimental_schools_computer.dir/experimental_schools_computer.c.obj
                0x0000000020000430                cli_run
 .text.cli_stop
                0x0000000020000448       0x18 CMakeFiles/experimental_schools_computer.dir/experimental_schools_computer.c.obj
                0x0000000020000448                cli_stop
 .text.null_every_fn
                0x0000000020000460        0x4 CMakeFiles/experimental_schools_computer.dir/experimental_schools_computer.c.obj
                0x0000000020000460                null_every_fn
 .text.cli_boot_mass
                0x0000000020000464       0x14 CMakeFiles/experimental_schools_computer.dir/experimental_schools_computer.c.obj
                0x0000000020000464                cli_boot_mass
 .text.cli_dump
                0x0000000020000478      0x22c CMakeFiles/experimental_schools_computer.dir/experimental_schools_computer.c.obj
                0x0000000020000478                cli_dump
 .text.update_display.part.0.constprop.0
                0x00000000200006a4      0x2b4 CMakeFiles/experimental_schools_computer.dir/experimental_schools_computer.c.obj
 .text.state_esc_a_disp
                0x0000000020000958      0x1b8 CMakeFiles/experimental_schools_computer.dir/experimental_schools_computer.c.obj
                0x0000000020000958                state_esc_a_disp
 .text.register_assign_sum_register_register
                0x0000000020000b10      0x108 CMakeFiles/experimental_schools_computer.dir/experimental_schools_computer.c.obj
                0x0000000020000b10                register_assign_sum_register_register
 .text.state_esc_b_disp
                0x0000000020000c18      0x724 CMakeFiles/experimental_schools_computer.dir/experimental_schools_computer.c.obj
                0x0000000020000c18                state_esc_b_disp
 .text.stage_b_decode
                0x000000002000133c      0x4a4 CMakeFiles/experimental_schools_computer.dir/experimental_schools_computer.c.obj
                0x000000002000133c                stage_b_decode
 .text.stage_a_decode
                0x00000000200017e0       0xf4 CMakeFiles/experimental_schools_computer.dir/experimental_schools_computer.c.obj
                0x00000000200017e0                stage_a_decode
 .text.state_esc_c_disp
                0x00000000200018d4      0x1f8 CMakeFiles/experimental_schools_computer.dir/experimental_schools_computer.c.obj
                0x00000000200018d4                state_esc_c_disp
 .text.state_esc_execute
                0x0000000020001acc      0x1e4 CMakeFiles/experimental_schools_computer.dir/experimental_schools_computer.c.obj
                0x0000000020001acc                state_esc_execute
 .text.startup.main
                0x0000000020001cb0      0x150 CMakeFiles/experimental_schools_computer.dir/experimental_schools_computer.c.obj
                0x0000000020001cb0                main
 .text.do_fsm_core
                0x0000000020001e00       0xd8 CMakeFiles/experimental_schools_computer.dir/fsms.c.obj
                0x0000000020001e00                do_fsm_core
 .text.do_fsm   0x0000000020001ed8       0x20 CMakeFiles/experimental_schools_computer.dir/fsms.c.obj
                0x0000000020001ed8                do_fsm
 .text.queue_token
                0x0000000020001ef8       0x3c CMakeFiles/experimental_schools_computer.dir/fsms.c.obj
                0x0000000020001ef8                queue_token
 .text.unqueue_token
                0x0000000020001f34       0x30 CMakeFiles/experimental_schools_computer.dir/fsms.c.obj
                0x0000000020001f34                unqueue_token
 .text.token_queue_empty
                0x0000000020001f64       0x18 CMakeFiles/experimental_schools_computer.dir/fsms.c.obj
                0x0000000020001f64                token_queue_empty
 .text.match_token
                0x0000000020001f7c       0x24 CMakeFiles/experimental_schools_computer.dir/match_token.c.obj
                0x0000000020001f7c                match_token
 .text.set_sys_clock_pll
                0x0000000020001fa0       0x78 CMakeFiles/experimental_schools_computer.dir/tree/downloaded_tools/pico/pico-sdk/src/rp2_common/pico_stdlib/stdlib.c.obj
                0x0000000020001fa0                set_sys_clock_pll
 .text.check_sys_clock_khz
                0x0000000020002018      0x16c CMakeFiles/experimental_schools_computer.dir/tree/downloaded_tools/pico/pico-sdk/src/rp2_common/pico_stdlib/stdlib.c.obj
                0x0000000020002018                check_sys_clock_khz
 .text.gpio_set_function
                0x0000000020002184       0x30 CMakeFiles/experimental_schools_computer.dir/tree/downloaded_tools/pico/pico-sdk/src/rp2_common/hardware_gpio/gpio.c.obj
                0x0000000020002184                gpio_set_function
 .text.hw_claim_or_assert
                0x00000000200021b4       0x48 CMakeFiles/experimental_schools_computer.dir/tree/downloaded_tools/pico/pico-sdk/src/rp2_common/hardware_claim/claim.c.obj
                0x00000000200021b4                hw_claim_or_assert
 .text.hw_claim_unused_from_range
                0x00000000200021fc       0x9c CMakeFiles/experimental_schools_computer.dir/tree/downloaded_tools/pico/pico-sdk/src/rp2_common/hardware_claim/claim.c.obj
                0x00000000200021fc                hw_claim_unused_from_range
 .text.running_on_fpga
                0x0000000020002298       0x10 CMakeFiles/experimental_schools_computer.dir/tree/downloaded_tools/pico/pico-sdk/src/rp2_common/pico_platform/platform.c.obj
                0x0000000020002298                running_on_fpga
 .text.spin_locks_reset
                0x00000000200022a8       0x1c CMakeFiles/experimental_schools_computer.dir/tree/downloaded_tools/pico/pico-sdk/src/rp2_common/hardware_sync/sync.c.obj
                0x00000000200022a8                spin_locks_reset
 .text.next_striped_spin_lock_num
                0x00000000200022c4       0x18 CMakeFiles/experimental_schools_computer.dir/tree/downloaded_tools/pico/pico-sdk/src/rp2_common/hardware_sync/sync.c.obj
                0x00000000200022c4                next_striped_spin_lock_num
 .text.spin_lock_claim_unused
                0x00000000200022dc       0x20 CMakeFiles/experimental_schools_computer.dir/tree/downloaded_tools/pico/pico-sdk/src/rp2_common/hardware_sync/sync.c.obj
                0x00000000200022dc                spin_lock_claim_unused
 .text.irq_set_enabled
                0x00000000200022fc       0x24 CMakeFiles/experimental_schools_computer.dir/tree/downloaded_tools/pico/pico-sdk/src/rp2_common/hardware_irq/irq.c.obj
                0x00000000200022fc                irq_set_enabled
 .text.irq_set_pending
                0x0000000020002320       0x10 CMakeFiles/experimental_schools_computer.dir/tree/downloaded_tools/pico/pico-sdk/src/rp2_common/hardware_irq/irq.c.obj
                0x0000000020002320                irq_set_pending
 .text.irq_has_shared_handler
                0x0000000020002330       0x2c CMakeFiles/experimental_schools_computer.dir/tree/downloaded_tools/pico/pico-sdk/src/rp2_common/hardware_irq/irq.c.obj
                0x0000000020002330                irq_has_shared_handler
 .text.irq_get_vtable_handler
                0x000000002000235c       0x10 CMakeFiles/experimental_schools_computer.dir/tree/downloaded_tools/pico/pico-sdk/src/rp2_common/hardware_irq/irq.c.obj
                0x000000002000235c                irq_get_vtable_handler
 .text.irq_set_exclusive_handler
                0x000000002000236c       0x54 CMakeFiles/experimental_schools_computer.dir/tree/downloaded_tools/pico/pico-sdk/src/rp2_common/hardware_irq/irq.c.obj
                0x000000002000236c                irq_set_exclusive_handler
 .text.irq_add_shared_handler
                0x00000000200023c0      0x1c0 CMakeFiles/experimental_schools_computer.dir/tree/downloaded_tools/pico/pico-sdk/src/rp2_common/hardware_irq/irq.c.obj
                0x00000000200023c0                irq_add_shared_handler
 .text.irq_remove_handler
                0x0000000020002580      0x1b4 CMakeFiles/experimental_schools_computer.dir/tree/downloaded_tools/pico/pico-sdk/src/rp2_common/hardware_irq/irq.c.obj
                0x0000000020002580                irq_remove_handler
 .text.irq_add_tail_to_free_list
                0x0000000020002734       0xb8 CMakeFiles/experimental_schools_computer.dir/tree/downloaded_tools/pico/pico-sdk/src/rp2_common/hardware_irq/irq.c.obj
                0x0000000020002734                irq_add_tail_to_free_list
 .text.irq_init_priorities
                0x00000000200027ec       0x24 CMakeFiles/experimental_schools_computer.dir/tree/downloaded_tools/pico/pico-sdk/src/rp2_common/hardware_irq/irq.c.obj
                0x00000000200027ec                irq_init_priorities
 .text.user_irq_claim_unused
                0x0000000020002810       0x30 CMakeFiles/experimental_schools_computer.dir/tree/downloaded_tools/pico/pico-sdk/src/rp2_common/hardware_irq/irq.c.obj
                0x0000000020002810                user_irq_claim_unused
 .text.lock_init
                0x0000000020002840       0x10 CMakeFiles/experimental_schools_computer.dir/tree/downloaded_tools/pico/pico-sdk/src/common/pico_sync/lock_core.c.obj
                0x0000000020002840                lock_init
 .text.timer_pool_entry_comparator
                0x0000000020002850       0x34 CMakeFiles/experimental_schools_computer.dir/tree/downloaded_tools/pico/pico-sdk/src/common/pico_time/time.c.obj
                0x0000000020002850                timer_pool_entry_comparator
 .text.sleep_until_callback
                0x0000000020002884       0x30 CMakeFiles/experimental_schools_computer.dir/tree/downloaded_tools/pico/pico-sdk/src/common/pico_time/time.c.obj
 .text.alarm_pool_add_alarm_at.constprop.0
                0x00000000200028b4      0x128 CMakeFiles/experimental_schools_computer.dir/tree/downloaded_tools/pico/pico-sdk/src/common/pico_time/time.c.obj
 .text.add_alarm_under_lock
                0x00000000200029dc      0x108 CMakeFiles/experimental_schools_computer.dir/tree/downloaded_tools/pico/pico-sdk/src/common/pico_time/time.c.obj
 .text.alarm_pool_alarm_callback
                0x0000000020002ae4      0x1c8 CMakeFiles/experimental_schools_computer.dir/tree/downloaded_tools/pico/pico-sdk/src/common/pico_time/time.c.obj
 .text.alarm_pool_init_default
                0x0000000020002cac       0x64 CMakeFiles/experimental_schools_computer.dir/tree/downloaded_tools/pico/pico-sdk/src/common/pico_time/time.c.obj
                0x0000000020002cac                alarm_pool_init_default
 .text.alarm_pool_get_default
                0x0000000020002d10        0x8 CMakeFiles/experimental_schools_computer.dir/tree/downloaded_tools/pico/pico-sdk/src/common/pico_time/time.c.obj
                0x0000000020002d10                alarm_pool_get_default
 .text.alarm_pool_add_alarm_at
                0x0000000020002d18      0x1ac CMakeFiles/experimental_schools_computer.dir/tree/downloaded_tools/pico/pico-sdk/src/common/pico_time/time.c.obj
                0x0000000020002d18                alarm_pool_add_alarm_at
 .text.sleep_until
                0x0000000020002ec4       0xac CMakeFiles/experimental_schools_computer.dir/tree/downloaded_tools/pico/pico-sdk/src/common/pico_time/time.c.obj
                0x0000000020002ec4                sleep_until
 .text.sleep_ms
                0x0000000020002f70       0x38 CMakeFiles/experimental_schools_computer.dir/tree/downloaded_tools/pico/pico-sdk/src/common/pico_time/time.c.obj
                0x0000000020002f70                sleep_ms
 .text.best_effort_wfe_or_timeout
                0x0000000020002fa8       0xd4 CMakeFiles/experimental_schools_computer.dir/tree/downloaded_tools/pico/pico-sdk/src/common/pico_time/time.c.obj
                0x0000000020002fa8                best_effort_wfe_or_timeout
 .text.hardware_alarm_irq_handler
                0x000000002000307c       0xb8 CMakeFiles/experimental_schools_computer.dir/tree/downloaded_tools/pico/pico-sdk/src/rp2_common/hardware_timer/timer.c.obj
 .text.hardware_alarm_claim
                0x0000000020003134       0x18 CMakeFiles/experimental_schools_computer.dir/tree/downloaded_tools/pico/pico-sdk/src/rp2_common/hardware_timer/timer.c.obj
                0x0000000020003134                hardware_alarm_claim
 .text.time_us_64
                0x000000002000314c       0x14 CMakeFiles/experimental_schools_computer.dir/tree/downloaded_tools/pico/pico-sdk/src/rp2_common/hardware_timer/timer.c.obj
                0x000000002000314c                time_us_64
 .text.busy_wait_us
                0x0000000020003160       0x54 CMakeFiles/experimental_schools_computer.dir/tree/downloaded_tools/pico/pico-sdk/src/rp2_common/hardware_timer/timer.c.obj
                0x0000000020003160                busy_wait_us
 .text.busy_wait_until
                0x00000000200031b4       0x20 CMakeFiles/experimental_schools_computer.dir/tree/downloaded_tools/pico/pico-sdk/src/rp2_common/hardware_timer/timer.c.obj
                0x00000000200031b4                busy_wait_until
 .text.hardware_alarm_set_callback
                0x00000000200031d4       0x8c CMakeFiles/experimental_schools_computer.dir/tree/downloaded_tools/pico/pico-sdk/src/rp2_common/hardware_timer/timer.c.obj
                0x00000000200031d4                hardware_alarm_set_callback
 .text.hardware_alarm_set_target
                0x0000000020003260       0xe4 CMakeFiles/experimental_schools_computer.dir/tree/downloaded_tools/pico/pico-sdk/src/rp2_common/hardware_timer/timer.c.obj
                0x0000000020003260                hardware_alarm_set_target
 .text.hardware_alarm_cancel
                0x0000000020003344       0x40 CMakeFiles/experimental_schools_computer.dir/tree/downloaded_tools/pico/pico-sdk/src/rp2_common/hardware_timer/timer.c.obj
                0x0000000020003344                hardware_alarm_cancel
 .text.ph_merge_nodes
                0x0000000020003384       0x68 CMakeFiles/experimental_schools_computer.dir/tree/downloaded_tools/pico/pico-sdk/src/common/pico_util/pheap.c.obj
 .text.ph_post_alloc_init
                0x00000000200033ec       0x3c CMakeFiles/experimental_schools_computer.dir/tree/downloaded_tools/pico/pico-sdk/src/common/pico_util/pheap.c.obj
                0x00000000200033ec                ph_post_alloc_init
 .text.ph_merge_two_pass
                0x0000000020003428       0x90 CMakeFiles/experimental_schools_computer.dir/tree/downloaded_tools/pico/pico-sdk/src/common/pico_util/pheap.c.obj
                0x0000000020003428                ph_merge_two_pass
 .text.ph_remove_any_head
                0x00000000200034b8       0xf8 CMakeFiles/experimental_schools_computer.dir/tree/downloaded_tools/pico/pico-sdk/src/common/pico_util/pheap.c.obj
 .text.ph_remove_head
                0x00000000200035b0      0x13c CMakeFiles/experimental_schools_computer.dir/tree/downloaded_tools/pico/pico-sdk/src/common/pico_util/pheap.c.obj
                0x00000000200035b0                ph_remove_head
 .text.ph_remove_and_free_node
                0x00000000200036ec       0x7c CMakeFiles/experimental_schools_computer.dir/tree/downloaded_tools/pico/pico-sdk/src/common/pico_util/pheap.c.obj
                0x00000000200036ec                ph_remove_and_free_node
 .text.mutex_init
                0x0000000020003768       0x1c CMakeFiles/experimental_schools_computer.dir/tree/downloaded_tools/pico/pico-sdk/src/common/pico_sync/mutex.c.obj
                0x0000000020003768                mutex_init
 .text.recursive_mutex_init
                0x0000000020003784       0x1c CMakeFiles/experimental_schools_computer.dir/tree/downloaded_tools/pico/pico-sdk/src/common/pico_sync/mutex.c.obj
                0x0000000020003784                recursive_mutex_init
 .text.critical_section_init
                0x00000000200037a0       0x1c CMakeFiles/experimental_schools_computer.dir/tree/downloaded_tools/pico/pico-sdk/src/common/pico_sync/critical_section.c.obj
                0x00000000200037a0                critical_section_init
 .text.uart_init
                0x00000000200037bc       0xe4 CMakeFiles/experimental_schools_computer.dir/tree/downloaded_tools/pico/pico-sdk/src/rp2_common/hardware_uart/uart.c.obj
                0x00000000200037bc                uart_init
 .text.runtime_init
                0x00000000200038a0      0x130 CMakeFiles/experimental_schools_computer.dir/tree/downloaded_tools/pico/pico-sdk/src/rp2_common/pico_runtime/runtime.c.obj
                0x00000000200038a0                runtime_init
 .text.exit     0x00000000200039d0        0x4 CMakeFiles/experimental_schools_computer.dir/tree/downloaded_tools/pico/pico-sdk/src/rp2_common/pico_runtime/runtime.c.obj
                0x00000000200039d0                exit
 .text.panic    0x00000000200039d4       0x30 CMakeFiles/experimental_schools_computer.dir/tree/downloaded_tools/pico/pico-sdk/src/rp2_common/pico_runtime/runtime.c.obj
                0x00000000200039d4                panic
 .text.hard_assertion_failure
                0x0000000020003a04        0xc CMakeFiles/experimental_schools_computer.dir/tree/downloaded_tools/pico/pico-sdk/src/rp2_common/pico_runtime/runtime.c.obj
                0x0000000020003a04                hard_assertion_failure
 .text.clock_configure
                0x0000000020003a10      0x114 CMakeFiles/experimental_schools_computer.dir/tree/downloaded_tools/pico/pico-sdk/src/rp2_common/hardware_clocks/clocks.c.obj
                0x0000000020003a10                clock_configure
 .text.clocks_init
                0x0000000020003b24      0x2bc CMakeFiles/experimental_schools_computer.dir/tree/downloaded_tools/pico/pico-sdk/src/rp2_common/hardware_clocks/clocks.c.obj
                0x0000000020003b24                clocks_init
 .text.clock_get_hz
                0x0000000020003de0        0xc CMakeFiles/experimental_schools_computer.dir/tree/downloaded_tools/pico/pico-sdk/src/rp2_common/hardware_clocks/clocks.c.obj
                0x0000000020003de0                clock_get_hz
 .text.pll_init
                0x0000000020003dec       0xa8 CMakeFiles/experimental_schools_computer.dir/tree/downloaded_tools/pico/pico-sdk/src/rp2_common/hardware_pll/pll.c.obj
                0x0000000020003dec                pll_init
 .text.watchdog_start_tick
                0x0000000020003e94       0x10 CMakeFiles/experimental_schools_computer.dir/tree/downloaded_tools/pico/pico-sdk/src/rp2_common/hardware_watchdog/watchdog.c.obj
                0x0000000020003e94                watchdog_start_tick
 .text.watchdog_reboot
                0x0000000020003ea4       0x98 CMakeFiles/experimental_schools_computer.dir/tree/downloaded_tools/pico/pico-sdk/src/rp2_common/hardware_watchdog/watchdog.c.obj
                0x0000000020003ea4                watchdog_reboot
 .text.xosc_init
                0x0000000020003f3c       0x28 CMakeFiles/experimental_schools_computer.dir/tree/downloaded_tools/pico/pico-sdk/src/rp2_common/hardware_xosc/xosc.c.obj
                0x0000000020003f3c                xosc_init
 .text._out_buffer
                0x0000000020003f64        0x8 CMakeFiles/experimental_schools_computer.dir/tree/downloaded_tools/pico/pico-sdk/src/rp2_common/pico_printf/printf.c.obj
 .text._out_null
                0x0000000020003f6c        0x4 CMakeFiles/experimental_schools_computer.dir/tree/downloaded_tools/pico/pico-sdk/src/rp2_common/pico_printf/printf.c.obj
 .text._out_rev
                0x0000000020003f70       0xd0 CMakeFiles/experimental_schools_computer.dir/tree/downloaded_tools/pico/pico-sdk/src/rp2_common/pico_printf/printf.c.obj
 .text._ntoa_format
                0x0000000020004040      0x1d0 CMakeFiles/experimental_schools_computer.dir/tree/downloaded_tools/pico/pico-sdk/src/rp2_common/pico_printf/printf.c.obj
 .text._out_char
                0x0000000020004210       0x10 CMakeFiles/experimental_schools_computer.dir/tree/downloaded_tools/pico/pico-sdk/src/rp2_common/pico_printf/printf.c.obj
 .text._out_fct
                0x0000000020004220       0x10 CMakeFiles/experimental_schools_computer.dir/tree/downloaded_tools/pico/pico-sdk/src/rp2_common/pico_printf/printf.c.obj
 .text._etoa    0x0000000020004230      0x478 CMakeFiles/experimental_schools_computer.dir/tree/downloaded_tools/pico/pico-sdk/src/rp2_common/pico_printf/printf.c.obj
 .text._ftoa    0x00000000200046a8      0x3e0 CMakeFiles/experimental_schools_computer.dir/tree/downloaded_tools/pico/pico-sdk/src/rp2_common/pico_printf/printf.c.obj
 .text._vsnprintf
                0x0000000020004a88      0xb08 CMakeFiles/experimental_schools_computer.dir/tree/downloaded_tools/pico/pico-sdk/src/rp2_common/pico_printf/printf.c.obj
 .text.__wrap_sprintf
                0x0000000020005590       0x28 CMakeFiles/experimental_schools_computer.dir/tree/downloaded_tools/pico/pico-sdk/src/rp2_common/pico_printf/printf.c.obj
                0x0000000020005590                __wrap_sprintf
 .text.vfctprintf
                0x00000000200055b8       0x20 CMakeFiles/experimental_schools_computer.dir/tree/downloaded_tools/pico/pico-sdk/src/rp2_common/pico_printf/printf.c.obj
                0x00000000200055b8                vfctprintf
 .text.weak_raw_vprintf
                0x00000000200055d8       0x30 CMakeFiles/experimental_schools_computer.dir/tree/downloaded_tools/pico/pico-sdk/src/rp2_common/pico_printf/printf.c.obj
                0x00000000200055d8                weak_raw_vprintf
 .text          0x0000000020005608       0x10 CMakeFiles/experimental_schools_computer.dir/tree/downloaded_tools/pico/pico-sdk/src/rp2_common/pico_bit_ops/bit_ops_aeabi.S.obj
 .text.rom_func_lookup
                0x0000000020005618       0x10 CMakeFiles/experimental_schools_computer.dir/tree/downloaded_tools/pico/pico-sdk/src/rp2_common/pico_bootrom/bootrom.c.obj
                0x0000000020005618                rom_func_lookup
 .text.rom_data_lookup
                0x0000000020005628       0x10 CMakeFiles/experimental_schools_computer.dir/tree/downloaded_tools/pico/pico-sdk/src/rp2_common/pico_bootrom/bootrom.c.obj
                0x0000000020005628                rom_data_lookup
 .text.rom_funcs_lookup
                0x0000000020005638       0x3c CMakeFiles/experimental_schools_computer.dir/tree/downloaded_tools/pico/pico-sdk/src/rp2_common/pico_bootrom/bootrom.c.obj
                0x0000000020005638                rom_funcs_lookup
 .text.__wrap___aeabi_idiv
                0x0000000020005674       0x50 CMakeFiles/experimental_schools_computer.dir/tree/downloaded_tools/pico/pico-sdk/src/rp2_common/pico_divider/divider.S.obj
                0x0000000020005674                __wrap___aeabi_idivmod
                0x0000000020005674                divmod_s32s32
                0x0000000020005674                div_s32s32
                0x0000000020005674                __wrap___aeabi_idiv
                0x000000002000567c                divmod_s32s32_unsafe
                0x00000000200056a8                divmod_s32s32_savestate
 .text.__wrap___aeabi_uidiv
                0x00000000200056c4       0x4c CMakeFiles/experimental_schools_computer.dir/tree/downloaded_tools/pico/pico-sdk/src/rp2_common/pico_divider/divider.S.obj
                0x00000000200056c4                __wrap___aeabi_uidiv
                0x00000000200056c4                __wrap___aeabi_uidivmod
                0x00000000200056c4                div_u32u32
                0x00000000200056c4                divmod_u32u32
                0x00000000200056cc                divmod_u32u32_unsafe
                0x00000000200056f4                divmod_u32u32_savestate
 .text.__wrap___aeabi_ldiv
                0x0000000020005710      0x434 CMakeFiles/experimental_schools_computer.dir/tree/downloaded_tools/pico/pico-sdk/src/rp2_common/pico_divider/divider.S.obj
                0x0000000020005710                div_s64s64
                0x0000000020005710                divmod_s64s64
                0x0000000020005710                __wrap___aeabi_ldivmod
                0x0000000020005748                div_u64u64
                0x0000000020005748                divmod_u64u64
                0x0000000020005748                __wrap___aeabi_uldivmod
                0x0000000020005758                divmod_u64u64_savestate
                0x0000000020005780                divmod_s64s64_unsafe
                0x0000000020005808                divmod_u64u64_unsafe
 .text.__wrap___aeabi_darithmetic
                0x0000000020005b44       0x80 CMakeFiles/experimental_schools_computer.dir/tree/downloaded_tools/pico/pico-sdk/src/rp2_common/pico_double/double_aeabi.S.obj
                0x0000000020005b44                __wrap___aeabi_drsub
                0x0000000020005b4a                __wrap___aeabi_dsub
                0x0000000020005b5c                __wrap___aeabi_dadd
                0x0000000020005b6e                __wrap___aeabi_ddiv
                0x0000000020005baa                __wrap___aeabi_dmul
 .text.__wrap___aeabi_cdcmple
                0x0000000020005bc4       0x6c CMakeFiles/experimental_schools_computer.dir/tree/downloaded_tools/pico/pico-sdk/src/rp2_common/pico_double/double_aeabi.S.obj
                0x0000000020005bc4                __wrap___aeabi_cdrcmple
                0x0000000020005bd4                __wrap___aeabi_cdcmple
                0x0000000020005bd4                __wrap___aeabi_cdcmpeq
 .text.__wrap___aeabi_dcmplt
                0x0000000020005c30        0xc CMakeFiles/experimental_schools_computer.dir/tree/downloaded_tools/pico/pico-sdk/src/rp2_common/pico_double/double_aeabi.S.obj
                0x0000000020005c30                __wrap___aeabi_dcmplt
 .text.__wrap___aeabi_dcmple
                0x0000000020005c3c       0x10 CMakeFiles/experimental_schools_computer.dir/tree/downloaded_tools/pico/pico-sdk/src/rp2_common/pico_double/double_aeabi.S.obj
                0x0000000020005c3c                __wrap___aeabi_dcmple
 .text.__wrap___aeabi_dcmpge
                0x0000000020005c4c       0x10 CMakeFiles/experimental_schools_computer.dir/tree/downloaded_tools/pico/pico-sdk/src/rp2_common/pico_double/double_aeabi.S.obj
                0x0000000020005c4c                __wrap___aeabi_dcmpge
 .text.__wrap___aeabi_dcmpgt
                0x0000000020005c5c        0xa CMakeFiles/experimental_schools_computer.dir/tree/downloaded_tools/pico/pico-sdk/src/rp2_common/pico_double/double_aeabi.S.obj
                0x0000000020005c5c                __wrap___aeabi_dcmpgt
 .text.__wrap___aeabi_dcmpun
                0x0000000020005c66       0x1c CMakeFiles/experimental_schools_computer.dir/tree/downloaded_tools/pico/pico-sdk/src/rp2_common/pico_double/double_aeabi.S.obj
                0x0000000020005c66                __wrap___aeabi_dcmpun
 *fill*         0x0000000020005c82        0x2 
 .text.__wrap___aeabi_i2d
                0x0000000020005c84       0x38 CMakeFiles/experimental_schools_computer.dir/tree/downloaded_tools/pico/pico-sdk/src/rp2_common/pico_double/double_aeabi.S.obj
                0x0000000020005c84                __wrap___aeabi_ui2d
                0x0000000020005c8c                __wrap___aeabi_i2d
 .text.__wrap___aeabi_d2iz
                0x0000000020005cbc       0x48 CMakeFiles/experimental_schools_computer.dir/tree/downloaded_tools/pico/pico-sdk/src/rp2_common/pico_double/double_aeabi.S.obj
                0x0000000020005cbc                __wrap___aeabi_d2iz
                0x0000000020005cbc                double2int_z
 .text.__wrap___aeabi_d2uiz
                0x0000000020005d04       0x18 CMakeFiles/experimental_schools_computer.dir/tree/downloaded_tools/pico/pico-sdk/src/rp2_common/pico_double/double_aeabi.S.obj
                0x0000000020005d04                double2uint
                0x0000000020005d04                __wrap___aeabi_d2uiz
 .text.__aeabi_double_init
                0x0000000020005d1c       0xc0 CMakeFiles/experimental_schools_computer.dir/tree/downloaded_tools/pico/pico-sdk/src/rp2_common/pico_double/double_init_rom.c.obj
                0x0000000020005d1c                __aeabi_double_init
 .text.double_table_shim_on_use_helper
                0x0000000020005ddc       0x2c CMakeFiles/experimental_schools_computer.dir/tree/downloaded_tools/pico/pico-sdk/src/rp2_common/pico_double/double_v1_rom_shim.S.obj
                0x0000000020005ddc                double_table_shim_on_use_helper
 .text.__wrap___aeabi_dsub
                0x0000000020005e08       0x10 CMakeFiles/experimental_schools_computer.dir/tree/downloaded_tools/pico/pico-sdk/src/rp2_common/pico_double/double_v1_rom_shim.S.obj
                0x0000000020005e08                drsub_shim
                0x0000000020005e0e                dsub_shim
 .text.dadd_shim
                0x0000000020005e18      0x15c CMakeFiles/experimental_schools_computer.dir/tree/downloaded_tools/pico/pico-sdk/src/rp2_common/pico_double/double_v1_rom_shim.S.obj
                0x0000000020005e18                dadd_shim
 .text.dmul_shim
                0x0000000020005f74      0x15c CMakeFiles/experimental_schools_computer.dir/tree/downloaded_tools/pico/pico-sdk/src/rp2_common/pico_double/double_v1_rom_shim.S.obj
                0x0000000020005f74                dmul_shim
 .text.ddiv_shim
                0x00000000200060d0      0x1b0 CMakeFiles/experimental_schools_computer.dir/tree/downloaded_tools/pico/pico-sdk/src/rp2_common/pico_double/double_v1_rom_shim.S.obj
                0x00000000200060d0                ddiv_shim
 .text.double2uint_shim
                0x0000000020006280        0xe CMakeFiles/experimental_schools_computer.dir/tree/downloaded_tools/pico/pico-sdk/src/rp2_common/pico_double/double_v1_rom_shim.S.obj
                0x0000000020006280                double2uint_shim
                0x0000000020006282                double2ufix_shim
 *fill*         0x000000002000628e        0x2 
 .text.double2uint64_shim
                0x0000000020006290       0x70 CMakeFiles/experimental_schools_computer.dir/tree/downloaded_tools/pico/pico-sdk/src/rp2_common/pico_double/double_v1_rom_shim.S.obj
                0x0000000020006290                double2uint64_shim
                0x0000000020006292                double2ufix64_shim
                0x00000000200062b2                d2fix_a
 .text.dunpacks
                0x0000000020006300       0x3c CMakeFiles/experimental_schools_computer.dir/tree/downloaded_tools/pico/pico-sdk/src/rp2_common/pico_double/double_v1_rom_shim.S.obj
                0x0000000020006300                dunpacks
 .text.__aeabi_lmul
                0x000000002000633c       0x32 CMakeFiles/experimental_schools_computer.dir/tree/downloaded_tools/pico/pico-sdk/src/rp2_common/pico_int64_ops/pico_int64_ops_aeabi.S.obj
                0x000000002000633c                __wrap___aeabi_lmul
 *fill*         0x000000002000636e        0x2 
 .text.__aeabi_float_init
                0x0000000020006370       0x64 CMakeFiles/experimental_schools_computer.dir/tree/downloaded_tools/pico/pico-sdk/src/rp2_common/pico_float/float_init_rom.c.obj
                0x0000000020006370                __aeabi_float_init
 .text.float_table_shim_on_use_helper
                0x00000000200063d4       0x2c CMakeFiles/experimental_schools_computer.dir/tree/downloaded_tools/pico/pico-sdk/src/rp2_common/pico_float/float_v1_rom_shim.S.obj
                0x00000000200063d4                float_table_shim_on_use_helper
 .text          0x0000000020006400       0x10 CMakeFiles/experimental_schools_computer.dir/tree/downloaded_tools/pico/pico-sdk/src/rp2_common/pico_mem_ops/mem_ops_aeabi.S.obj
                0x0000000020006400                __aeabi_mem_init
 .text.memset   0x0000000020006410        0xc CMakeFiles/experimental_schools_computer.dir/tree/downloaded_tools/pico/pico-sdk/src/rp2_common/pico_mem_ops/mem_ops_aeabi.S.obj
                0x0000000020006410                __wrap_memset
 .text.memcpy   0x000000002000641c        0xc CMakeFiles/experimental_schools_computer.dir/tree/downloaded_tools/pico/pico-sdk/src/rp2_common/pico_mem_ops/mem_ops_aeabi.S.obj
                0x000000002000641c                __wrap___aeabi_memcpy
                0x000000002000641c                __wrap_memcpy
 .text.stdio_out_chars_no_crlf
                0x0000000020006428       0x10 CMakeFiles/experimental_schools_computer.dir/tree/downloaded_tools/pico/pico-sdk/src/rp2_common/pico_stdio/stdio.c.obj
 .text.stdio_out_chars_crlf
                0x0000000020006438       0x94 CMakeFiles/experimental_schools_computer.dir/tree/downloaded_tools/pico/pico-sdk/src/rp2_common/pico_stdio/stdio.c.obj
 .text.stdio_buffered_printer
                0x00000000200064cc       0x64 CMakeFiles/experimental_schools_computer.dir/tree/downloaded_tools/pico/pico-sdk/src/rp2_common/pico_stdio/stdio.c.obj
 .text.stdio_put_string
                0x0000000020006530      0x100 CMakeFiles/experimental_schools_computer.dir/tree/downloaded_tools/pico/pico-sdk/src/rp2_common/pico_stdio/stdio.c.obj
 .text.__wrap_putchar
                0x0000000020006630       0xa4 CMakeFiles/experimental_schools_computer.dir/tree/downloaded_tools/pico/pico-sdk/src/rp2_common/pico_stdio/stdio.c.obj
                0x0000000020006630                __wrap_putchar
 .text.__wrap_puts
                0x00000000200066d4       0x3c CMakeFiles/experimental_schools_computer.dir/tree/downloaded_tools/pico/pico-sdk/src/rp2_common/pico_stdio/stdio.c.obj
                0x00000000200066d4                __wrap_puts
 .text.stdio_set_driver_enabled
                0x0000000020006710       0x30 CMakeFiles/experimental_schools_computer.dir/tree/downloaded_tools/pico/pico-sdk/src/rp2_common/pico_stdio/stdio.c.obj
                0x0000000020006710                stdio_set_driver_enabled
 .text.stdio_flush
                0x0000000020006740       0x28 CMakeFiles/experimental_schools_computer.dir/tree/downloaded_tools/pico/pico-sdk/src/rp2_common/pico_stdio/stdio.c.obj
                0x0000000020006740                stdio_flush
 .text.__wrap_vprintf
                0x0000000020006768       0xd8 CMakeFiles/experimental_schools_computer.dir/tree/downloaded_tools/pico/pico-sdk/src/rp2_common/pico_stdio/stdio.c.obj
                0x0000000020006768                __wrap_vprintf
 .text.__wrap_printf
                0x0000000020006840       0x18 CMakeFiles/experimental_schools_computer.dir/tree/downloaded_tools/pico/pico-sdk/src/rp2_common/pico_stdio/stdio.c.obj
                0x0000000020006840                __wrap_printf
 .text.stdio_init_all
                0x0000000020006858        0xc CMakeFiles/experimental_schools_computer.dir/tree/downloaded_tools/pico/pico-sdk/src/rp2_common/pico_stdio/stdio.c.obj
                0x0000000020006858                stdio_init_all
 .text.getchar_timeout_us
                0x0000000020006864       0xa4 CMakeFiles/experimental_schools_computer.dir/tree/downloaded_tools/pico/pico-sdk/src/rp2_common/pico_stdio/stdio.c.obj
                0x0000000020006864                getchar_timeout_us
 .text.stdio_uart_out_chars
                0x0000000020006908       0x4c CMakeFiles/experimental_schools_computer.dir/tree/downloaded_tools/pico/pico-sdk/src/rp2_common/pico_stdio_uart/stdio_uart.c.obj
 .text.stdio_uart_in_chars
                0x0000000020006954       0x38 CMakeFiles/experimental_schools_computer.dir/tree/downloaded_tools/pico/pico-sdk/src/rp2_common/pico_stdio_uart/stdio_uart.c.obj
                0x0000000020006954                stdio_uart_in_chars
 .text.stdio_uart_init
                0x000000002000698c       0x48 CMakeFiles/experimental_schools_computer.dir/tree/downloaded_tools/pico/pico-sdk/src/rp2_common/pico_stdio_uart/stdio_uart.c.obj
                0x000000002000698c                stdio_uart_init
 .text.resetd_init
                0x00000000200069d4        0x4 CMakeFiles/experimental_schools_computer.dir/tree/downloaded_tools/pico/pico-sdk/src/rp2_common/pico_stdio_usb/reset_interface.c.obj
 .text.resetd_reset
                0x00000000200069d8        0xc CMakeFiles/experimental_schools_computer.dir/tree/downloaded_tools/pico/pico-sdk/src/rp2_common/pico_stdio_usb/reset_interface.c.obj
 .text.resetd_open
                0x00000000200069e4       0x28 CMakeFiles/experimental_schools_computer.dir/tree/downloaded_tools/pico/pico-sdk/src/rp2_common/pico_stdio_usb/reset_interface.c.obj
 .text.resetd_xfer_cb
                0x0000000020006a0c        0x4 CMakeFiles/experimental_schools_computer.dir/tree/downloaded_tools/pico/pico-sdk/src/rp2_common/pico_stdio_usb/reset_interface.c.obj
 .text.resetd_control_xfer_cb
                0x0000000020006a10       0x64 CMakeFiles/experimental_schools_computer.dir/tree/downloaded_tools/pico/pico-sdk/src/rp2_common/pico_stdio_usb/reset_interface.c.obj
 .text.usbd_app_driver_get_cb
                0x0000000020006a74        0xc CMakeFiles/experimental_schools_computer.dir/tree/downloaded_tools/pico/pico-sdk/src/rp2_common/pico_stdio_usb/reset_interface.c.obj
                0x0000000020006a74                usbd_app_driver_get_cb
 .text.tud_cdc_line_coding_cb
                0x0000000020006a80       0x34 CMakeFiles/experimental_schools_computer.dir/tree/downloaded_tools/pico/pico-sdk/src/rp2_common/pico_stdio_usb/reset_interface.c.obj
                0x0000000020006a80                tud_cdc_line_coding_cb
 .text.stdio_usb_in_chars
                0x0000000020006ab4       0x68 CMakeFiles/experimental_schools_computer.dir/tree/downloaded_tools/pico/pico-sdk/src/rp2_common/pico_stdio_usb/stdio_usb.c.obj
                0x0000000020006ab4                stdio_usb_in_chars
 .text.stdio_usb_out_chars
                0x0000000020006b1c       0xec CMakeFiles/experimental_schools_computer.dir/tree/downloaded_tools/pico/pico-sdk/src/rp2_common/pico_stdio_usb/stdio_usb.c.obj
 .text.timer_task
                0x0000000020006c08       0x18 CMakeFiles/experimental_schools_computer.dir/tree/downloaded_tools/pico/pico-sdk/src/rp2_common/pico_stdio_usb/stdio_usb.c.obj
 .text.usb_irq  0x0000000020006c20       0x10 CMakeFiles/experimental_schools_computer.dir/tree/downloaded_tools/pico/pico-sdk/src/rp2_common/pico_stdio_usb/stdio_usb.c.obj
 .text.low_priority_worker_irq
                0x0000000020006c30       0x24 CMakeFiles/experimental_schools_computer.dir/tree/downloaded_tools/pico/pico-sdk/src/rp2_common/pico_stdio_usb/stdio_usb.c.obj
 .text.stdio_usb_init
                0x0000000020006c54       0xb0 CMakeFiles/experimental_schools_computer.dir/tree/downloaded_tools/pico/pico-sdk/src/rp2_common/pico_stdio_usb/stdio_usb.c.obj
                0x0000000020006c54                stdio_usb_init
 .text.tud_descriptor_device_cb
                0x0000000020006d04        0x8 CMakeFiles/experimental_schools_computer.dir/tree/downloaded_tools/pico/pico-sdk/src/rp2_common/pico_stdio_usb/stdio_usb_descriptors.c.obj
                0x0000000020006d04                tud_descriptor_device_cb
 .text.tud_descriptor_configuration_cb
                0x0000000020006d0c        0x8 CMakeFiles/experimental_schools_computer.dir/tree/downloaded_tools/pico/pico-sdk/src/rp2_common/pico_stdio_usb/stdio_usb_descriptors.c.obj
                0x0000000020006d0c                tud_descriptor_configuration_cb
 .text.tud_descriptor_string_cb
                0x0000000020006d14       0x70 CMakeFiles/experimental_schools_computer.dir/tree/downloaded_tools/pico/pico-sdk/src/rp2_common/pico_stdio_usb/stdio_usb_descriptors.c.obj
                0x0000000020006d14                tud_descriptor_string_cb
 .text.dcd_rp2040_irq
                0x0000000020006d84      0x21c CMakeFiles/experimental_schools_computer.dir/tree/downloaded_tools/pico/pico-sdk/lib/tinyusb/src/portable/raspberrypi/rp2040/dcd_rp2040.c.obj
 .text.dcd_int_enable
                0x0000000020006fa0        0xc CMakeFiles/experimental_schools_computer.dir/tree/downloaded_tools/pico/pico-sdk/lib/tinyusb/src/portable/raspberrypi/rp2040/dcd_rp2040.c.obj
                0x0000000020006fa0                dcd_int_enable
 .text.dcd_set_address
                0x0000000020006fac       0x14 CMakeFiles/experimental_schools_computer.dir/tree/downloaded_tools/pico/pico-sdk/lib/tinyusb/src/portable/raspberrypi/rp2040/dcd_rp2040.c.obj
                0x0000000020006fac                dcd_set_address
 .text.dcd_connect
                0x0000000020006fc0       0x10 CMakeFiles/experimental_schools_computer.dir/tree/downloaded_tools/pico/pico-sdk/lib/tinyusb/src/portable/raspberrypi/rp2040/dcd_rp2040.c.obj
                0x0000000020006fc0                dcd_connect
 .text.dcd_init
                0x0000000020006fd0      0x148 CMakeFiles/experimental_schools_computer.dir/tree/downloaded_tools/pico/pico-sdk/lib/tinyusb/src/portable/raspberrypi/rp2040/dcd_rp2040.c.obj
                0x0000000020006fd0                dcd_init
 .text.dcd_edpt0_status_complete
                0x0000000020007118       0x1c CMakeFiles/experimental_schools_computer.dir/tree/downloaded_tools/pico/pico-sdk/lib/tinyusb/src/portable/raspberrypi/rp2040/dcd_rp2040.c.obj
                0x0000000020007118                dcd_edpt0_status_complete
 .text.dcd_edpt_open
                0x0000000020007134       0xf0 CMakeFiles/experimental_schools_computer.dir/tree/downloaded_tools/pico/pico-sdk/lib/tinyusb/src/portable/raspberrypi/rp2040/dcd_rp2040.c.obj
                0x0000000020007134                dcd_edpt_open
 .text.dcd_edpt_close_all
                0x0000000020007224       0xbc CMakeFiles/experimental_schools_computer.dir/tree/downloaded_tools/pico/pico-sdk/lib/tinyusb/src/portable/raspberrypi/rp2040/dcd_rp2040.c.obj
                0x0000000020007224                dcd_edpt_close_all
 .text.dcd_edpt_xfer
                0x00000000200072e0       0x24 CMakeFiles/experimental_schools_computer.dir/tree/downloaded_tools/pico/pico-sdk/lib/tinyusb/src/portable/raspberrypi/rp2040/dcd_rp2040.c.obj
                0x00000000200072e0                dcd_edpt_xfer
 .text.dcd_edpt_stall
                0x0000000020007304       0x38 CMakeFiles/experimental_schools_computer.dir/tree/downloaded_tools/pico/pico-sdk/lib/tinyusb/src/portable/raspberrypi/rp2040/dcd_rp2040.c.obj
                0x0000000020007304                dcd_edpt_stall
 .text.dcd_edpt_clear_stall
                0x000000002000733c       0x30 CMakeFiles/experimental_schools_computer.dir/tree/downloaded_tools/pico/pico-sdk/lib/tinyusb/src/portable/raspberrypi/rp2040/dcd_rp2040.c.obj
                0x000000002000733c                dcd_edpt_clear_stall
 .text._hw_endpoint_buffer_control_update32.part.0
                0x000000002000736c       0x20 CMakeFiles/experimental_schools_computer.dir/tree/downloaded_tools/pico/pico-sdk/lib/tinyusb/src/portable/raspberrypi/rp2040/rp2040_usb.c.obj
 .text.rp2040_usb_init
                0x000000002000738c       0x4c CMakeFiles/experimental_schools_computer.dir/tree/downloaded_tools/pico/pico-sdk/lib/tinyusb/src/portable/raspberrypi/rp2040/rp2040_usb.c.obj
                0x000000002000738c                rp2040_usb_init
 .text.hw_endpoint_reset_transfer
                0x00000000200073d8        0xc CMakeFiles/experimental_schools_computer.dir/tree/downloaded_tools/pico/pico-sdk/lib/tinyusb/src/portable/raspberrypi/rp2040/rp2040_usb.c.obj
                0x00000000200073d8                hw_endpoint_reset_transfer
 .text._hw_endpoint_buffer_control_update32
                0x00000000200073e4       0x40 CMakeFiles/experimental_schools_computer.dir/tree/downloaded_tools/pico/pico-sdk/lib/tinyusb/src/portable/raspberrypi/rp2040/rp2040_usb.c.obj
                0x00000000200073e4                _hw_endpoint_buffer_control_update32
 .text.hw_endpoint_xfer_start
                0x0000000020007424      0x138 CMakeFiles/experimental_schools_computer.dir/tree/downloaded_tools/pico/pico-sdk/lib/tinyusb/src/portable/raspberrypi/rp2040/rp2040_usb.c.obj
                0x0000000020007424                hw_endpoint_xfer_start
 .text.hw_endpoint_xfer_continue
                0x000000002000755c      0x1e4 CMakeFiles/experimental_schools_computer.dir/tree/downloaded_tools/pico/pico-sdk/lib/tinyusb/src/portable/raspberrypi/rp2040/rp2040_usb.c.obj
                0x000000002000755c                hw_endpoint_xfer_continue
 .text.tud_mounted
                0x0000000020007740       0x10 CMakeFiles/experimental_schools_computer.dir/tree/downloaded_tools/pico/pico-sdk/lib/tinyusb/src/device/usbd.c.obj
                0x0000000020007740                tud_mounted
 .text.tud_suspended
                0x0000000020007750       0x10 CMakeFiles/experimental_schools_computer.dir/tree/downloaded_tools/pico/pico-sdk/lib/tinyusb/src/device/usbd.c.obj
                0x0000000020007750                tud_suspended
 .text.tud_inited
                0x0000000020007760        0xc CMakeFiles/experimental_schools_computer.dir/tree/downloaded_tools/pico/pico-sdk/lib/tinyusb/src/device/usbd.c.obj
                0x0000000020007760                tud_inited
 .text.tud_init
                0x000000002000776c       0xd8 CMakeFiles/experimental_schools_computer.dir/tree/downloaded_tools/pico/pico-sdk/lib/tinyusb/src/device/usbd.c.obj
                0x000000002000776c                tud_init
 .text.tud_task
                0x0000000020007844      0x8ec CMakeFiles/experimental_schools_computer.dir/tree/downloaded_tools/pico/pico-sdk/lib/tinyusb/src/device/usbd.c.obj
                0x0000000020007844                tud_task
 .text.dcd_event_bus_signal
                0x0000000020008130      0x120 CMakeFiles/experimental_schools_computer.dir/tree/downloaded_tools/pico/pico-sdk/lib/tinyusb/src/device/usbd.c.obj
                0x0000000020008130                dcd_event_bus_signal
 .text.dcd_event_bus_reset
                0x0000000020008250       0x54 CMakeFiles/experimental_schools_computer.dir/tree/downloaded_tools/pico/pico-sdk/lib/tinyusb/src/device/usbd.c.obj
                0x0000000020008250                dcd_event_bus_reset
 .text.dcd_event_setup_received
                0x00000000200082a4       0x50 CMakeFiles/experimental_schools_computer.dir/tree/downloaded_tools/pico/pico-sdk/lib/tinyusb/src/device/usbd.c.obj
                0x00000000200082a4                dcd_event_setup_received
 .text.dcd_event_xfer_complete
                0x00000000200082f4       0x68 CMakeFiles/experimental_schools_computer.dir/tree/downloaded_tools/pico/pico-sdk/lib/tinyusb/src/device/usbd.c.obj
                0x00000000200082f4                dcd_event_xfer_complete
 .text.usbd_open_edpt_pair
                0x000000002000835c       0x80 CMakeFiles/experimental_schools_computer.dir/tree/downloaded_tools/pico/pico-sdk/lib/tinyusb/src/device/usbd.c.obj
                0x000000002000835c                usbd_open_edpt_pair
 .text.usbd_edpt_open
                0x00000000200083dc       0x30 CMakeFiles/experimental_schools_computer.dir/tree/downloaded_tools/pico/pico-sdk/lib/tinyusb/src/device/usbd.c.obj
                0x00000000200083dc                usbd_edpt_open
 .text.usbd_edpt_claim
                0x000000002000840c       0x64 CMakeFiles/experimental_schools_computer.dir/tree/downloaded_tools/pico/pico-sdk/lib/tinyusb/src/device/usbd.c.obj
                0x000000002000840c                usbd_edpt_claim
 .text.usbd_edpt_release
                0x0000000020008470       0x4c CMakeFiles/experimental_schools_computer.dir/tree/downloaded_tools/pico/pico-sdk/lib/tinyusb/src/device/usbd.c.obj
                0x0000000020008470                usbd_edpt_release
 .text.usbd_edpt_xfer
                0x00000000200084bc       0x48 CMakeFiles/experimental_schools_computer.dir/tree/downloaded_tools/pico/pico-sdk/lib/tinyusb/src/device/usbd.c.obj
                0x00000000200084bc                usbd_edpt_xfer
 .text.tud_control_status
                0x0000000020008504       0x30 CMakeFiles/experimental_schools_computer.dir/tree/downloaded_tools/pico/pico-sdk/lib/tinyusb/src/device/usbd_control.c.obj
                0x0000000020008504                tud_control_status
 .text.tud_control_xfer
                0x0000000020008534       0xb8 CMakeFiles/experimental_schools_computer.dir/tree/downloaded_tools/pico/pico-sdk/lib/tinyusb/src/device/usbd_control.c.obj
                0x0000000020008534                tud_control_xfer
 .text.usbd_control_reset
                0x00000000200085ec       0x14 CMakeFiles/experimental_schools_computer.dir/tree/downloaded_tools/pico/pico-sdk/lib/tinyusb/src/device/usbd_control.c.obj
                0x00000000200085ec                usbd_control_reset
 .text.usbd_control_set_complete_callback
                0x0000000020008600        0xc CMakeFiles/experimental_schools_computer.dir/tree/downloaded_tools/pico/pico-sdk/lib/tinyusb/src/device/usbd_control.c.obj
                0x0000000020008600                usbd_control_set_complete_callback
 .text.usbd_control_set_request
                0x000000002000860c       0x1c CMakeFiles/experimental_schools_computer.dir/tree/downloaded_tools/pico/pico-sdk/lib/tinyusb/src/device/usbd_control.c.obj
                0x000000002000860c                usbd_control_set_request
 .text.usbd_control_xfer_cb
                0x0000000020008628       0xf8 CMakeFiles/experimental_schools_computer.dir/tree/downloaded_tools/pico/pico-sdk/lib/tinyusb/src/device/usbd_control.c.obj
                0x0000000020008628                usbd_control_xfer_cb
 .text.tud_cdc_n_connected
                0x0000000020008720       0x30 CMakeFiles/experimental_schools_computer.dir/tree/downloaded_tools/pico/pico-sdk/lib/tinyusb/src/class/cdc/cdc_device.c.obj
                0x0000000020008720                tud_cdc_n_connected
 .text.tud_cdc_n_available
                0x0000000020008750       0x18 CMakeFiles/experimental_schools_computer.dir/tree/downloaded_tools/pico/pico-sdk/lib/tinyusb/src/class/cdc/cdc_device.c.obj
                0x0000000020008750                tud_cdc_n_available
 .text.tud_cdc_n_read
                0x0000000020008768       0x70 CMakeFiles/experimental_schools_computer.dir/tree/downloaded_tools/pico/pico-sdk/lib/tinyusb/src/class/cdc/cdc_device.c.obj
                0x0000000020008768                tud_cdc_n_read
 .text.tud_cdc_n_write_flush
                0x00000000200087d8       0x78 CMakeFiles/experimental_schools_computer.dir/tree/downloaded_tools/pico/pico-sdk/lib/tinyusb/src/class/cdc/cdc_device.c.obj
                0x00000000200087d8                tud_cdc_n_write_flush
 .text.tud_cdc_n_write
                0x0000000020008850       0x34 CMakeFiles/experimental_schools_computer.dir/tree/downloaded_tools/pico/pico-sdk/lib/tinyusb/src/class/cdc/cdc_device.c.obj
                0x0000000020008850                tud_cdc_n_write
 .text.tud_cdc_n_write_available
                0x0000000020008884       0x18 CMakeFiles/experimental_schools_computer.dir/tree/downloaded_tools/pico/pico-sdk/lib/tinyusb/src/class/cdc/cdc_device.c.obj
                0x0000000020008884                tud_cdc_n_write_available
 .text.cdcd_init
                0x000000002000889c       0x7c CMakeFiles/experimental_schools_computer.dir/tree/downloaded_tools/pico/pico-sdk/lib/tinyusb/src/class/cdc/cdc_device.c.obj
                0x000000002000889c                cdcd_init
 .text.cdcd_reset
                0x0000000020008918       0x2c CMakeFiles/experimental_schools_computer.dir/tree/downloaded_tools/pico/pico-sdk/lib/tinyusb/src/class/cdc/cdc_device.c.obj
                0x0000000020008918                cdcd_reset
 .text.cdcd_open
                0x0000000020008944       0xe4 CMakeFiles/experimental_schools_computer.dir/tree/downloaded_tools/pico/pico-sdk/lib/tinyusb/src/class/cdc/cdc_device.c.obj
                0x0000000020008944                cdcd_open
 .text.cdcd_control_xfer_cb
                0x0000000020008a28       0xe4 CMakeFiles/experimental_schools_computer.dir/tree/downloaded_tools/pico/pico-sdk/lib/tinyusb/src/class/cdc/cdc_device.c.obj
                0x0000000020008a28                cdcd_control_xfer_cb
 .text.cdcd_xfer_cb
                0x0000000020008b0c      0x198 CMakeFiles/experimental_schools_computer.dir/tree/downloaded_tools/pico/pico-sdk/lib/tinyusb/src/class/cdc/cdc_device.c.obj
                0x0000000020008b0c                cdcd_xfer_cb
 .text.tusb_init
                0x0000000020008ca4        0xc CMakeFiles/experimental_schools_computer.dir/tree/downloaded_tools/pico/pico-sdk/lib/tinyusb/src/tusb.c.obj
                0x0000000020008ca4                tusb_init
 .text.tusb_inited
                0x0000000020008cb0        0x8 CMakeFiles/experimental_schools_computer.dir/tree/downloaded_tools/pico/pico-sdk/lib/tinyusb/src/tusb.c.obj
                0x0000000020008cb0                tusb_inited
 .text.tu_edpt_validate
                0x0000000020008cb8       0x78 CMakeFiles/experimental_schools_computer.dir/tree/downloaded_tools/pico/pico-sdk/lib/tinyusb/src/tusb.c.obj
                0x0000000020008cb8                tu_edpt_validate
 .text.tu_edpt_bind_driver
                0x0000000020008d30       0x2c CMakeFiles/experimental_schools_computer.dir/tree/downloaded_tools/pico/pico-sdk/lib/tinyusb/src/tusb.c.obj
                0x0000000020008d30                tu_edpt_bind_driver
 .text.tu_fifo_config
                0x0000000020008d5c       0x78 CMakeFiles/experimental_schools_computer.dir/tree/downloaded_tools/pico/pico-sdk/lib/tinyusb/src/common/tusb_fifo.c.obj
                0x0000000020008d5c                tu_fifo_config
 .text.tu_fifo_count
                0x0000000020008dd4       0x20 CMakeFiles/experimental_schools_computer.dir/tree/downloaded_tools/pico/pico-sdk/lib/tinyusb/src/common/tusb_fifo.c.obj
                0x0000000020008dd4                tu_fifo_count
 .text.tu_fifo_empty
                0x0000000020008df4       0x10 CMakeFiles/experimental_schools_computer.dir/tree/downloaded_tools/pico/pico-sdk/lib/tinyusb/src/common/tusb_fifo.c.obj
                0x0000000020008df4                tu_fifo_empty
 .text.tu_fifo_remaining
                0x0000000020008e04       0x1c CMakeFiles/experimental_schools_computer.dir/tree/downloaded_tools/pico/pico-sdk/lib/tinyusb/src/common/tusb_fifo.c.obj
                0x0000000020008e04                tu_fifo_remaining
 .text.tu_fifo_read
                0x0000000020008e20       0x9c CMakeFiles/experimental_schools_computer.dir/tree/downloaded_tools/pico/pico-sdk/lib/tinyusb/src/common/tusb_fifo.c.obj
                0x0000000020008e20                tu_fifo_read
 .text.tu_fifo_read_n
                0x0000000020008ebc      0x100 CMakeFiles/experimental_schools_computer.dir/tree/downloaded_tools/pico/pico-sdk/lib/tinyusb/src/common/tusb_fifo.c.obj
                0x0000000020008ebc                tu_fifo_read_n
 .text.tu_fifo_write
                0x0000000020008fbc       0x7c CMakeFiles/experimental_schools_computer.dir/tree/downloaded_tools/pico/pico-sdk/lib/tinyusb/src/common/tusb_fifo.c.obj
                0x0000000020008fbc                tu_fifo_write
 .text.tu_fifo_write_n
                0x0000000020009038       0xf8 CMakeFiles/experimental_schools_computer.dir/tree/downloaded_tools/pico/pico-sdk/lib/tinyusb/src/common/tusb_fifo.c.obj
                0x0000000020009038                tu_fifo_write_n
 .text.tu_fifo_clear
                0x0000000020009130       0x4c CMakeFiles/experimental_schools_computer.dir/tree/downloaded_tools/pico/pico-sdk/lib/tinyusb/src/common/tusb_fifo.c.obj
                0x0000000020009130                tu_fifo_clear
 .text.tu_fifo_set_overwritable
                0x000000002000917c       0x3c CMakeFiles/experimental_schools_computer.dir/tree/downloaded_tools/pico/pico-sdk/lib/tinyusb/src/common/tusb_fifo.c.obj
                0x000000002000917c                tu_fifo_set_overwritable
 .text.startup._retrieve_unique_id_on_boot
                0x00000000200091b8       0x10 CMakeFiles/experimental_schools_computer.dir/tree/downloaded_tools/pico/pico-sdk/src/rp2_common/pico_unique_id/unique_id.c.obj
 .text.pico_get_unique_board_id_string
                0x00000000200091c8      0x1bc CMakeFiles/experimental_schools_computer.dir/tree/downloaded_tools/pico/pico-sdk/src/rp2_common/pico_unique_id/unique_id.c.obj
                0x00000000200091c8                pico_get_unique_board_id_string
 .text.flash_get_unique_id
                0x0000000020009384       0x40 CMakeFiles/experimental_schools_computer.dir/tree/downloaded_tools/pico/pico-sdk/src/rp2_common/hardware_flash/flash.c.obj
                0x0000000020009384                flash_get_unique_id
 .text          0x00000000200093c4        0x4 /usr/lib/gcc/arm-none-eabi/9.2.1/thumb/v6-m/nofp/libgcc.a(_dvmd_tls.o)
                0x00000000200093c4                __aeabi_ldiv0
                0x00000000200093c4                __aeabi_idiv0
 .text          0x00000000200093c8       0x48 /usr/lib/gcc/arm-none-eabi/9.2.1/../../../arm-none-eabi/lib/thumb/v6-m/nofp/libc.a(lib_a-stpcpy.o)
                0x00000000200093c8                stpcpy
 .text          0x0000000020009410       0x50 /usr/lib/gcc/arm-none-eabi/9.2.1/../../../arm-none-eabi/lib/thumb/v6-m/nofp/libc.a(lib_a-strcat.o)
                0x0000000020009410                strcat
 .text          0x0000000020009460       0x10 /usr/lib/gcc/arm-none-eabi/9.2.1/../../../arm-none-eabi/lib/thumb/v6-m/nofp/libc.a(lib_a-strcpy.o)
                0x0000000020009460                strcpy
 .text          0x0000000020009470       0x68 /usr/lib/gcc/arm-none-eabi/9.2.1/../../../arm-none-eabi/lib/thumb/v6-m/nofp/libc.a(lib_a-strlen-stub.o)
                0x0000000020009470                strlen
 *(.fini)
 .fini          0x00000000200094d8        0x4 /usr/lib/gcc/arm-none-eabi/9.2.1/thumb/v6-m/nofp/crti.o
                0x00000000200094d8                _fini
 *fill*         0x00000000200094dc        0x4 
 .fini.__stub   0x00000000200094e0       0x10 linker stubs
 *crtbegin.o(.ctors)
 *crtbegin?.o(.ctors)
 *(EXCLUDE_FILE(*crtend.o *crtend?.o) .ctors)
 *(SORT_BY_NAME(.ctors.*))
 *(.ctors)
 *crtbegin.o(.dtors)
 *crtbegin?.o(.dtors)
 *(EXCLUDE_FILE(*crtend.o *crtend?.o) .dtors)
 *(SORT_BY_NAME(.dtors.*))
 *(.dtors)
 *(.eh_frame*)
 .eh_frame      0x00000000200094f0        0x0 /usr/lib/gcc/arm-none-eabi/9.2.1/thumb/v6-m/nofp/crtbegin.o
                0x00000000200094f0                . = ALIGN (0x4)
                0x00000000200094f0                __ram_text_end__ = .
                0x000000001000030c                __ram_text_source__ = LOADADDR (.text)

.glue_7         0x00000000200094f0        0x0 load address 0x000000001000973c
 .glue_7        0x00000000200094f0        0x0 linker stubs

.glue_7t        0x00000000200094f0        0x0 load address 0x000000001000973c
 .glue_7t       0x00000000200094f0        0x0 linker stubs

.vfp11_veneer   0x00000000200094f0        0x0 load address 0x000000001000973c
 .vfp11_veneer  0x00000000200094f0        0x0 linker stubs

.v4_bx          0x00000000200094f0        0x0 load address 0x000000001000973c
 .v4_bx         0x00000000200094f0        0x0 linker stubs

.iplt           0x00000000200094f0        0x0 load address 0x000000001000973c
 .iplt          0x00000000200094f0        0x0 /usr/lib/gcc/arm-none-eabi/9.2.1/thumb/v6-m/nofp/crtbegin.o

.rel.dyn        0x00000000200094f0        0x0 load address 0x000000001000973c
 .rel.iplt      0x00000000200094f0        0x0 /usr/lib/gcc/arm-none-eabi/9.2.1/thumb/v6-m/nofp/crtbegin.o

.data           0x00000000200094f0     0x12bc load address 0x000000001000973c
                0x00000000200094f0                __data_start__ = .
 *(vtable)
 *(.time_critical*)
 .time_critical.mutex_enter_blocking
                0x00000000200094f0       0x48 CMakeFiles/experimental_schools_computer.dir/tree/downloaded_tools/pico/pico-sdk/src/common/pico_sync/mutex.c.obj
                0x00000000200094f0                mutex_enter_blocking
 .time_critical.mutex_try_enter
                0x0000000020009538       0x48 CMakeFiles/experimental_schools_computer.dir/tree/downloaded_tools/pico/pico-sdk/src/common/pico_sync/mutex.c.obj
                0x0000000020009538                mutex_try_enter
 .time_critical.mutex_enter_timeout_ms
                0x0000000020009580       0x98 CMakeFiles/experimental_schools_computer.dir/tree/downloaded_tools/pico/pico-sdk/src/common/pico_sync/mutex.c.obj
                0x0000000020009580                mutex_enter_timeout_ms
 .time_critical.mutex_exit
                0x0000000020009618       0x28 CMakeFiles/experimental_schools_computer.dir/tree/downloaded_tools/pico/pico-sdk/src/common/pico_sync/mutex.c.obj
                0x0000000020009618                mutex_exit
 .time_critical.flash_init_boot2_copyout
                0x0000000020009640       0x30 CMakeFiles/experimental_schools_computer.dir/tree/downloaded_tools/pico/pico-sdk/src/rp2_common/hardware_flash/flash.c.obj
 .time_critical.flash_enable_xip_via_boot2
                0x0000000020009670       0x10 CMakeFiles/experimental_schools_computer.dir/tree/downloaded_tools/pico/pico-sdk/src/rp2_common/hardware_flash/flash.c.obj
 .time_critical.flash_cs_force
                0x0000000020009680       0x38 CMakeFiles/experimental_schools_computer.dir/tree/downloaded_tools/pico/pico-sdk/src/rp2_common/hardware_flash/flash.c.obj
 .time_critical.flash_do_cmd
                0x00000000200096b8       0xc4 CMakeFiles/experimental_schools_computer.dir/tree/downloaded_tools/pico/pico-sdk/src/rp2_common/hardware_flash/flash.c.obj
                0x00000000200096b8                flash_do_cmd
                0x000000002000977c                . = ALIGN (0x4)
 *(.rodata*)
 .rodata.cli_dump_store.str1.4
                0x000000002000977c       0x17 CMakeFiles/experimental_schools_computer.dir/experimental_schools_computer.c.obj
 *fill*         0x0000000020009793        0x1 
 .rodata.serial_help.str1.4
                0x0000000020009794       0x28 CMakeFiles/experimental_schools_computer.dir/experimental_schools_computer.c.obj
 .rodata.cli_digit.str1.4
                0x00000000200097bc        0x4 CMakeFiles/experimental_schools_computer.dir/experimental_schools_computer.c.obj
 .rodata.cli_dump.str1.4
                0x00000000200097c0      0x167 CMakeFiles/experimental_schools_computer.dir/experimental_schools_computer.c.obj
 *fill*         0x0000000020009927        0x1 
 .rodata.update_display.part.0.str1.4
                0x0000000020009928       0x99 CMakeFiles/experimental_schools_computer.dir/experimental_schools_computer.c.obj
 *fill*         0x00000000200099c1        0x3 
 .rodata.state_esc_a_disp
                0x00000000200099c4       0x50 CMakeFiles/experimental_schools_computer.dir/experimental_schools_computer.c.obj
 .rodata.error.str1.4
                0x0000000020009a14        0xd CMakeFiles/experimental_schools_computer.dir/experimental_schools_computer.c.obj
 *fill*         0x0000000020009a21        0x3 
 .rodata.warning.str1.4
                0x0000000020009a24       0x16 CMakeFiles/experimental_schools_computer.dir/experimental_schools_computer.c.obj
 *fill*         0x0000000020009a3a        0x2 
 .rodata.register_assign_sum_register_register.str1.4
                0x0000000020009a3c       0x1d CMakeFiles/experimental_schools_computer.dir/experimental_schools_computer.c.obj
 *fill*         0x0000000020009a59        0x3 
 .rodata.state_esc_b_disp.str1.4
                0x0000000020009a5c       0x58 CMakeFiles/experimental_schools_computer.dir/experimental_schools_computer.c.obj
 .rodata.state_esc_b_disp
                0x0000000020009ab4       0x68 CMakeFiles/experimental_schools_computer.dir/experimental_schools_computer.c.obj
 .rodata.stage_b_decode
                0x0000000020009b1c       0x20 CMakeFiles/experimental_schools_computer.dir/experimental_schools_computer.c.obj
 .rodata.stage_a_decode
                0x0000000020009b3c       0x28 CMakeFiles/experimental_schools_computer.dir/experimental_schools_computer.c.obj
 .rodata.serial_loop.str1.4
                0x0000000020009b64       0x63 CMakeFiles/experimental_schools_computer.dir/experimental_schools_computer.c.obj
 *fill*         0x0000000020009bc7        0x1 
 .rodata.main.str1.4
                0x0000000020009bc8       0xd2 CMakeFiles/experimental_schools_computer.dir/experimental_schools_computer.c.obj
 *fill*         0x0000000020009c9a        0x2 
 .rodata.str1.4
                0x0000000020009c9c      0x112 CMakeFiles/experimental_schools_computer.dir/experimental_schools_computer.c.obj
                                        0x116 (size before relaxing)
 *fill*         0x0000000020009dae        0x2 
 .rodata.spin_lock_claim_unused.str1.4
                0x0000000020009db0       0x1b CMakeFiles/experimental_schools_computer.dir/tree/downloaded_tools/pico/pico-sdk/src/rp2_common/hardware_sync/sync.c.obj
 *fill*         0x0000000020009dcb        0x1 
 .rodata.user_irq_claim_unused.str1.4
                0x0000000020009dcc       0x1b CMakeFiles/experimental_schools_computer.dir/tree/downloaded_tools/pico/pico-sdk/src/rp2_common/hardware_irq/irq.c.obj
 *fill*         0x0000000020009de7        0x1 
 .rodata.hardware_alarm_claim.str1.4
                0x0000000020009de8       0x22 CMakeFiles/experimental_schools_computer.dir/tree/downloaded_tools/pico/pico-sdk/src/rp2_common/hardware_timer/timer.c.obj
 *fill*         0x0000000020009e0a        0x2 
 .rodata.panic.str1.4
                0x0000000020009e0c       0x10 CMakeFiles/experimental_schools_computer.dir/tree/downloaded_tools/pico/pico-sdk/src/rp2_common/pico_runtime/runtime.c.obj
                                         0x12 (size before relaxing)
 .rodata.hard_assertion_failure.str1.4
                0x0000000020009e1c        0xc CMakeFiles/experimental_schools_computer.dir/tree/downloaded_tools/pico/pico-sdk/src/rp2_common/pico_runtime/runtime.c.obj
 .rodata._ftoa.str1.4
                0x0000000020009e28       0x15 CMakeFiles/experimental_schools_computer.dir/tree/downloaded_tools/pico/pico-sdk/src/rp2_common/pico_printf/printf.c.obj
 *fill*         0x0000000020009e3d        0x3 
 .rodata._vsnprintf
                0x0000000020009e40      0x1e0 CMakeFiles/experimental_schools_computer.dir/tree/downloaded_tools/pico/pico-sdk/src/rp2_common/pico_printf/printf.c.obj
 .rodata.pow10.5444
                0x000000002000a020       0x50 CMakeFiles/experimental_schools_computer.dir/tree/downloaded_tools/pico/pico-sdk/src/rp2_common/pico_printf/printf.c.obj
 .rodata.str1.4
                0x000000002000a070       0x58 CMakeFiles/experimental_schools_computer.dir/tree/downloaded_tools/pico/pico-sdk/src/rp2_common/pico_standard_link/binary_info.c.obj
 .rodata.__bi_44
                0x000000002000a0c8        0xc CMakeFiles/experimental_schools_computer.dir/tree/downloaded_tools/pico/pico-sdk/src/rp2_common/pico_standard_link/binary_info.c.obj
 .rodata.__bi_56
                0x000000002000a0d4        0xc CMakeFiles/experimental_schools_computer.dir/tree/downloaded_tools/pico/pico-sdk/src/rp2_common/pico_standard_link/binary_info.c.obj
 .rodata.__bi_75
                0x000000002000a0e0        0xc CMakeFiles/experimental_schools_computer.dir/tree/downloaded_tools/pico/pico-sdk/src/rp2_common/pico_standard_link/binary_info.c.obj
 .rodata.__bi_81
                0x000000002000a0ec        0xc CMakeFiles/experimental_schools_computer.dir/tree/downloaded_tools/pico/pico-sdk/src/rp2_common/pico_standard_link/binary_info.c.obj
 .rodata.crlf_str.6065
                0x000000002000a0f8        0x2 CMakeFiles/experimental_schools_computer.dir/tree/downloaded_tools/pico/pico-sdk/src/rp2_common/pico_stdio/stdio.c.obj
 *fill*         0x000000002000a0fa        0x2 
 .rodata.str1.4
                0x000000002000a0fc       0x2c CMakeFiles/experimental_schools_computer.dir/tree/downloaded_tools/pico/pico-sdk/src/rp2_common/pico_stdio_uart/stdio_uart.c.obj
 .rodata.__bi_28.4859
                0x000000002000a128        0xc CMakeFiles/experimental_schools_computer.dir/tree/downloaded_tools/pico/pico-sdk/src/rp2_common/pico_stdio_uart/stdio_uart.c.obj
 .rodata.__bi_29.4863
                0x000000002000a134        0x8 CMakeFiles/experimental_schools_computer.dir/tree/downloaded_tools/pico/pico-sdk/src/rp2_common/pico_stdio_uart/stdio_uart.c.obj
 .rodata._resetd_driver
                0x000000002000a13c       0x18 CMakeFiles/experimental_schools_computer.dir/tree/downloaded_tools/pico/pico-sdk/src/rp2_common/pico_stdio_usb/reset_interface.c.obj
 .rodata.str1.4
                0x000000002000a154       0x13 CMakeFiles/experimental_schools_computer.dir/tree/downloaded_tools/pico/pico-sdk/src/rp2_common/pico_stdio_usb/stdio_usb.c.obj
 *fill*         0x000000002000a167        0x1 
 .rodata.__bi_118.7207
                0x000000002000a168        0xc CMakeFiles/experimental_schools_computer.dir/tree/downloaded_tools/pico/pico-sdk/src/rp2_common/pico_stdio_usb/stdio_usb.c.obj
 .rodata.str1.4
                0x000000002000a174       0x2a CMakeFiles/experimental_schools_computer.dir/tree/downloaded_tools/pico/pico-sdk/src/rp2_common/pico_stdio_usb/stdio_usb_descriptors.c.obj
 *fill*         0x000000002000a19e        0x2 
 .rodata.usbd_desc_cfg
                0x000000002000a1a0       0x54 CMakeFiles/experimental_schools_computer.dir/tree/downloaded_tools/pico/pico-sdk/src/rp2_common/pico_stdio_usb/stdio_usb_descriptors.c.obj
 .rodata.usbd_desc_device
                0x000000002000a1f4       0x12 CMakeFiles/experimental_schools_computer.dir/tree/downloaded_tools/pico/pico-sdk/src/rp2_common/pico_stdio_usb/stdio_usb_descriptors.c.obj
 *fill*         0x000000002000a206        0x2 
 .rodata.usbd_desc_str
                0x000000002000a208       0x18 CMakeFiles/experimental_schools_computer.dir/tree/downloaded_tools/pico/pico-sdk/src/rp2_common/pico_stdio_usb/stdio_usb_descriptors.c.obj
 .rodata.dcd_rp2040_irq.str1.4
                0x000000002000a220       0x14 CMakeFiles/experimental_schools_computer.dir/tree/downloaded_tools/pico/pico-sdk/lib/tinyusb/src/portable/raspberrypi/rp2040/dcd_rp2040.c.obj
 .rodata._hw_endpoint_buffer_control_update32.part.0.str1.4
                0x000000002000a234       0x1f CMakeFiles/experimental_schools_computer.dir/tree/downloaded_tools/pico/pico-sdk/lib/tinyusb/src/portable/raspberrypi/rp2040/rp2040_usb.c.obj
 *fill*         0x000000002000a253        0x1 
 .rodata.hw_endpoint_xfer_continue.str1.4
                0x000000002000a254       0x29 CMakeFiles/experimental_schools_computer.dir/tree/downloaded_tools/pico/pico-sdk/lib/tinyusb/src/portable/raspberrypi/rp2040/rp2040_usb.c.obj
 .rodata.str1.4
                0x000000002000a27d       0x29 CMakeFiles/experimental_schools_computer.dir/tree/downloaded_tools/pico/pico-sdk/lib/tinyusb/src/portable/raspberrypi/rp2040/rp2040_usb.c.obj
                                          0x7 (size before relaxing)
 *fill*         0x000000002000a27d        0x3 
 .rodata.tud_task
                0x000000002000a280       0x8c CMakeFiles/experimental_schools_computer.dir/tree/downloaded_tools/pico/pico-sdk/lib/tinyusb/src/device/usbd.c.obj
 .rodata._usbd_driver
                0x000000002000a30c       0x18 CMakeFiles/experimental_schools_computer.dir/tree/downloaded_tools/pico/pico-sdk/lib/tinyusb/src/device/usbd.c.obj
                0x000000002000a324                . = ALIGN (0x4)
 *(.data*)
 .data.esc_fsm  0x000000002000a324       0x10 CMakeFiles/experimental_schools_computer.dir/experimental_schools_computer.c.obj
                0x000000002000a324                esc_fsm
 .data.esc_table
                0x000000002000a334      0x200 CMakeFiles/experimental_schools_computer.dir/experimental_schools_computer.c.obj
                0x000000002000a334                esc_table
 .data.serial_cmds
                0x000000002000a534      0x15c CMakeFiles/experimental_schools_computer.dir/experimental_schools_computer.c.obj
                0x000000002000a534                serial_cmds
 .data.striped_spin_lock_num
                0x000000002000a690        0x1 CMakeFiles/experimental_schools_computer.dir/tree/downloaded_tools/pico/pico-sdk/src/rp2_common/hardware_sync/sync.c.obj
 *fill*         0x000000002000a691        0x3 
 .data          0x000000002000a694       0x48 CMakeFiles/experimental_schools_computer.dir/tree/downloaded_tools/pico/pico-sdk/src/rp2_common/hardware_irq/irq_handler_chain.S.obj
                0x000000002000a694                irq_handler_chain_slots
                0x000000002000a6c4                irq_handler_chain_first_slot
                0x000000002000a6ce                irq_handler_chain_remove_tail
 .data.default_alarm_pool
                0x000000002000a6dc       0x18 CMakeFiles/experimental_schools_computer.dir/tree/downloaded_tools/pico/pico-sdk/src/common/pico_time/time.c.obj
 .data.default_alarm_pool_heap
                0x000000002000a6f4       0x10 CMakeFiles/experimental_schools_computer.dir/tree/downloaded_tools/pico/pico-sdk/src/common/pico_time/time.c.obj
 *fill*         0x000000002000a704        0xc 
 .data.aeabi_bits_funcs
                0x000000002000a710       0x10 CMakeFiles/experimental_schools_computer.dir/tree/downloaded_tools/pico/pico-sdk/src/rp2_common/pico_bit_ops/bit_ops_aeabi.S.obj
                0x000000002000a710                aeabi_bits_funcs
                0x000000002000a720                aeabi_bits_funcs_end
 .data.aeabi_mem_funcs
                0x000000002000a720       0x10 CMakeFiles/experimental_schools_computer.dir/tree/downloaded_tools/pico/pico-sdk/src/rp2_common/pico_mem_ops/mem_ops_aeabi.S.obj
                0x000000002000a720                aeabi_mem_funcs
                0x000000002000a730                aeabi_mem_funcs_end
 .data.stdio_uart
                0x000000002000a730       0x14 CMakeFiles/experimental_schools_computer.dir/tree/downloaded_tools/pico/pico-sdk/src/rp2_common/pico_stdio_uart/stdio_uart.c.obj
                0x000000002000a730                stdio_uart
 .data.stdio_usb
                0x000000002000a744       0x14 CMakeFiles/experimental_schools_computer.dir/tree/downloaded_tools/pico/pico-sdk/src/rp2_common/pico_stdio_usb/stdio_usb.c.obj
                0x000000002000a744                stdio_usb
 .data.ep_dir_string
                0x000000002000a758        0x8 CMakeFiles/experimental_schools_computer.dir/tree/downloaded_tools/pico/pico-sdk/lib/tinyusb/src/portable/raspberrypi/rp2040/rp2040_usb.c.obj
                0x000000002000a758                ep_dir_string
 .data._usbd_qdef
                0x000000002000a760       0x24 CMakeFiles/experimental_schools_computer.dir/tree/downloaded_tools/pico/pico-sdk/lib/tinyusb/src/device/usbd.c.obj
                0x000000002000a760                _usbd_qdef
                0x000000002000a784                . = ALIGN (0x4)
 *(.after_data.*)
                0x000000002000a784                . = ALIGN (0x4)
                0x000000002000a784                PROVIDE (__mutex_array_start = .)
 *(SORT_BY_NAME(.mutex_array.*))
 *(.mutex_array)
 .mutex_array   0x000000002000a784        0x8 CMakeFiles/experimental_schools_computer.dir/tree/downloaded_tools/pico/pico-sdk/src/rp2_common/pico_malloc/pico_malloc.c.obj
 .mutex_array   0x000000002000a78c        0x8 CMakeFiles/experimental_schools_computer.dir/tree/downloaded_tools/pico/pico-sdk/src/rp2_common/pico_stdio/stdio.c.obj
                0x000000002000a794                PROVIDE (__mutex_array_end = .)
                0x000000002000a794                . = ALIGN (0x4)
                0x000000002000a794                PROVIDE (__preinit_array_start = .)
 *(SORT_BY_NAME(.preinit_array.*))
 .preinit_array.00001
                0x000000002000a794        0x4 CMakeFiles/experimental_schools_computer.dir/tree/downloaded_tools/pico/pico-sdk/src/rp2_common/pico_mem_ops/mem_ops_aeabi.S.obj
 .preinit_array.00010
                0x000000002000a798        0x4 CMakeFiles/experimental_schools_computer.dir/tree/downloaded_tools/pico/pico-sdk/src/rp2_common/pico_bit_ops/bit_ops_aeabi.S.obj
 .preinit_array.00020
                0x000000002000a79c        0x4 CMakeFiles/experimental_schools_computer.dir/tree/downloaded_tools/pico/pico-sdk/src/rp2_common/pico_double/double_aeabi.S.obj
 .preinit_array.00020
                0x000000002000a7a0        0x4 CMakeFiles/experimental_schools_computer.dir/tree/downloaded_tools/pico/pico-sdk/src/rp2_common/pico_float/float_aeabi.S.obj
 *(.preinit_array)
                0x000000002000a7a4                PROVIDE (__preinit_array_end = .)
                0x000000002000a7a4                . = ALIGN (0x4)
                0x000000002000a7a4                PROVIDE (__init_array_start = .)
 *(SORT_BY_NAME(.init_array.*))
 *(.init_array)
 .init_array    0x000000002000a7a4        0x4 /usr/lib/gcc/arm-none-eabi/9.2.1/thumb/v6-m/nofp/crtbegin.o
 .init_array    0x000000002000a7a8        0x4 CMakeFiles/experimental_schools_computer.dir/tree/downloaded_tools/pico/pico-sdk/src/rp2_common/pico_unique_id/unique_id.c.obj
                0x000000002000a7ac                PROVIDE (__init_array_end = .)
                0x000000002000a7ac                . = ALIGN (0x4)
                0x000000002000a7ac                PROVIDE (__fini_array_start = .)
 *(SORT_BY_NAME(.fini_array.*))
 *(.fini_array)
                0x000000002000a7ac                PROVIDE (__fini_array_end = .)
 *(.jcr)
                0x000000002000a7ac                . = ALIGN (0x4)
                0x000000002000a7ac                __data_end__ = .
                0x000000001000973c                __etext = LOADADDR (.data)

.tm_clone_table
                0x000000002000a7ac        0x0 load address 0x000000001000a9f8
 .tm_clone_table
                0x000000002000a7ac        0x0 /usr/lib/gcc/arm-none-eabi/9.2.1/thumb/v6-m/nofp/crtbegin.o
 .tm_clone_table
                0x000000002000a7ac        0x0 /usr/lib/gcc/arm-none-eabi/9.2.1/thumb/v6-m/nofp/crtend.o

.igot.plt       0x000000002000a7ac        0x0 load address 0x000000001000a9f8
 .igot.plt      0x000000002000a7ac        0x0 /usr/lib/gcc/arm-none-eabi/9.2.1/thumb/v6-m/nofp/crtbegin.o

.uninitialized_data
                0x000000002000a7ac        0x0 load address 0x000000001000a9f8
                0x000000002000a7ac                . = ALIGN (0x4)
 *(.uninitialized_data*)

.scratch_x      0x0000000020040000        0x0 load address 0x000000001000a9f8
                0x0000000020040000                __scratch_x_start__ = .
 *(.scratch_x.*)
                0x0000000020040000                . = ALIGN (0x4)
                0x0000000020040000                __scratch_x_end__ = .
                0x000000001000a9f8                __scratch_x_source__ = LOADADDR (.scratch_x)

.scratch_y      0x0000000020041000        0x0 load address 0x000000001000a9f8
                0x0000000020041000                __scratch_y_start__ = .
 *(.scratch_y.*)
                0x0000000020041000                . = ALIGN (0x4)
                0x0000000020041000                __scratch_y_end__ = .
                0x000000001000a9f8                __scratch_y_source__ = LOADADDR (.scratch_y)

.bss            0x000000002000a7b0     0x13ec
                0x000000002000a7b0                . = ALIGN (0x4)
                0x000000002000a7b0                __bss_start__ = .
 *(SORT_BY_ALIGNMENT(SORT_BY_NAME(.bss*)))
 .bss.default_alarm_pool_entries
                0x000000002000a7b0      0x100 CMakeFiles/experimental_schools_computer.dir/tree/downloaded_tools/pico/pico-sdk/src/common/pico_time/time.c.obj
 .bss.last_avail_time.7186
                0x000000002000a8b0        0x8 CMakeFiles/experimental_schools_computer.dir/tree/downloaded_tools/pico/pico-sdk/src/rp2_common/pico_stdio_usb/stdio_usb.c.obj
 .bss           0x000000002000a8b8       0x1c /usr/lib/gcc/arm-none-eabi/9.2.1/thumb/v6-m/nofp/crtbegin.o
 .bss._app_driver
                0x000000002000a8d4        0x4 CMakeFiles/experimental_schools_computer.dir/tree/downloaded_tools/pico/pico-sdk/lib/tinyusb/src/device/usbd.c.obj
 .bss._cdcd_itf
                0x000000002000a8d8      0x2d8 CMakeFiles/experimental_schools_computer.dir/tree/downloaded_tools/pico/pico-sdk/lib/tinyusb/src/class/cdc/cdc_device.c.obj
 .bss._ctrl_xfer
                0x000000002000abb0       0x14 CMakeFiles/experimental_schools_computer.dir/tree/downloaded_tools/pico/pico-sdk/lib/tinyusb/src/device/usbd_control.c.obj
 .bss._ubsd_mutexdef