                      				; Comment
                      org45
                      	R5  <-   X              ; Comment
0045      0352                        	R5  <-   X              ; Comment
0045A     0361                        	R6 <-     INC
0046      0000                  loop: 	R5 <-      R5 + R6
0046A     2446                        	branch to  loop
0047      2546                        	branch to  loop if cl 1	
0047A     2646                                branch to  loop	if cl 0
0048                                  	display X
0048A     1956                        	display R5 and R6
0049      1967                        	stop and display R6 and R7
0049A     1968                        	display (R6) and (R8)
0050      1923                        	stop and display (R2) and (R3)
0050A     2042                        	(R0, R1) <- 42
0051      3042                        	(R0, R1) <- 42+(R3)
0051A     4042                        	(R0, R1) <- 42+(R4)
0052      5042                        	(R0, R1) <- 42+(R5)
0052A     6042                        	(R0, R1) <- (42)	
0053      2078                        	(R0, R1) <- VAR_Y
0053A     3078                        	(R0, R1) <- VAR_Y+(R3)
0054      4078                        	(R0, R1) <- VAR_Y+(R4)
0054A     5078                        	(R0, R1) <- VAR_Y+(R5)
0055      6078                        	(R0, R1) <- (VAR_Y)	
0055A     2142                        	42 <- (R0, R1)
0056      3142                        	42+(R3) <- (R0, R1)
0056A     4142                        	42+(R4) <- (R0, R1)
0057      5142                        	42+(R5) <- (R0, R1)
0057A     6142                        	(42)	 <- (R0, R1)
0058      2178                        	VAR_Y <- (R0, R1)
0058A     3178                        	VAR_Y+(R3) <- (R0, R1)
0059      4178                        	VAR_Y+(R4) <- (R0, R1)
0059A     5178                        	VAR_Y+(R5) <- (R0, R1)
0060      6178                        	(VAR_Y)	 <- (R0, R1)
0060A     1490                        	copy sign and rh six digits of R0 into R9
0061      1462                        	copy sign and rh six digits of R2 into R6
0061A     1445                        	copy sign and rh six digits of R5 into R4
0062      1427                        	copy sign and rh six digits of R7 into R2
0062A     1409                        	copy sign and rh six digits of R9 into R0
0063  70232425                                 23  <-  24  +  25
0064  70232425                                 23+(R3)  <-  24+(R3)  + 25+(R3)
0065  70232404                                 23  <-  24  + (R4)
0066  70232405                                 23  <-  24  + (R5)
0067  70232403                                 23  <-  24  + (R3)
0068  70232425                                (23) <- (24) + (25)

Equates
-------

                   X EQU 0002
               VAR_Y EQU 0078
                 INC EQU 0001

Labels
------

               start: 0045 
                loop: 0046 
