Archive member included to satisfy reference by file (symbol)

/usr/lib/gcc/arm-none-eabi/9.2.1/thumb/v6-m/nofp/libgcc.a(_dvmd_tls.o)
                              CMakeFiles/escw.dir/tree/downloaded_tools/pico/new_sdk/pico-sdk/src/rp2_common/pico_divider/divider.S.obj (__aeabi_idiv0)
/usr/lib/gcc/arm-none-eabi/9.2.1/../../../arm-none-eabi/lib/thumb/v6-m/nofp/libc.a(lib_a-atexit.o)
                              /usr/lib/gcc/arm-none-eabi/9.2.1/../../../arm-none-eabi/lib/thumb/v6-m/nofp/crt0.o (atexit)
/usr/lib/gcc/arm-none-eabi/9.2.1/../../../arm-none-eabi/lib/thumb/v6-m/nofp/libc.a(lib_a-atoi.o)
                              CMakeFiles/escw.dir/tree/downloaded_tools/pico/new_sdk/pico-sdk/lib/lwip/src/core/netif.c.obj (atoi)
/usr/lib/gcc/arm-none-eabi/9.2.1/../../../arm-none-eabi/lib/thumb/v6-m/nofp/libc.a(lib_a-calloc.o)
                              CMakeFiles/escw.dir/tree/downloaded_tools/pico/new_sdk/pico-sdk/src/rp2_common/pico_malloc/pico_malloc.c.obj (calloc)
/usr/lib/gcc/arm-none-eabi/9.2.1/../../../arm-none-eabi/lib/thumb/v6-m/nofp/libc.a(lib_a-callocr.o)
                              /usr/lib/gcc/arm-none-eabi/9.2.1/../../../arm-none-eabi/lib/thumb/v6-m/nofp/libc.a(lib_a-calloc.o) (_calloc_r)
/usr/lib/gcc/arm-none-eabi/9.2.1/../../../arm-none-eabi/lib/thumb/v6-m/nofp/libc.a(lib_a-ctype_.o)
                              CMakeFiles/escw.dir/tree/downloaded_tools/pico/new_sdk/pico-sdk/lib/lwip/src/core/dns.c.obj (_ctype_)
/usr/lib/gcc/arm-none-eabi/9.2.1/../../../arm-none-eabi/lib/thumb/v6-m/nofp/libc.a(lib_a-errno.o)
                              CMakeFiles/escw.dir/tree/downloaded_tools/pico/ajm-no-OS-FatFS-SD-SPI-RPi-Pico/FatFs_SPI/src/ff_stdio.c.obj (__errno)
/usr/lib/gcc/arm-none-eabi/9.2.1/../../../arm-none-eabi/lib/thumb/v6-m/nofp/libc.a(lib_a-fflush.o)
                              CMakeFiles/escw.dir/tree/downloaded_tools/pico/ajm-no-OS-FatFS-SD-SPI-RPi-Pico/FatFs_SPI/sd_driver/demo_logging.c.obj (fflush)
/usr/lib/gcc/arm-none-eabi/9.2.1/../../../arm-none-eabi/lib/thumb/v6-m/nofp/libc.a(lib_a-findfp.o)
                              /usr/lib/gcc/arm-none-eabi/9.2.1/../../../arm-none-eabi/lib/thumb/v6-m/nofp/libc.a(lib_a-fflush.o) (__sinit)
/usr/lib/gcc/arm-none-eabi/9.2.1/../../../arm-none-eabi/lib/thumb/v6-m/nofp/libc.a(lib_a-fini.o)
                              /usr/lib/gcc/arm-none-eabi/9.2.1/../../../arm-none-eabi/lib/thumb/v6-m/nofp/crt0.o (__libc_fini_array)
/usr/lib/gcc/arm-none-eabi/9.2.1/../../../arm-none-eabi/lib/thumb/v6-m/nofp/libc.a(lib_a-freer.o)
                              /usr/lib/gcc/arm-none-eabi/9.2.1/../../../arm-none-eabi/lib/thumb/v6-m/nofp/libc.a(lib_a-fflush.o) (_free_r)
/usr/lib/gcc/arm-none-eabi/9.2.1/../../../arm-none-eabi/lib/thumb/v6-m/nofp/libc.a(lib_a-fwalk.o)
                              /usr/lib/gcc/arm-none-eabi/9.2.1/../../../arm-none-eabi/lib/thumb/v6-m/nofp/libc.a(lib_a-findfp.o) (_fwalk)
/usr/lib/gcc/arm-none-eabi/9.2.1/../../../arm-none-eabi/lib/thumb/v6-m/nofp/libc.a(lib_a-impure.o)
                              /usr/lib/gcc/arm-none-eabi/9.2.1/../../../arm-none-eabi/lib/thumb/v6-m/nofp/libc.a(lib_a-fflush.o) (_global_impure_ptr)
/usr/lib/gcc/arm-none-eabi/9.2.1/../../../arm-none-eabi/lib/thumb/v6-m/nofp/libc.a(lib_a-init.o)
                              /usr/lib/gcc/arm-none-eabi/9.2.1/../../../arm-none-eabi/lib/thumb/v6-m/nofp/crt0.o (__libc_init_array)
/usr/lib/gcc/arm-none-eabi/9.2.1/../../../arm-none-eabi/lib/thumb/v6-m/nofp/libc.a(lib_a-malloc.o)
                              CMakeFiles/escw.dir/tree/downloaded_tools/pico/new_sdk/pico-sdk/src/rp2_common/pico_malloc/pico_malloc.c.obj (malloc)
/usr/lib/gcc/arm-none-eabi/9.2.1/../../../arm-none-eabi/lib/thumb/v6-m/nofp/libc.a(lib_a-mallocr.o)
                              /usr/lib/gcc/arm-none-eabi/9.2.1/../../../arm-none-eabi/lib/thumb/v6-m/nofp/libc.a(lib_a-callocr.o) (_malloc_r)
/usr/lib/gcc/arm-none-eabi/9.2.1/../../../arm-none-eabi/lib/thumb/v6-m/nofp/libc.a(lib_a-memcmp.o)
                              CMakeFiles/escw.dir/dhcpserver/dhcpserver.c.obj (memcmp)
/usr/lib/gcc/arm-none-eabi/9.2.1/../../../arm-none-eabi/lib/thumb/v6-m/nofp/libc.a(lib_a-memmove.o)
                              CMakeFiles/escw.dir/tree/downloaded_tools/pico/new_sdk/pico-sdk/lib/lwip/src/core/def.c.obj (memmove)
/usr/lib/gcc/arm-none-eabi/9.2.1/../../../arm-none-eabi/lib/thumb/v6-m/nofp/libc.a(lib_a-mktime.o)
                              CMakeFiles/escw.dir/tree/downloaded_tools/pico/ajm-no-OS-FatFS-SD-SPI-RPi-Pico/FatFs_SPI/src/rtc.c.obj (mktime)
/usr/lib/gcc/arm-none-eabi/9.2.1/../../../arm-none-eabi/lib/thumb/v6-m/nofp/libc.a(lib_a-mlock.o)
                              /usr/lib/gcc/arm-none-eabi/9.2.1/../../../arm-none-eabi/lib/thumb/v6-m/nofp/libc.a(lib_a-freer.o) (__malloc_lock)
/usr/lib/gcc/arm-none-eabi/9.2.1/../../../arm-none-eabi/lib/thumb/v6-m/nofp/libc.a(lib_a-realloc.o)
[...]
Memory Configuration

Name             Origin             Length             Attributes
FLASH            0x0000000010000000 0x0000000000200000 xr
RAM              0x0000000020000000 0x0000000000040000 xrw
SCRATCH_X        0x0000000020040000 0x0000000000001000 xrw
SCRATCH_Y        0x0000000020041000 0x0000000000001000 xrw
*default*        0x0000000000000000 0xffffffffffffffff

Linker script and memory map

LOAD /usr/lib/gcc/arm-none-eabi/9.2.1/thumb/v6-m/nofp/crti.o
LOAD /usr/lib/gcc/arm-none-eabi/9.2.1/thumb/v6-m/nofp/crtbegin.o
LOAD /usr/lib/gcc/arm-none-eabi/9.2.1/../../../arm-none-eabi/lib/thumb/v6-m/nofp/crt0.o

.flash_begin    0x0000000010000000        0x0
                0x0000000010000000                __flash_binary_start = .

.boot2          0x0000000010000000      0x100
                0x0000000010000000                __boot2_start__ = .
 *(.boot2)
 .boot2         0x0000000010000000      0x100 /tmp/cccU0dxU.o
                0x0000000010000100                __boot2_end__ = .
                0x0000000000000001                ASSERT (((__boot2_end__ - __boot2_start__) == 0x100), ERROR: Pico second stage bootloader must be 256 bytes in size)

.text           0x0000000010000100    0x30f10
                0x0000000010000100                __logical_binary_start = .
 *(.vectors)
 .vectors       0x0000000010000100       0xd4 CMakeFiles/escw.dir/tree/downloaded_tools/pico/new_sdk/pico-sdk/src/rp2_common/pico_standard_link/crt0.S.obj
                0x0000000010000100                __vectors
                0x0000000010000100                __VECTOR_TABLE
                0x00000000100001c0                isr_invalid
                0x00000000100001c0                __default_isrs_start
                0x00000000100001c2                isr_nmi
                0x00000000100001c4                isr_hardfault
                0x00000000100001c6                isr_svcall
                0x00000000100001c8                isr_pendsv
                0x00000000100001ca                isr_systick
                0x00000000100001cc                isr_irq30
                0x00000000100001cc                __unhandled_user_irq
                0x00000000100001cc                isr_irq13
                0x00000000100001cc                isr_irq27
                0x00000000100001cc                isr_irq31
                0x00000000100001cc                isr_irq5
                0x00000000100001cc                isr_irq11
                0x00000000100001cc                isr_irq23
                0x00000000100001cc                isr_irq18
                0x00000000100001cc                isr_irq28
                0x00000000100001cc                isr_irq19
                0x00000000100001cc                isr_irq0
                0x00000000100001cc                isr_irq6
                0x00000000100001cc                isr_irq22
                0x00000000100001cc                isr_irq17
                0x00000000100001cc                isr_irq14
                0x00000000100001cc                isr_irq2
                0x00000000100001cc                isr_irq10
                0x00000000100001cc                isr_irq8
                0x00000000100001cc                isr_irq24
                0x00000000100001cc                isr_irq1
                0x00000000100001cc                isr_irq7
                0x00000000100001cc                isr_irq21
                0x00000000100001cc                isr_irq20
                0x00000000100001cc                isr_irq15
                0x00000000100001cc                isr_irq25
                0x00000000100001cc                isr_irq4
                0x00000000100001cc                isr_irq16
                0x00000000100001cc                isr_irq29
                0x00000000100001cc                isr_irq26
                0x00000000100001cc                __default_isrs_end
                0x00000000100001cc                isr_irq3
                0x00000000100001cc                isr_irq12
                0x00000000100001cc                isr_irq9
                0x00000000100001d2                unhandled_user_irq_num_in_r0
 *(.binary_info_header)
 .binary_info_header
                0x00000000100001d4       0x14 CMakeFiles/escw.dir/tree/downloaded_tools/pico/new_sdk/pico-sdk/src/rp2_common/pico_standard_link/crt0.S.obj
                0x00000000100001e8                __binary_info_header_end = .
 *(.reset)
 .reset         0x00000000100001e8       0xa0 CMakeFiles/escw.dir/tree/downloaded_tools/pico/new_sdk/pico-sdk/src/rp2_common/pico_standard_link/crt0.S.obj
                0x00000000100001e8                _entry_point
 .reset         0x0000000010000288       0x30 CMakeFiles/escw.dir/tree/downloaded_tools/pico/new_sdk/pico-sdk/src/rp2_common/pico_standard_link/binary_info.c.obj
 *(.init)
 .init          0x00000000100002b8        0x4 /usr/lib/gcc/arm-none-eabi/9.2.1/thumb/v6-m/nofp/crti.o
                0x00000000100002b8                _init
 *(EXCLUDE_FILE(*libm.a: *libc.a:*lib_a-mem*.o *libgcc.a:) .text*)
 .text          0x00000000100002bc       0x98 /usr/lib/gcc/arm-none-eabi/9.2.1/thumb/v6-m/nofp/crtbegin.o
 .text.null_entry_fn
                0x0000000010000354        0x4 CMakeFiles/escw.dir/tree/projects/github/experimental-computer-for-schools/firmware/pico_main/experimental_schools_computer.c.obj
                0x0000000010000354                null_entry_fn
 .text.state_esc_run
                0x0000000010000358        0xc CMakeFiles/escw.dir/tree/projects/github/experimental-computer-for-schools/firmware/pico_main/experimental_schools_computer.c.obj
                0x0000000010000358                state_esc_run
 .text.state_esc_stop
                0x0000000010000364        0xc CMakeFiles/escw.dir/tree/projects/github/experimental-computer-for-schools/firmware/pico_main/experimental_schools_computer.c.obj
                0x0000000010000364                state_esc_stop
 .text.state_esc_reload
                0x0000000010000370       0x18 CMakeFiles/escw.dir/tree/projects/github/experimental-computer-for-schools/firmware/pico_main/experimental_schools_computer.c.obj
                0x0000000010000370                state_esc_reload
 .text.state_reload_incr
                0x0000000010000388       0x18 CMakeFiles/escw.dir/tree/projects/github/experimental-computer-for-schools/firmware/pico_main/experimental_schools_computer.c.obj
                0x0000000010000388                state_reload_incr
 .text.state_reload_decr
                0x00000000100003a0       0x1c CMakeFiles/escw.dir/tree/projects/github/experimental-computer-for-schools/firmware/pico_main/experimental_schools_computer.c.obj
                0x00000000100003a0                state_reload_decr
 .text.state_reload_clear
                0x00000000100003bc       0x10 CMakeFiles/escw.dir/tree/projects/github/experimental-computer-for-schools/firmware/pico_main/experimental_schools_computer.c.obj
                0x00000000100003bc                state_reload_clear
 .text.state_reload_delete
                0x00000000100003cc       0x1c CMakeFiles/escw.dir/tree/projects/github/experimental-computer-for-schools/firmware/pico_main/experimental_schools_computer.c.obj
                0x00000000100003cc                state_reload_delete
 .text.cli_update_display
                0x00000000100003e8       0x10 CMakeFiles/escw.dir/tree/projects/github/experimental-computer-for-schools/firmware/pico_main/experimental_schools_computer.c.obj
                0x00000000100003e8                cli_update_display
 .text.cli_load_test_code
                0x00000000100003f8       0x44 CMakeFiles/escw.dir/tree/projects/github/experimental-computer-for-schools/firmware/pico_main/experimental_schools_computer.c.obj
                0x00000000100003f8                cli_load_test_code
 .text.cli_load_test_code_into_store
                0x000000001000043c       0x38 CMakeFiles/escw.dir/tree/projects/github/experimental-computer-for-schools/firmware/pico_main/experimental_schools_computer.c.obj
                0x000000001000043c                cli_load_test_code_into_store
 .text.cli_run_single_test
                0x0000000010000474       0x48 CMakeFiles/escw.dir/tree/projects/github/experimental-computer-for-schools/firmware/pico_main/experimental_schools_computer.c.obj
                0x0000000010000474                cli_run_single_test
 .text.cli_load_test_code_2
                0x00000000100004bc       0x50 CMakeFiles/escw.dir/tree/projects/github/experimental-computer-for-schools/firmware/pico_main/experimental_schools_computer.c.obj
                0x00000000100004bc                cli_load_test_code_2
 .text.cli_kbd_dump
                0x000000001000050c       0x68 CMakeFiles/escw.dir/tree/projects/github/experimental-computer-for-schools/firmware/pico_main/experimental_schools_computer.c.obj
                0x000000001000050c                cli_kbd_dump
 .text.cli_digit
                0x0000000010000574       0x20 CMakeFiles/escw.dir/tree/projects/github/experimental-computer-for-schools/firmware/pico_main/experimental_schools_computer.c.obj
                0x0000000010000574                cli_digit
 .text.cli_dot  0x0000000010000594        0xc CMakeFiles/escw.dir/tree/projects/github/experimental-computer-for-schools/firmware/pico_main/experimental_schools_computer.c.obj
                0x0000000010000594                cli_dot
 .text.cli_minus
                0x00000000100005a0        0xc CMakeFiles/escw.dir/tree/projects/github/experimental-computer-for-schools/firmware/pico_main/experimental_schools_computer.c.obj
                0x00000000100005a0                cli_minus
 .text.cli_key_a
                0x00000000100005ac        0xc CMakeFiles/escw.dir/tree/projects/github/experimental-computer-for-schools/firmware/pico_main/experimental_schools_computer.c.obj
                0x00000000100005ac                cli_key_a
 .text.cli_key_b
                0x00000000100005b8        0xc CMakeFiles/escw.dir/tree/projects/github/experimental-computer-for-schools/firmware/pico_main/experimental_schools_computer.c.obj
                0x00000000100005b8                cli_key_b
 .text.cli_key_c
                0x00000000100005c4        0xc CMakeFiles/escw.dir/tree/projects/github/experimental-computer-for-schools/firmware/pico_main/experimental_schools_computer.c.obj
                0x00000000100005c4                cli_key_c
 .text.cli_normal_reset
                0x00000000100005d0        0xc CMakeFiles/escw.dir/tree/projects/github/experimental-computer-for-schools/firmware/pico_main/experimental_schools_computer.c.obj
                0x00000000100005d0                cli_normal_reset
 .text.cli_ki_reset
                0x00000000100005dc        0xc CMakeFiles/escw.dir/tree/projects/github/experimental-computer-for-schools/firmware/pico_main/experimental_schools_computer.c.obj
                0x00000000100005dc                cli_ki_reset
 .text.cli_load_iar
                0x00000000100005e8        0xc CMakeFiles/escw.dir/tree/projects/github/experimental-computer-for-schools/firmware/pico_main/experimental_schools_computer.c.obj
                0x00000000100005e8                cli_load_iar
 .text.cli_incr_addr
                0x00000000100005f4        0xc CMakeFiles/escw.dir/tree/projects/github/experimental-computer-for-schools/firmware/pico_main/experimental_schools_computer.c.obj
                0x00000000100005f4                cli_incr_addr
 .text.cli_decr_addr
                0x0000000010000600        0xc CMakeFiles/escw.dir/tree/projects/github/experimental-computer-for-schools/firmware/pico_main/experimental_schools_computer.c.obj
                0x0000000010000600                cli_decr_addr
 .text.cli_load_addr
                0x000000001000060c        0xc CMakeFiles/escw.dir/tree/projects/github/experimental-computer-for-schools/firmware/pico_main/experimental_schools_computer.c.obj
                0x000000001000060c                cli_load_addr
 .text.cli_load_store
                0x0000000010000618        0xc CMakeFiles/escw.dir/tree/projects/github/experimental-computer-for-schools/firmware/pico_main/experimental_schools_computer.c.obj
                0x0000000010000618                cli_load_store
 .text.cli_run  0x0000000010000624       0x18 CMakeFiles/escw.dir/tree/projects/github/experimental-computer-for-schools/firmware/pico_main/experimental_schools_computer.c.obj
                0x0000000010000624                cli_run
 .text.cli_stop
                0x000000001000063c       0x18 CMakeFiles/escw.dir/tree/projects/github/experimental-computer-for-schools/firmware/pico_main/experimental_schools_computer.c.obj
                0x000000001000063c                cli_stop
 .text.cli_run_tests
                0x0000000010000654       0x68 CMakeFiles/escw.dir/tree/projects/github/experimental-computer-for-schools/firmware/pico_main/experimental_schools_computer.c.obj
                0x0000000010000654                cli_run_tests
 .text.wfn_iar_address
                0x00000000100006bc       0x38 CMakeFiles/escw.dir/tree/projects/github/experimental-computer-for-schools/firmware/pico_main/experimental_schools_computer.c.obj
                0x00000000100006bc                wfn_iar_address
 .text.wfn_iar_a_flag
                0x00000000100006f4       0x38 CMakeFiles/escw.dir/tree/projects/github/experimental-computer-for-schools/firmware/pico_main/experimental_schools_computer.c.obj
                0x00000000100006f4                wfn_iar_a_flag
 .text.wfn_kb_register
                0x000000001000072c       0x3c CMakeFiles/escw.dir/tree/projects/github/experimental-computer-for-schools/firmware/pico_main/experimental_schools_computer.c.obj
                0x000000001000072c                wfn_kb_register
 .text.wfn_address_register
                0x0000000010000768       0x58 CMakeFiles/escw.dir/tree/projects/github/experimental-computer-for-schools/firmware/pico_main/experimental_schools_computer.c.obj
                0x0000000010000768                wfn_address_register
 .text.wfn_instruction_register
                0x00000000100007c0       0x38 CMakeFiles/escw.dir/tree/projects/github/experimental-computer-for-schools/firmware/pico_main/experimental_schools_computer.c.obj
                0x00000000100007c0                wfn_instruction_register
 .text.wfn_link_register
                0x00000000100007f8       0x38 CMakeFiles/escw.dir/tree/projects/github/experimental-computer-for-schools/firmware/pico_main/experimental_schools_computer.c.obj
                0x00000000100007f8                wfn_link_register
 .text.state_delete_do_delete
                0x0000000010000830       0x2c CMakeFiles/escw.dir/tree/projects/github/experimental-computer-for-schools/firmware/pico_main/experimental_schools_computer.c.obj
                0x0000000010000830                state_delete_do_delete
 .text.cli_test_results
                0x000000001000085c       0x80 CMakeFiles/escw.dir/tree/projects/github/experimental-computer-for-schools/firmware/pico_main/experimental_schools_computer.c.obj
                0x000000001000085c                cli_test_results
 .text.serial_help
                0x00000000100008dc       0x3c CMakeFiles/escw.dir/tree/projects/github/experimental-computer-for-schools/firmware/pico_main/experimental_schools_computer.c.obj
                0x00000000100008dc                serial_help
 .text.cli_key_key_test
                0x0000000010000918       0xb0 CMakeFiles/escw.dir/tree/projects/github/experimental-computer-for-schools/firmware/pico_main/experimental_schools_computer.c.obj
                0x0000000010000918                cli_key_key_test
 .text.wfn_store_data
                0x00000000100009c8       0xac CMakeFiles/escw.dir/tree/projects/github/experimental-computer-for-schools/firmware/pico_main/experimental_schools_computer.c.obj
                0x00000000100009c8                wfn_store_data
 .text.wfn_store
                0x0000000010000a74       0x34 CMakeFiles/escw.dir/tree/projects/github/experimental-computer-for-schools/firmware/pico_main/experimental_schools_computer.c.obj
                0x0000000010000a74                wfn_store
 .text.null_every_fn
                0x0000000010000aa8        0x4 CMakeFiles/escw.dir/tree/projects/github/experimental-computer-for-schools/firmware/pico_main/experimental_schools_computer.c.obj
                0x0000000010000aa8                null_every_fn
 .text.display_on_line.constprop.0
                0x0000000010000aac       0xa4 CMakeFiles/escw.dir/tree/projects/github/experimental-computer-for-schools/firmware/pico_main/experimental_schools_computer.c.obj
 .text.state_esc_load_iar
                0x0000000010000b50       0x54 CMakeFiles/escw.dir/tree/projects/github/experimental-computer-for-schools/firmware/pico_main/experimental_schools_computer.c.obj
                0x0000000010000b50                state_esc_load_iar
 .text.display_on_line.constprop.1
                0x0000000010000ba4       0xb0 CMakeFiles/escw.dir/tree/projects/github/experimental-computer-for-schools/firmware/pico_main/experimental_schools_computer.c.obj
 .text.cli_boot_mass
                0x0000000010000c54       0x14 CMakeFiles/escw.dir/tree/projects/github/experimental-computer-for-schools/firmware/pico_main/experimental_schools_computer.c.obj
                0x0000000010000c54                cli_boot_mass
 .text.cli_enter_parameter
                0x0000000010000c68       0xb8 CMakeFiles/escw.dir/tree/projects/github/experimental-computer-for-schools/firmware/pico_main/experimental_schools_computer.c.obj
                0x0000000010000c68                cli_enter_parameter
 .text.error_msg
                0x0000000010000d20       0x1c CMakeFiles/escw.dir/tree/projects/github/experimental-computer-for-schools/firmware/pico_main/experimental_schools_computer.c.obj
                0x0000000010000d20                error_msg
 .text.warning_msg
                0x0000000010000d3c       0x28 CMakeFiles/escw.dir/tree/projects/github/experimental-computer-for-schools/firmware/pico_main/experimental_schools_computer.c.obj
                0x0000000010000d3c                warning_msg
 .text.test_fail_info
                0x0000000010000d64       0x94 CMakeFiles/escw.dir/tree/projects/github/experimental-computer-for-schools/firmware/pico_main/experimental_schools_computer.c.obj
                0x0000000010000d64                test_fail_info
 .text.set_kbd_gpios
                0x0000000010000df8       0xc4 CMakeFiles/escw.dir/tree/projects/github/experimental-computer-for-schools/firmware/pico_main/experimental_schools_computer.c.obj
                0x0000000010000df8                set_kbd_gpios
 .text.get_display
                0x0000000010000ebc        0x8 CMakeFiles/escw.dir/tree/projects/github/experimental-computer-for-schools/firmware/pico_main/experimental_schools_computer.c.obj
                0x0000000010000ebc                get_display
 .text.read_any_size_register
                0x0000000010000ec4       0x6c CMakeFiles/escw.dir/tree/projects/github/experimental-computer-for-schools/firmware/pico_main/experimental_schools_computer.c.obj
                0x0000000010000ec4                read_any_size_register
 .text.kbd_read
                0x0000000010000f30      0xb64 CMakeFiles/escw.dir/tree/projects/github/experimental-computer-for-schools/firmware/pico_main/experimental_schools_computer.c.obj
                0x0000000010000f30                kbd_read
 .text.kbd_scan
                0x0000000010001a94       0x58 CMakeFiles/escw.dir/tree/projects/github/experimental-computer-for-schools/firmware/pico_main/experimental_schools_computer.c.obj
                0x0000000010001a94                kbd_scan
 .text.bcd_sw_addition
                0x0000000010001aec      0x794 CMakeFiles/escw.dir/tree/projects/github/experimental-computer-for-schools/firmware/pico_main/experimental_schools_computer.c.obj
                0x0000000010001aec                bcd_sw_addition
 .text.bcd_dw_addition
                0x0000000010002280     0x189c CMakeFiles/escw.dir/tree/projects/github/experimental-computer-for-schools/firmware/pico_main/experimental_schools_computer.c.obj
                0x0000000010002280                bcd_dw_addition
 .text.cli_test_bcd
                0x0000000010003b1c      0x118 CMakeFiles/escw.dir/tree/projects/github/experimental-computer-for-schools/firmware/pico_main/experimental_schools_computer.c.obj
                0x0000000010003b1c                cli_test_bcd
 .text.register_assign_register
                0x0000000010003c34       0x90 CMakeFiles/escw.dir/tree/projects/github/experimental-computer-for-schools/firmware/pico_main/experimental_schools_computer.c.obj
                0x0000000010003c34                register_assign_register
 .text.register_assign_sum_register_register
                0x0000000010003cc4       0x74 CMakeFiles/escw.dir/tree/projects/github/experimental-computer-for-schools/firmware/pico_main/experimental_schools_computer.c.obj
                0x0000000010003cc4                register_assign_sum_register_register
 .text.register_assign_sub_register_register
                0x0000000010003d38       0x88 CMakeFiles/escw.dir/tree/projects/github/experimental-computer-for-schools/firmware/pico_main/experimental_schools_computer.c.obj
                0x0000000010003d38                register_assign_sub_register_register
 .text.fp_add   0x0000000010003dc0      0x244 CMakeFiles/escw.dir/tree/projects/github/experimental-computer-for-schools/firmware/pico_main/experimental_schools_computer.c.obj
                0x0000000010003dc0                fp_add
 .text.fp_subtract
                0x0000000010004004      0x27c CMakeFiles/escw.dir/tree/projects/github/experimental-computer-for-schools/firmware/pico_main/experimental_schools_computer.c.obj
                0x0000000010004004                fp_subtract
 .text.fp_multiply
                0x0000000010004280      0x140 CMakeFiles/escw.dir/tree/projects/github/experimental-computer-for-schools/firmware/pico_main/experimental_schools_computer.c.obj
                0x0000000010004280                fp_multiply
 .text.fp_divide
                0x00000000100043c0      0x4f4 CMakeFiles/escw.dir/tree/projects/github/experimental-computer-for-schools/firmware/pico_main/experimental_schools_computer.c.obj
                0x00000000100043c0                fp_divide
 .text.next_iar
                0x00000000100048b4      0x284 CMakeFiles/escw.dir/tree/projects/github/experimental-computer-for-schools/firmware/pico_main/experimental_schools_computer.c.obj
                0x00000000100048b4                next_iar
 .text.drive_fsms
                0x0000000010004b38       0x28 CMakeFiles/escw.dir/tree/projects/github/experimental-computer-for-schools/firmware/pico_main/experimental_schools_computer.c.obj
                0x0000000010004b38                drive_fsms
 .text.get_string_state
                0x0000000010004b60      0x19c CMakeFiles/escw.dir/tree/projects/github/experimental-computer-for-schools/firmware/pico_main/experimental_schools_computer.c.obj
                0x0000000010004b60                get_string_state
 .text.cli_dump
                0x0000000010004cfc      0x1fc CMakeFiles/escw.dir/tree/projects/github/experimental-computer-for-schools/firmware/pico_main/experimental_schools_computer.c.obj
                0x0000000010004cfc                cli_dump
 .text.cat_file
                0x0000000010004ef8       0x80 CMakeFiles/escw.dir/tree/projects/github/experimental-computer-for-schools/firmware/pico_main/experimental_schools_computer.c.obj
                0x0000000010004ef8                cat_file
 .text.read_file_into_state
                0x0000000010004f78       0xa8 CMakeFiles/escw.dir/tree/projects/github/experimental-computer-for-schools/firmware/pico_main/experimental_schools_computer.c.obj
                0x0000000010004f78                read_file_into_state
 .text.state_reload_reload
                0x0000000010005020       0x28 CMakeFiles/escw.dir/tree/projects/github/experimental-computer-for-schools/firmware/pico_main/experimental_schools_computer.c.obj
                0x0000000010005020                state_reload_reload
 .text.cli_file_read_state
                0x0000000010005048       0x14 CMakeFiles/escw.dir/tree/projects/github/experimental-computer-for-schools/firmware/pico_main/experimental_schools_computer.c.obj
                0x0000000010005048                cli_file_read_state
 .text.write_state_to_file
                0x000000001000505c      0x1c4 CMakeFiles/escw.dir/tree/projects/github/experimental-computer-for-schools/firmware/pico_main/experimental_schools_computer.c.obj
                0x000000001000505c                write_state_to_file
 .text.state_esc_dump
                0x0000000010005220       0x50 CMakeFiles/escw.dir/tree/projects/github/experimental-computer-for-schools/firmware/pico_main/experimental_schools_computer.c.obj
                0x0000000010005220                state_esc_dump
 .text.cli_file_list
                0x0000000010005270       0x3c CMakeFiles/escw.dir/tree/projects/github/experimental-computer-for-schools/firmware/pico_main/experimental_schools_computer.c.obj
                0x0000000010005270                cli_file_list
 .text.serial_loop
                0x00000000100052ac       0xa8 CMakeFiles/escw.dir/tree/projects/github/experimental-computer-for-schools/firmware/pico_main/experimental_schools_computer.c.obj
                0x00000000100052ac                serial_loop
 .text.display_register_and_contents
                0x0000000010005354       0xa8 CMakeFiles/escw.dir/tree/projects/github/experimental-computer-for-schools/firmware/pico_main/experimental_schools_computer.c.obj
                0x0000000010005354                display_register_and_contents
 .text.display_store_word
                0x00000000100053fc       0x98 CMakeFiles/escw.dir/tree/projects/github/experimental-computer-for-schools/firmware/pico_main/experimental_schools_computer.c.obj
                0x00000000100053fc                display_store_word
 .text.cli_dump_store
                0x0000000010005494       0x48 CMakeFiles/escw.dir/tree/projects/github/experimental-computer-for-schools/firmware/pico_main/experimental_schools_computer.c.obj
                0x0000000010005494                cli_dump_store
 .text.state_esc_load_addr
                0x00000000100054dc       0xf0 CMakeFiles/escw.dir/tree/projects/github/experimental-computer-for-schools/firmware/pico_main/experimental_schools_computer.c.obj
                0x00000000100054dc                state_esc_load_addr
 .text.state_esc_load_store
                0x00000000100055cc      0x10c CMakeFiles/escw.dir/tree/projects/github/experimental-computer-for-schools/firmware/pico_main/experimental_schools_computer.c.obj
                0x00000000100055cc                state_esc_load_store
 .text.state_esc_incr_addr
                0x00000000100056d8       0xb4 CMakeFiles/escw.dir/tree/projects/github/experimental-computer-for-schools/firmware/pico_main/experimental_schools_computer.c.obj
                0x00000000100056d8                state_esc_incr_addr
 .text.state_esc_decr_addr
                0x000000001000578c       0xb4 CMakeFiles/escw.dir/tree/projects/github/experimental-computer-for-schools/firmware/pico_main/experimental_schools_computer.c.obj
                0x000000001000578c                state_esc_decr_addr
 .text.state_esc_numeric
                0x0000000010005840       0xfc CMakeFiles/escw.dir/tree/projects/github/experimental-computer-for-schools/firmware/pico_main/experimental_schools_computer.c.obj
                0x0000000010005840                state_esc_numeric
 .text.state_esc_dot
                0x000000001000593c       0x74 CMakeFiles/escw.dir/tree/projects/github/experimental-computer-for-schools/firmware/pico_main/experimental_schools_computer.c.obj
                0x000000001000593c                state_esc_dot
 .text.state_esc_minus
                0x00000000100059b0       0x70 CMakeFiles/escw.dir/tree/projects/github/experimental-computer-for-schools/firmware/pico_main/experimental_schools_computer.c.obj
                0x00000000100059b0                state_esc_minus
 .text.display_on_line
                0x0000000010005a20       0xd4 CMakeFiles/escw.dir/tree/projects/github/experimental-computer-for-schools/firmware/pico_main/experimental_schools_computer.c.obj
                0x0000000010005a20                display_on_line
 .text.display_line_2
                0x0000000010005af4      0x190 CMakeFiles/escw.dir/tree/projects/github/experimental-computer-for-schools/firmware/pico_main/experimental_schools_computer.c.obj
                0x0000000010005af4                display_line_2
 .text.stage_c_decode
                0x0000000010005c84      0x86c CMakeFiles/escw.dir/tree/projects/github/experimental-computer-for-schools/firmware/pico_main/experimental_schools_computer.c.obj
                0x0000000010005c84                stage_c_decode
 .text.state_esc_normal_reset
                0x00000000100064f0       0xd4 CMakeFiles/escw.dir/tree/projects/github/experimental-computer-for-schools/firmware/pico_main/experimental_schools_computer.c.obj
                0x00000000100064f0                state_esc_normal_reset
 .text.state_esc_ki_reset
                0x00000000100065c4       0xd0 CMakeFiles/escw.dir/tree/projects/github/experimental-computer-for-schools/firmware/pico_main/experimental_schools_computer.c.obj
                0x00000000100065c4                state_esc_ki_reset
 .text.display_two_any_size_register_on_line
                0x0000000010006694      0x140 CMakeFiles/escw.dir/tree/projects/github/experimental-computer-for-schools/firmware/pico_main/experimental_schools_computer.c.obj
                0x0000000010006694                display_two_any_size_register_on_line
 .text.stage_b_decode
                0x00000000100067d4      0xf2c CMakeFiles/escw.dir/tree/projects/github/experimental-computer-for-schools/firmware/pico_main/experimental_schools_computer.c.obj
                0x00000000100067d4                stage_b_decode
 .text.stage_a_decode
                0x0000000010007700      0x634 CMakeFiles/escw.dir/tree/projects/github/experimental-computer-for-schools/firmware/pico_main/experimental_schools_computer.c.obj
                0x0000000010007700                stage_a_decode
 .text.state_esc_next_core
                0x0000000010007d34       0xec CMakeFiles/escw.dir/tree/projects/github/experimental-computer-for-schools/firmware/pico_main/experimental_schools_computer.c.obj
                0x0000000010007d34                state_esc_next_core
 .text.state_esc_execute
                0x0000000010007e20      0x1a8 CMakeFiles/escw.dir/tree/projects/github/experimental-computer-for-schools/firmware/pico_main/experimental_schools_computer.c.obj
                0x0000000010007e20                state_esc_execute
 .text.state_esc_b_disp
                0x0000000010007fc8       0xe4 CMakeFiles/escw.dir/tree/projects/github/experimental-computer-for-schools/firmware/pico_main/experimental_schools_computer.c.obj
                0x0000000010007fc8                state_esc_b_disp
 .text.state_esc_a_disp
                0x00000000100080ac      0x164 CMakeFiles/escw.dir/tree/projects/github/experimental-computer-for-schools/firmware/pico_main/experimental_schools_computer.c.obj
                0x00000000100080ac                state_esc_a_disp
 .text.state_esc_c_disp
                0x0000000010008210       0xf0 CMakeFiles/escw.dir/tree/projects/github/experimental-computer-for-schools/firmware/pico_main/experimental_schools_computer.c.obj
                0x0000000010008210                state_esc_c_disp
 .text.update_computer_display
                0x0000000010008300       0xc8 CMakeFiles/escw.dir/tree/projects/github/experimental-computer-for-schools/firmware/pico_main/experimental_schools_computer.c.obj
                0x0000000010008300                update_computer_display
 .text.update_display
                0x00000000100083c8       0xf4 CMakeFiles/escw.dir/tree/projects/github/experimental-computer-for-schools/firmware/pico_main/experimental_schools_computer.c.obj
                0x00000000100083c8                update_display
 .text.startup.main
                0x00000000100084bc      0x178 CMakeFiles/escw.dir/tree/projects/github/experimental-computer-for-schools/firmware/pico_main/experimental_schools_computer.c.obj
                0x00000000100084bc                main
 .text.key_pressed_worker_func
                0x0000000010008634       0x1c CMakeFiles/escw.dir/escw.c.obj
                0x0000000010008634                key_pressed_worker_func
 .text.tcp_server_accept
                0x0000000010008650       0x90 CMakeFiles/escw.dir/escw.c.obj
 .text.key_pressed_func
                0x00000000100086e0       0x24 CMakeFiles/escw.dir/escw.c.obj
                0x00000000100086e0                key_pressed_func
 .text.tcp_server_poll
                0x0000000010008704       0x74 CMakeFiles/escw.dir/escw.c.obj
 .text.tcp_server_err
                0x0000000010008778       0x6c CMakeFiles/escw.dir/escw.c.obj
 .text.tcp_server_sent
                0x00000000100087e4       0x9c CMakeFiles/escw.dir/escw.c.obj
 .text.tcp_server_recv
                0x0000000010008880      0x4c4 CMakeFiles/escw.dir/escw.c.obj
                0x0000000010008880                tcp_server_recv
 .text.wifi_main
                0x0000000010008d44      0x16c CMakeFiles/escw.dir/escw.c.obj
                0x0000000010008d44                wifi_main
 .text.do_fsm_core
                0x0000000010008eb0       0xd8 CMakeFiles/escw.dir/tree/projects/github/experimental-computer-for-schools/firmware/pico_main/fsms.c.obj
                0x0000000010008eb0                do_fsm_core
 .text.do_fsm   0x0000000010008f88       0x20 CMakeFiles/escw.dir/tree/projects/github/experimental-computer-for-schools/firmware/pico_main/fsms.c.obj
                0x0000000010008f88                do_fsm
 .text.queue_token
                0x0000000010008fa8       0x3c CMakeFiles/escw.dir/tree/projects/github/experimental-computer-for-schools/firmware/pico_main/fsms.c.obj
                0x0000000010008fa8                queue_token
 .text.unqueue_token
                0x0000000010008fe4       0x30 CMakeFiles/escw.dir/tree/projects/github/experimental-computer-for-schools/firmware/pico_main/fsms.c.obj
                0x0000000010008fe4                unqueue_token
 .text.token_queue_empty
                0x0000000010009014       0x18 CMakeFiles/escw.dir/tree/projects/github/experimental-computer-for-schools/firmware/pico_main/fsms.c.obj
                0x0000000010009014                token_queue_empty
 .text.match_token
                0x000000001000902c       0x24 CMakeFiles/escw.dir/tree/projects/github/experimental-computer-for-schools/firmware/pico_main/match_token.c.obj
                0x000000001000902c                match_token
 .text.dhcp_server_process
                0x0000000010009050      0x70c CMakeFiles/escw.dir/dhcpserver/dhcpserver.c.obj
 .text.dhcp_server_init
                0x000000001000975c       0x3c CMakeFiles/escw.dir/dhcpserver/dhcpserver.c.obj
                0x000000001000975c                dhcp_server_init
 .text.dhcp_server_deinit
                0x0000000010009798       0x14 CMakeFiles/escw.dir/dhcpserver/dhcpserver.c.obj
                0x0000000010009798                dhcp_server_deinit
 .text.dns_server_process
                0x00000000100097ac      0x148 CMakeFiles/escw.dir/dnsserver/dnsserver.c.obj
 .text.dns_server_init
                0x00000000100098f4       0x48 CMakeFiles/escw.dir/dnsserver/dnsserver.c.obj
                0x00000000100098f4                dns_server_init
 .text.dns_server_deinit
                0x000000001000993c       0x14 CMakeFiles/escw.dir/dnsserver/dnsserver.c.obj
                0x000000001000993c                dns_server_deinit
 .text.i2c_send_byte.constprop.0
                0x0000000010009950       0xa0 CMakeFiles/escw.dir/tree/projects/github/experimental-computer-for-schools/firmware/pico_main/oled.c.obj
 .text.i2c_send_byte.constprop.1
                0x00000000100099f0       0xa0 CMakeFiles/escw.dir/tree/projects/github/experimental-computer-for-schools/firmware/pico_main/oled.c.obj
 .text.i2c_init
                0x0000000010009a90       0x10 CMakeFiles/escw.dir/tree/projects/github/experimental-computer-for-schools/firmware/pico_main/oled.c.obj
                0x0000000010009a90                i2c_init
 .text.oled_set_xy
                0x0000000010009aa0       0xac CMakeFiles/escw.dir/tree/projects/github/experimental-computer-for-schools/firmware/pico_main/oled.c.obj
                0x0000000010009aa0                oled_set_xy
 .text.oled_display_string
                0x0000000010009b4c       0xe8 CMakeFiles/escw.dir/tree/projects/github/experimental-computer-for-schools/firmware/pico_main/oled.c.obj
                0x0000000010009b4c                oled_display_string
 .text.oled_clear_display
                0x0000000010009c34       0xfc CMakeFiles/escw.dir/tree/projects/github/experimental-computer-for-schools/firmware/pico_main/oled.c.obj
                0x0000000010009c34                oled_clear_display
 .text.oled_setup
                0x0000000010009d30       0xa8 CMakeFiles/escw.dir/tree/projects/github/experimental-computer-for-schools/firmware/pico_main/oled.c.obj
                0x0000000010009d30                oled_setup
 .text.mount_sd
                0x0000000010009dd8       0x3c CMakeFiles/escw.dir/tree/projects/github/experimental-computer-for-schools/firmware/pico_main/sdcard.c.obj
                0x0000000010009dd8                mount_sd
 .text.unmount_sd
                0x0000000010009e14       0x14 CMakeFiles/escw.dir/tree/projects/github/experimental-computer-for-schools/firmware/pico_main/sdcard.c.obj
                0x0000000010009e14                unmount_sd
 .text.file_list
                0x0000000010009e28      0x1c4 CMakeFiles/escw.dir/tree/projects/github/experimental-computer-for-schools/firmware/pico_main/sdcard.c.obj
                0x0000000010009e28                file_list
 .text.file_partial_list
                0x0000000010009fec      0x24c CMakeFiles/escw.dir/tree/projects/github/experimental-computer-for-schools/firmware/pico_main/sdcard.c.obj
                0x0000000010009fec                file_partial_list
 .text.cd_to_dir
                0x000000001000a238       0x70 CMakeFiles/escw.dir/tree/projects/github/experimental-computer-for-schools/firmware/pico_main/sdcard.c.obj
                0x000000001000a238                cd_to_dir
 .text.delete_file
                0x000000001000a2a8       0x78 CMakeFiles/escw.dir/tree/projects/github/experimental-computer-for-schools/firmware/pico_main/sdcard.c.obj
                0x000000001000a2a8                delete_file
 .text.find_next_file_number
                0x000000001000a320      0x1d0 CMakeFiles/escw.dir/tree/projects/github/experimental-computer-for-schools/firmware/pico_main/sdcard.c.obj
                0x000000001000a320                find_next_file_number
 .text.set_sys_clock_pll
                0x000000001000a4f0       0x78 CMakeFiles/escw.dir/tree/downloaded_tools/pico/new_sdk/pico-sdk/src/rp2_common/pico_stdlib/stdlib.c.obj
                0x000000001000a4f0                set_sys_clock_pll
 .text.check_sys_clock_khz
                0x000000001000a568      0x170 CMakeFiles/escw.dir/tree/downloaded_tools/pico/new_sdk/pico-sdk/src/rp2_common/pico_stdlib/stdlib.c.obj
                0x000000001000a568                check_sys_clock_khz
 .text.gpio_set_function
                0x000000001000a6d8       0x30 CMakeFiles/escw.dir/tree/downloaded_tools/pico/new_sdk/pico-sdk/src/rp2_common/hardware_gpio/gpio.c.obj
                0x000000001000a6d8                gpio_set_function
 .text.gpio_set_pulls
                0x000000001000a708       0x30 CMakeFiles/escw.dir/tree/downloaded_tools/pico/new_sdk/pico-sdk/src/rp2_common/hardware_gpio/gpio.c.obj
                0x000000001000a708                gpio_set_pulls
 .text.gpio_set_input_hysteresis_enabled
                0x000000001000a738       0x28 CMakeFiles/escw.dir/tree/downloaded_tools/pico/new_sdk/pico-sdk/src/rp2_common/hardware_gpio/gpio.c.obj
                0x000000001000a738                gpio_set_input_hysteresis_enabled
 .text.gpio_set_irq_enabled
                0x000000001000a760       0x54 CMakeFiles/escw.dir/tree/downloaded_tools/pico/new_sdk/pico-sdk/src/rp2_common/hardware_gpio/gpio.c.obj
                0x000000001000a760                gpio_set_irq_enabled
 .text.gpio_add_raw_irq_handler_with_order_priority_masked
                0x000000001000a7b4       0x44 CMakeFiles/escw.dir/tree/downloaded_tools/pico/new_sdk/pico-sdk/src/rp2_common/hardware_gpio/gpio.c.obj
                0x000000001000a7b4                gpio_add_raw_irq_handler_with_order_priority_masked
 .text.gpio_remove_raw_irq_handler_masked
                0x000000001000a7f8       0x20 CMakeFiles/escw.dir/tree/downloaded_tools/pico/new_sdk/pico-sdk/src/rp2_common/hardware_gpio/gpio.c.obj
                0x000000001000a7f8                gpio_remove_raw_irq_handler_masked
 .text.gpio_init
                0x000000001000a818       0x3c CMakeFiles/escw.dir/tree/downloaded_tools/pico/new_sdk/pico-sdk/src/rp2_common/hardware_gpio/gpio.c.obj
                0x000000001000a818                gpio_init
 .text.running_on_fpga
                0x000000001000a854       0x10 CMakeFiles/escw.dir/tree/downloaded_tools/pico/new_sdk/pico-sdk/src/rp2_common/pico_platform/platform.c.obj
                0x000000001000a854                running_on_fpga
 .text.hw_claim_lock
                0x000000001000a864       0x18 CMakeFiles/escw.dir/tree/downloaded_tools/pico/new_sdk/pico-sdk/src/rp2_common/hardware_claim/claim.c.obj
                0x000000001000a864                hw_claim_lock
 .text.hw_claim_unlock
                0x000000001000a87c       0x14 CMakeFiles/escw.dir/tree/downloaded_tools/pico/new_sdk/pico-sdk/src/rp2_common/hardware_claim/claim.c.obj
                0x000000001000a87c                hw_claim_unlock
 .text.hw_claim_or_assert
                0x000000001000a890       0x48 CMakeFiles/escw.dir/tree/downloaded_tools/pico/new_sdk/pico-sdk/src/rp2_common/hardware_claim/claim.c.obj
                0x000000001000a890                hw_claim_or_assert
 .text.hw_claim_unused_from_range
                0x000000001000a8d8       0x9c CMakeFiles/escw.dir/tree/downloaded_tools/pico/new_sdk/pico-sdk/src/rp2_common/hardware_claim/claim.c.obj
                0x000000001000a8d8                hw_claim_unused_from_range
 .text.hw_claim_clear
                0x000000001000a974       0x38 CMakeFiles/escw.dir/tree/downloaded_tools/pico/new_sdk/pico-sdk/src/rp2_common/hardware_claim/claim.c.obj
                0x000000001000a974                hw_claim_clear
 .text.spin_locks_reset
                0x000000001000a9ac       0x1c CMakeFiles/escw.dir/tree/downloaded_tools/pico/new_sdk/pico-sdk/src/rp2_common/hardware_sync/sync.c.obj
                0x000000001000a9ac                spin_locks_reset
 .text.next_striped_spin_lock_num
                0x000000001000a9c8       0x18 CMakeFiles/escw.dir/tree/downloaded_tools/pico/new_sdk/pico-sdk/src/rp2_common/hardware_sync/sync.c.obj
                0x000000001000a9c8                next_striped_spin_lock_num
 .text.spin_lock_claim_unused
                0x000000001000a9e0       0x20 CMakeFiles/escw.dir/tree/downloaded_tools/pico/new_sdk/pico-sdk/src/rp2_common/hardware_sync/sync.c.obj
                0x000000001000a9e0                spin_lock_claim_unused
 .text.irq_set_enabled
                0x000000001000aa00       0x24 CMakeFiles/escw.dir/tree/downloaded_tools/pico/new_sdk/pico-sdk/src/rp2_common/hardware_irq/irq.c.obj
                0x000000001000aa00                irq_set_enabled
 .text.irq_set_pending
                0x000000001000aa24       0x10 CMakeFiles/escw.dir/tree/downloaded_tools/pico/new_sdk/pico-sdk/src/rp2_common/hardware_irq/irq.c.obj
                0x000000001000aa24                irq_set_pending
 .text.irq_has_shared_handler
                0x000000001000aa34       0x2c CMakeFiles/escw.dir/tree/downloaded_tools/pico/new_sdk/pico-sdk/src/rp2_common/hardware_irq/irq.c.obj
                0x000000001000aa34                irq_has_shared_handler
 .text.irq_get_vtable_handler
                0x000000001000aa60       0x10 CMakeFiles/escw.dir/tree/downloaded_tools/pico/new_sdk/pico-sdk/src/rp2_common/hardware_irq/irq.c.obj
                0x000000001000aa60                irq_get_vtable_handler
 .text.irq_set_exclusive_handler
                0x000000001000aa70       0x54 CMakeFiles/escw.dir/tree/downloaded_tools/pico/new_sdk/pico-sdk/src/rp2_common/hardware_irq/irq.c.obj
                0x000000001000aa70                irq_set_exclusive_handler
 .text.irq_add_shared_handler
                0x000000001000aac4      0x1c4 CMakeFiles/escw.dir/tree/downloaded_tools/pico/new_sdk/pico-sdk/src/rp2_common/hardware_irq/irq.c.obj
                0x000000001000aac4                irq_add_shared_handler
 .text.irq_remove_handler
                0x000000001000ac88      0x1b4 CMakeFiles/escw.dir/tree/downloaded_tools/pico/new_sdk/pico-sdk/src/rp2_common/hardware_irq/irq.c.obj
                0x000000001000ac88                irq_remove_handler
 .text.irq_set_priority
                0x000000001000ae3c       0x28 CMakeFiles/escw.dir/tree/downloaded_tools/pico/new_sdk/pico-sdk/src/rp2_common/hardware_irq/irq.c.obj
                0x000000001000ae3c                irq_set_priority
 .text.irq_add_tail_to_free_list
                0x000000001000ae64       0xb4 CMakeFiles/escw.dir/tree/downloaded_tools/pico/new_sdk/pico-sdk/src/rp2_common/hardware_irq/irq.c.obj
                0x000000001000ae64                irq_add_tail_to_free_list
 .text.irq_init_priorities
                0x000000001000af18       0x24 CMakeFiles/escw.dir/tree/downloaded_tools/pico/new_sdk/pico-sdk/src/rp2_common/hardware_irq/irq.c.obj
                0x000000001000af18                irq_init_priorities
 .text.user_irq_unclaim
                0x000000001000af3c       0x14 CMakeFiles/escw.dir/tree/downloaded_tools/pico/new_sdk/pico-sdk/src/rp2_common/hardware_irq/irq.c.obj
                0x000000001000af3c                user_irq_unclaim
 .text.user_irq_claim_unused
                0x000000001000af50       0x28 CMakeFiles/escw.dir/tree/downloaded_tools/pico/new_sdk/pico-sdk/src/rp2_common/hardware_irq/irq.c.obj
                0x000000001000af50                user_irq_claim_unused
 .text.sem_init
                0x000000001000af78       0x20 CMakeFiles/escw.dir/tree/downloaded_tools/pico/new_sdk/pico-sdk/src/common/pico_sync/sem.c.obj
                0x000000001000af78                sem_init
 .text.lock_init
                0x000000001000af98       0x10 CMakeFiles/escw.dir/tree/downloaded_tools/pico/new_sdk/pico-sdk/src/common/pico_sync/lock_core.c.obj
                0x000000001000af98                lock_init
 .text.mutex_init
                0x000000001000afa8       0x1c CMakeFiles/escw.dir/tree/downloaded_tools/pico/new_sdk/pico-sdk/src/common/pico_sync/mutex.c.obj
                0x000000001000afa8                mutex_init
 .text.recursive_mutex_init
                0x000000001000afc4       0x1c CMakeFiles/escw.dir/tree/downloaded_tools/pico/new_sdk/pico-sdk/src/common/pico_sync/mutex.c.obj
                0x000000001000afc4                recursive_mutex_init
 .text.critical_section_init
                0x000000001000afe0       0x1c CMakeFiles/escw.dir/tree/downloaded_tools/pico/new_sdk/pico-sdk/src/common/pico_sync/critical_section.c.obj
                0x000000001000afe0                critical_section_init
 .text.critical_section_init_with_lock_num
                0x000000001000affc       0x14 CMakeFiles/escw.dir/tree/downloaded_tools/pico/new_sdk/pico-sdk/src/common/pico_sync/critical_section.c.obj
                0x000000001000affc                critical_section_init_with_lock_num
 .text.timer_pool_entry_comparator
                0x000000001000b010       0x34 CMakeFiles/escw.dir/tree/downloaded_tools/pico/new_sdk/pico-sdk/src/common/pico_time/time.c.obj
                0x000000001000b010                timer_pool_entry_comparator
 .text.sleep_until_callback
                0x000000001000b044       0x30 CMakeFiles/escw.dir/tree/downloaded_tools/pico/new_sdk/pico-sdk/src/common/pico_time/time.c.obj
 .text.add_alarm_under_lock
                0x000000001000b074      0x108 CMakeFiles/escw.dir/tree/downloaded_tools/pico/new_sdk/pico-sdk/src/common/pico_time/time.c.obj
 .text.alarm_pool_alarm_callback
                0x000000001000b17c      0x1bc CMakeFiles/escw.dir/tree/downloaded_tools/pico/new_sdk/pico-sdk/src/common/pico_time/time.c.obj
 .text.alarm_pool_init_default
                0x000000001000b338       0x6c CMakeFiles/escw.dir/tree/downloaded_tools/pico/new_sdk/pico-sdk/src/common/pico_time/time.c.obj
                0x000000001000b338                alarm_pool_init_default
 .text.alarm_pool_get_default
                0x000000001000b3a4        0x8 CMakeFiles/escw.dir/tree/downloaded_tools/pico/new_sdk/pico-sdk/src/common/pico_time/time.c.obj
                0x000000001000b3a4                alarm_pool_get_default
 .text.alarm_pool_create_with_unused_hardware_alarm
                0x000000001000b3ac       0x74 CMakeFiles/escw.dir/tree/downloaded_tools/pico/new_sdk/pico-sdk/src/common/pico_time/time.c.obj
                0x000000001000b3ac                alarm_pool_create_with_unused_hardware_alarm
 .text.alarm_pool_destroy
                0x000000001000b420       0x44 CMakeFiles/escw.dir/tree/downloaded_tools/pico/new_sdk/pico-sdk/src/common/pico_time/time.c.obj
                0x000000001000b420                alarm_pool_destroy
 .text.alarm_pool_add_alarm_at
                0x000000001000b464      0x18c CMakeFiles/escw.dir/tree/downloaded_tools/pico/new_sdk/pico-sdk/src/common/pico_time/time.c.obj
                0x000000001000b464                alarm_pool_add_alarm_at
 .text.alarm_pool_add_alarm_at_force_in_context
                0x000000001000b5f0      0x124 CMakeFiles/escw.dir/tree/downloaded_tools/pico/new_sdk/pico-sdk/src/common/pico_time/time.c.obj
                0x000000001000b5f0                alarm_pool_add_alarm_at_force_in_context
 .text.alarm_pool_cancel_alarm
                0x000000001000b714       0x78 CMakeFiles/escw.dir/tree/downloaded_tools/pico/new_sdk/pico-sdk/src/common/pico_time/time.c.obj
                0x000000001000b714                alarm_pool_cancel_alarm
 .text.alarm_pool_core_num
                0x000000001000b78c        0x4 CMakeFiles/escw.dir/tree/downloaded_tools/pico/new_sdk/pico-sdk/src/common/pico_time/time.c.obj
                0x000000001000b78c                alarm_pool_core_num
 .text.sleep_until
                0x000000001000b790       0xc4 CMakeFiles/escw.dir/tree/downloaded_tools/pico/new_sdk/pico-sdk/src/common/pico_time/time.c.obj
                0x000000001000b790                sleep_until
 .text.sleep_us
                0x000000001000b854       0x24 CMakeFiles/escw.dir/tree/downloaded_tools/pico/new_sdk/pico-sdk/src/common/pico_time/time.c.obj
                0x000000001000b854                sleep_us
 .text.sleep_ms
                0x000000001000b878       0x34 CMakeFiles/escw.dir/tree/downloaded_tools/pico/new_sdk/pico-sdk/src/common/pico_time/time.c.obj
                0x000000001000b878                sleep_ms
 .text.best_effort_wfe_or_timeout
                0x000000001000b8ac       0xd4 CMakeFiles/escw.dir/tree/downloaded_tools/pico/new_sdk/pico-sdk/src/common/pico_time/time.c.obj
                0x000000001000b8ac                best_effort_wfe_or_timeout
 .text.hardware_alarm_irq_handler
                0x000000001000b980       0xbc CMakeFiles/escw.dir/tree/downloaded_tools/pico/new_sdk/pico-sdk/src/rp2_common/hardware_timer/timer.c.obj
 .text.hardware_alarm_claim
                0x000000001000ba3c       0x18 CMakeFiles/escw.dir/tree/downloaded_tools/pico/new_sdk/pico-sdk/src/rp2_common/hardware_timer/timer.c.obj
                0x000000001000ba3c                hardware_alarm_claim
 .text.hardware_alarm_unclaim
                0x000000001000ba54       0x10 CMakeFiles/escw.dir/tree/downloaded_tools/pico/new_sdk/pico-sdk/src/rp2_common/hardware_timer/timer.c.obj
                0x000000001000ba54                hardware_alarm_unclaim
 .text.hardware_alarm_claim_unused
                0x000000001000ba64       0x20 CMakeFiles/escw.dir/tree/downloaded_tools/pico/new_sdk/pico-sdk/src/rp2_common/hardware_timer/timer.c.obj
                0x000000001000ba64                hardware_alarm_claim_unused
 .text.time_us_64
                0x000000001000ba84       0x14 CMakeFiles/escw.dir/tree/downloaded_tools/pico/new_sdk/pico-sdk/src/rp2_common/hardware_timer/timer.c.obj
                0x000000001000ba84                time_us_64
 .text.busy_wait_us
                0x000000001000ba98       0x54 CMakeFiles/escw.dir/tree/downloaded_tools/pico/new_sdk/pico-sdk/src/rp2_common/hardware_timer/timer.c.obj
                0x000000001000ba98                busy_wait_us
 .text.busy_wait_until
                0x000000001000baec       0x20 CMakeFiles/escw.dir/tree/downloaded_tools/pico/new_sdk/pico-sdk/src/rp2_common/hardware_timer/timer.c.obj
                0x000000001000baec                busy_wait_until
 .text.hardware_alarm_set_callback
                0x000000001000bb0c       0x8c CMakeFiles/escw.dir/tree/downloaded_tools/pico/new_sdk/pico-sdk/src/rp2_common/hardware_timer/timer.c.obj
                0x000000001000bb0c                hardware_alarm_set_callback
 .text.hardware_alarm_set_target
                0x000000001000bb98       0xd4 CMakeFiles/escw.dir/tree/downloaded_tools/pico/new_sdk/pico-sdk/src/rp2_common/hardware_timer/timer.c.obj
                0x000000001000bb98                hardware_alarm_set_target
 .text.hardware_alarm_cancel
                0x000000001000bc6c       0x40 CMakeFiles/escw.dir/tree/downloaded_tools/pico/new_sdk/pico-sdk/src/rp2_common/hardware_timer/timer.c.obj
                0x000000001000bc6c                hardware_alarm_cancel
 .text.hardware_alarm_force_irq
                0x000000001000bcac       0x40 CMakeFiles/escw.dir/tree/downloaded_tools/pico/new_sdk/pico-sdk/src/rp2_common/hardware_timer/timer.c.obj
                0x000000001000bcac                hardware_alarm_force_irq
 .text.ph_merge_nodes
                0x000000001000bcec       0x68 CMakeFiles/escw.dir/tree/downloaded_tools/pico/new_sdk/pico-sdk/src/common/pico_util/pheap.c.obj
 .text.ph_create
                0x000000001000bd54       0x60 CMakeFiles/escw.dir/tree/downloaded_tools/pico/new_sdk/pico-sdk/src/common/pico_util/pheap.c.obj
                0x000000001000bd54                ph_create
 .text.ph_post_alloc_init
                0x000000001000bdb4       0x3c CMakeFiles/escw.dir/tree/downloaded_tools/pico/new_sdk/pico-sdk/src/common/pico_util/pheap.c.obj
                0x000000001000bdb4                ph_post_alloc_init
 .text.ph_destroy
                0x000000001000bdf0       0x14 CMakeFiles/escw.dir/tree/downloaded_tools/pico/new_sdk/pico-sdk/src/common/pico_util/pheap.c.obj
                0x000000001000bdf0                ph_destroy
 .text.ph_merge_two_pass
                0x000000001000be04       0x90 CMakeFiles/escw.dir/tree/downloaded_tools/pico/new_sdk/pico-sdk/src/common/pico_util/pheap.c.obj
                0x000000001000be04                ph_merge_two_pass
 .text.ph_remove_any_head
                0x000000001000be94      0x100 CMakeFiles/escw.dir/tree/downloaded_tools/pico/new_sdk/pico-sdk/src/common/pico_util/pheap.c.obj
 .text.ph_remove_head
                0x000000001000bf94      0x144 CMakeFiles/escw.dir/tree/downloaded_tools/pico/new_sdk/pico-sdk/src/common/pico_util/pheap.c.obj
                0x000000001000bf94                ph_remove_head
 .text.ph_remove_and_free_node
                0x000000001000c0d8       0x7c CMakeFiles/escw.dir/tree/downloaded_tools/pico/new_sdk/pico-sdk/src/common/pico_util/pheap.c.obj
                0x000000001000c0d8                ph_remove_and_free_node
 .text.uart_init
                0x000000001000c154      0x188 CMakeFiles/escw.dir/tree/downloaded_tools/pico/new_sdk/pico-sdk/src/rp2_common/hardware_uart/uart.c.obj
                0x000000001000c154                uart_init
 .text.clock_configure
                0x000000001000c2dc      0x118 CMakeFiles/escw.dir/tree/downloaded_tools/pico/new_sdk/pico-sdk/src/rp2_common/hardware_clocks/clocks.c.obj
                0x000000001000c2dc                clock_configure
 .text.clocks_init
                0x000000001000c3f4      0x2d0 CMakeFiles/escw.dir/tree/downloaded_tools/pico/new_sdk/pico-sdk/src/rp2_common/hardware_clocks/clocks.c.obj
                0x000000001000c3f4                clocks_init
 .text.clock_get_hz
                0x000000001000c6c4        0xc CMakeFiles/escw.dir/tree/downloaded_tools/pico/new_sdk/pico-sdk/src/rp2_common/hardware_clocks/clocks.c.obj
                0x000000001000c6c4                clock_get_hz
 .text.pll_init
                0x000000001000c6d0       0xa0 CMakeFiles/escw.dir/tree/downloaded_tools/pico/new_sdk/pico-sdk/src/rp2_common/hardware_pll/pll.c.obj
                0x000000001000c6d0                pll_init
 .text.watchdog_start_tick
                0x000000001000c770       0x10 CMakeFiles/escw.dir/tree/downloaded_tools/pico/new_sdk/pico-sdk/src/rp2_common/hardware_watchdog/watchdog.c.obj
                0x000000001000c770                watchdog_start_tick
 .text.watchdog_reboot
                0x000000001000c780       0x98 CMakeFiles/escw.dir/tree/downloaded_tools/pico/new_sdk/pico-sdk/src/rp2_common/hardware_watchdog/watchdog.c.obj
                0x000000001000c780                watchdog_reboot
 .text.xosc_init
                0x000000001000c818       0x28 CMakeFiles/escw.dir/tree/downloaded_tools/pico/new_sdk/pico-sdk/src/rp2_common/hardware_xosc/xosc.c.obj
                0x000000001000c818                xosc_init
 .text.runtime_init
                0x000000001000c840       0xf0 CMakeFiles/escw.dir/tree/downloaded_tools/pico/new_sdk/pico-sdk/src/rp2_common/pico_runtime/runtime.c.obj
                0x000000001000c840                runtime_init
 .text._exit    0x000000001000c930        0x4 CMakeFiles/escw.dir/tree/downloaded_tools/pico/new_sdk/pico-sdk/src/rp2_common/pico_runtime/runtime.c.obj
                0x000000001000c930                _exit
 .text._sbrk    0x000000001000c934       0x34 CMakeFiles/escw.dir/tree/downloaded_tools/pico/new_sdk/pico-sdk/src/rp2_common/pico_runtime/runtime.c.obj
                0x000000001000c934                _sbrk
 .text.exit     0x000000001000c968        0x8 CMakeFiles/escw.dir/tree/downloaded_tools/pico/new_sdk/pico-sdk/src/rp2_common/pico_runtime/runtime.c.obj
                0x000000001000c968                exit
 .text.__assert_func
                0x000000001000c970       0x34 CMakeFiles/escw.dir/tree/downloaded_tools/pico/new_sdk/pico-sdk/src/rp2_common/pico_runtime/runtime.c.obj
                0x000000001000c970                __assert_func
 .text.panic    0x000000001000c9a4       0x30 CMakeFiles/escw.dir/tree/downloaded_tools/pico/new_sdk/pico-sdk/src/rp2_common/pico_runtime/runtime.c.obj
                0x000000001000c9a4                panic
 .text.hard_assertion_failure
                0x000000001000c9d4        0xc CMakeFiles/escw.dir/tree/downloaded_tools/pico/new_sdk/pico-sdk/src/rp2_common/pico_runtime/runtime.c.obj
                0x000000001000c9d4                hard_assertion_failure
 .text._out_buffer
                0x000000001000c9e0        0x8 CMakeFiles/escw.dir/tree/downloaded_tools/pico/new_sdk/pico-sdk/src/rp2_common/pico_printf/printf.c.obj
 .text._out_null
                0x000000001000c9e8        0x4 CMakeFiles/escw.dir/tree/downloaded_tools/pico/new_sdk/pico-sdk/src/rp2_common/pico_printf/printf.c.obj
 .text._out_rev
                0x000000001000c9ec       0xd0 CMakeFiles/escw.dir/tree/downloaded_tools/pico/new_sdk/pico-sdk/src/rp2_common/pico_printf/printf.c.obj
 .text._ntoa_format
                0x000000001000cabc      0x1d0 CMakeFiles/escw.dir/tree/downloaded_tools/pico/new_sdk/pico-sdk/src/rp2_common/pico_printf/printf.c.obj
 .text._out_char
                0x000000001000cc8c       0x10 CMakeFiles/escw.dir/tree/downloaded_tools/pico/new_sdk/pico-sdk/src/rp2_common/pico_printf/printf.c.obj
 .text._out_fct
                0x000000001000cc9c       0x10 CMakeFiles/escw.dir/tree/downloaded_tools/pico/new_sdk/pico-sdk/src/rp2_common/pico_printf/printf.c.obj
 .text._etoa    0x000000001000ccac      0x478 CMakeFiles/escw.dir/tree/downloaded_tools/pico/new_sdk/pico-sdk/src/rp2_common/pico_printf/printf.c.obj
 .text._ftoa    0x000000001000d124      0x3e0 CMakeFiles/escw.dir/tree/downloaded_tools/pico/new_sdk/pico-sdk/src/rp2_common/pico_printf/printf.c.obj
 .text._vsnprintf
                0x000000001000d504      0xb08 CMakeFiles/escw.dir/tree/downloaded_tools/pico/new_sdk/pico-sdk/src/rp2_common/pico_printf/printf.c.obj
 .text.__wrap_sprintf
                0x000000001000e00c       0x28 CMakeFiles/escw.dir/tree/downloaded_tools/pico/new_sdk/pico-sdk/src/rp2_common/pico_printf/printf.c.obj
                0x000000001000e00c                __wrap_sprintf
 .text.__wrap_snprintf
                0x000000001000e034       0x28 CMakeFiles/escw.dir/tree/downloaded_tools/pico/new_sdk/pico-sdk/src/rp2_common/pico_printf/printf.c.obj
                0x000000001000e034                __wrap_snprintf
 .text.__wrap_vsnprintf
                0x000000001000e05c       0x1c CMakeFiles/escw.dir/tree/downloaded_tools/pico/new_sdk/pico-sdk/src/rp2_common/pico_printf/printf.c.obj
                0x000000001000e05c                __wrap_vsnprintf
 .text.vfctprintf
                0x000000001000e078       0x20 CMakeFiles/escw.dir/tree/downloaded_tools/pico/new_sdk/pico-sdk/src/rp2_common/pico_printf/printf.c.obj
                0x000000001000e078                vfctprintf
 .text.weak_raw_printf
                0x000000001000e098       0x40 CMakeFiles/escw.dir/tree/downloaded_tools/pico/new_sdk/pico-sdk/src/rp2_common/pico_printf/printf.c.obj
                0x000000001000e098                weak_raw_printf
 .text.weak_raw_vprintf
                0x000000001000e0d8       0x30 CMakeFiles/escw.dir/tree/downloaded_tools/pico/new_sdk/pico-sdk/src/rp2_common/pico_printf/printf.c.obj
                0x000000001000e0d8                weak_raw_vprintf
 .text          0x000000001000e108       0x10 CMakeFiles/escw.dir/tree/downloaded_tools/pico/new_sdk/pico-sdk/src/rp2_common/pico_bit_ops/bit_ops_aeabi.S.obj
 .text.ctzsi    0x000000001000e118        0xc CMakeFiles/escw.dir/tree/downloaded_tools/pico/new_sdk/pico-sdk/src/rp2_common/pico_bit_ops/bit_ops_aeabi.S.obj
                0x000000001000e118                __wrap___ctzsi2
 .text.rom_func_lookup
                0x000000001000e124       0x10 CMakeFiles/escw.dir/tree/downloaded_tools/pico/new_sdk/pico-sdk/src/rp2_common/pico_bootrom/bootrom.c.obj
                0x000000001000e124                rom_func_lookup
 .text.rom_data_lookup
                0x000000001000e134       0x10 CMakeFiles/escw.dir/tree/downloaded_tools/pico/new_sdk/pico-sdk/src/rp2_common/pico_bootrom/bootrom.c.obj
                0x000000001000e134                rom_data_lookup
 .text.rom_funcs_lookup
                0x000000001000e144       0x3c CMakeFiles/escw.dir/tree/downloaded_tools/pico/new_sdk/pico-sdk/src/rp2_common/pico_bootrom/bootrom.c.obj
                0x000000001000e144                rom_funcs_lookup
 .text.__wrap___aeabi_idiv
                0x000000001000e180       0x50 CMakeFiles/escw.dir/tree/downloaded_tools/pico/new_sdk/pico-sdk/src/rp2_common/pico_divider/divider.S.obj
                0x000000001000e180                __wrap___aeabi_idivmod
                0x000000001000e180                divmod_s32s32
                0x000000001000e180                div_s32s32
                0x000000001000e180                __wrap___aeabi_idiv
                0x000000001000e188                divmod_s32s32_unsafe
                0x000000001000e1b4                divmod_s32s32_savestate
 .text.__wrap___aeabi_uidiv
                0x000000001000e1d0       0x4c CMakeFiles/escw.dir/tree/downloaded_tools/pico/new_sdk/pico-sdk/src/rp2_common/pico_divider/divider.S.obj
                0x000000001000e1d0                __wrap___aeabi_uidiv
                0x000000001000e1d0                __wrap___aeabi_uidivmod
                0x000000001000e1d0                div_u32u32
                0x000000001000e1d0                divmod_u32u32
                0x000000001000e1d8                divmod_u32u32_unsafe
                0x000000001000e200                divmod_u32u32_savestate
 .text.__wrap___aeabi_ldiv
                0x000000001000e21c      0x424 CMakeFiles/escw.dir/tree/downloaded_tools/pico/new_sdk/pico-sdk/src/rp2_common/pico_divider/divider.S.obj
                0x000000001000e21c                div_s64s64
                0x000000001000e21c                divmod_s64s64
                0x000000001000e21c                __wrap___aeabi_ldivmod
                0x000000001000e24c                div_u64u64
                0x000000001000e24c                divmod_u64u64
                0x000000001000e24c                __wrap___aeabi_uldivmod
                0x000000001000e25c                divmod_u64u64_savestate
                0x000000001000e27c                divmod_s64s64_unsafe
                0x000000001000e304                divmod_u64u64_unsafe
 .text.__wrap___aeabi_darithmetic
                0x000000001000e640       0x60 CMakeFiles/escw.dir/tree/downloaded_tools/pico/new_sdk/pico-sdk/src/rp2_common/pico_double/double_aeabi.S.obj
                0x000000001000e640                __wrap___aeabi_drsub
                0x000000001000e646                __wrap___aeabi_dsub
                0x000000001000e650                __wrap___aeabi_dadd
                0x000000001000e65a                __wrap___aeabi_ddiv
                0x000000001000e68e                __wrap___aeabi_dmul
 .text.__wrap___aeabi_cdcmple
                0x000000001000e6a0       0x6c CMakeFiles/escw.dir/tree/downloaded_tools/pico/new_sdk/pico-sdk/src/rp2_common/pico_double/double_aeabi.S.obj
                0x000000001000e6a0                __wrap___aeabi_cdrcmple
                0x000000001000e6b0                __wrap___aeabi_cdcmple
                0x000000001000e6b0                __wrap___aeabi_cdcmpeq
 .text.__wrap___aeabi_dcmpeq
                0x000000001000e70c       0x10 CMakeFiles/escw.dir/tree/downloaded_tools/pico/new_sdk/pico-sdk/src/rp2_common/pico_double/double_aeabi.S.obj
                0x000000001000e70c                __wrap___aeabi_dcmpeq
 .text.__wrap___aeabi_dcmplt
                0x000000001000e71c        0xc CMakeFiles/escw.dir/tree/downloaded_tools/pico/new_sdk/pico-sdk/src/rp2_common/pico_double/double_aeabi.S.obj
                0x000000001000e71c                __wrap___aeabi_dcmplt
 .text.__wrap___aeabi_dcmple
                0x000000001000e728       0x10 CMakeFiles/escw.dir/tree/downloaded_tools/pico/new_sdk/pico-sdk/src/rp2_common/pico_double/double_aeabi.S.obj
                0x000000001000e728                __wrap___aeabi_dcmple
 .text.__wrap___aeabi_dcmpge
                0x000000001000e738       0x10 CMakeFiles/escw.dir/tree/downloaded_tools/pico/new_sdk/pico-sdk/src/rp2_common/pico_double/double_aeabi.S.obj
                0x000000001000e738                __wrap___aeabi_dcmpge
 .text.__wrap___aeabi_dcmpgt
                0x000000001000e748        0xa CMakeFiles/escw.dir/tree/downloaded_tools/pico/new_sdk/pico-sdk/src/rp2_common/pico_double/double_aeabi.S.obj
                0x000000001000e748                __wrap___aeabi_dcmpgt
 .text.__wrap___aeabi_dcmpun
                0x000000001000e752       0x1c CMakeFiles/escw.dir/tree/downloaded_tools/pico/new_sdk/pico-sdk/src/rp2_common/pico_double/double_aeabi.S.obj
                0x000000001000e752                __wrap___aeabi_dcmpun
 *fill*         0x000000001000e76e        0x2 
 .text.__wrap___aeabi_i2d
                0x000000001000e770       0x38 CMakeFiles/escw.dir/tree/downloaded_tools/pico/new_sdk/pico-sdk/src/rp2_common/pico_double/double_aeabi.S.obj
                0x000000001000e770                __wrap___aeabi_ui2d
                0x000000001000e778                __wrap___aeabi_i2d
 .text.__wrap___aeabi_d2iz
                0x000000001000e7a8       0x48 CMakeFiles/escw.dir/tree/downloaded_tools/pico/new_sdk/pico-sdk/src/rp2_common/pico_double/double_aeabi.S.obj
                0x000000001000e7a8                __wrap___aeabi_d2iz
                0x000000001000e7a8                double2int_z
 .text.__wrap___aeabi_d2uiz
                0x000000001000e7f0       0x10 CMakeFiles/escw.dir/tree/downloaded_tools/pico/new_sdk/pico-sdk/src/rp2_common/pico_double/double_aeabi.S.obj
                0x000000001000e7f0                double2uint
                0x000000001000e7f0                __wrap___aeabi_d2uiz
 .text.__wrap___aeabi_l2d
                0x000000001000e800       0x10 CMakeFiles/escw.dir/tree/downloaded_tools/pico/new_sdk/pico-sdk/src/rp2_common/pico_double/double_aeabi.S.obj
                0x000000001000e800                __wrap___aeabi_l2d
 .text.__wrap___aeabi_d2lz
                0x000000001000e810       0x26 CMakeFiles/escw.dir/tree/downloaded_tools/pico/new_sdk/pico-sdk/src/rp2_common/pico_double/double_aeabi.S.obj
                0x000000001000e810                __wrap___aeabi_d2lz
                0x000000001000e810                double2int64_z
 *fill*         0x000000001000e836        0x2 
 .text.double2int64
                0x000000001000e838       0x10 CMakeFiles/escw.dir/tree/downloaded_tools/pico/new_sdk/pico-sdk/src/rp2_common/pico_double/double_aeabi.S.obj
                0x000000001000e838                double2int64
 .text.double2ufix64
                0x000000001000e848       0x10 CMakeFiles/escw.dir/tree/downloaded_tools/pico/new_sdk/pico-sdk/src/rp2_common/pico_double/double_aeabi.S.obj
                0x000000001000e848                double2ufix64
 .text.__wrap___aeabi_d2f
                0x000000001000e858       0x10 CMakeFiles/escw.dir/tree/downloaded_tools/pico/new_sdk/pico-sdk/src/rp2_common/pico_double/double_aeabi.S.obj
                0x000000001000e858                __wrap___aeabi_d2f
 .text.missing_double_func_shim
                0x000000001000e868        0xc CMakeFiles/escw.dir/tree/downloaded_tools/pico/new_sdk/pico-sdk/src/rp2_common/pico_double/double_init_rom.c.obj
 .text.__aeabi_double_init
                0x000000001000e874       0xc0 CMakeFiles/escw.dir/tree/downloaded_tools/pico/new_sdk/pico-sdk/src/rp2_common/pico_double/double_init_rom.c.obj
                0x000000001000e874                __aeabi_double_init
 .text.double_table_shim_on_use_helper
                0x000000001000e934       0x2c CMakeFiles/escw.dir/tree/downloaded_tools/pico/new_sdk/pico-sdk/src/rp2_common/pico_double/double_v1_rom_shim.S.obj
                0x000000001000e934                double_table_shim_on_use_helper
 .text.__aeabi_lmul
                0x000000001000e960       0x32 CMakeFiles/escw.dir/tree/downloaded_tools/pico/new_sdk/pico-sdk/src/rp2_common/pico_int64_ops/pico_int64_ops_aeabi.S.obj
                0x000000001000e960                __wrap___aeabi_lmul
 *fill*         0x000000001000e992        0x2 
 .text.__wrap___aeabi_cfcmple
                0x000000001000e994       0x50 CMakeFiles/escw.dir/tree/downloaded_tools/pico/new_sdk/pico-sdk/src/rp2_common/pico_float/float_aeabi.S.obj
                0x000000001000e994                __wrap___aeabi_cfrcmple
                0x000000001000e9a0                __wrap___aeabi_cfcmpeq
                0x000000001000e9a0                __wrap___aeabi_cfcmple
 .text.__wrap___aeabi_fcmple
                0x000000001000e9e4       0x10 CMakeFiles/escw.dir/tree/downloaded_tools/pico/new_sdk/pico-sdk/src/rp2_common/pico_float/float_aeabi.S.obj
                0x000000001000e9e4                __wrap___aeabi_fcmple
 .text.__wrap___aeabi_fcmpun
                0x000000001000e9f4       0x18 CMakeFiles/escw.dir/tree/downloaded_tools/pico/new_sdk/pico-sdk/src/rp2_common/pico_float/float_aeabi.S.obj
                0x000000001000e9f4                __wrap___aeabi_fcmpun
 .text.missing_float_func_shim
                0x000000001000ea0c        0xc CMakeFiles/escw.dir/tree/downloaded_tools/pico/new_sdk/pico-sdk/src/rp2_common/pico_float/float_init_rom.c.obj
 .text.__aeabi_float_init
                0x000000001000ea18       0x5c CMakeFiles/escw.dir/tree/downloaded_tools/pico/new_sdk/pico-sdk/src/rp2_common/pico_float/float_init_rom.c.obj
                0x000000001000ea18                __aeabi_float_init
 .text.__wrap_malloc
                0x000000001000ea74       0x3c CMakeFiles/escw.dir/tree/downloaded_tools/pico/new_sdk/pico-sdk/src/rp2_common/pico_malloc/pico_malloc.c.obj
                0x000000001000ea74                __wrap_malloc
 .text.__wrap_calloc
                0x000000001000eab0       0x40 CMakeFiles/escw.dir/tree/downloaded_tools/pico/new_sdk/pico-sdk/src/rp2_common/pico_malloc/pico_malloc.c.obj
                0x000000001000eab0                __wrap_calloc
 .text.__wrap_free
                0x000000001000eaf0       0x20 CMakeFiles/escw.dir/tree/downloaded_tools/pico/new_sdk/pico-sdk/src/rp2_common/pico_malloc/pico_malloc.c.obj
                0x000000001000eaf0                __wrap_free
 .text          0x000000001000eb10       0x10 CMakeFiles/escw.dir/tree/downloaded_tools/pico/new_sdk/pico-sdk/src/rp2_common/pico_mem_ops/mem_ops_aeabi.S.obj
                0x000000001000eb10                __aeabi_mem_init
 .text.memset   0x000000001000eb20        0xc CMakeFiles/escw.dir/tree/downloaded_tools/pico/new_sdk/pico-sdk/src/rp2_common/pico_mem_ops/mem_ops_aeabi.S.obj
                0x000000001000eb20                __wrap_memset
 .text.memcpy   0x000000001000eb2c        0xc CMakeFiles/escw.dir/tree/downloaded_tools/pico/new_sdk/pico-sdk/src/rp2_common/pico_mem_ops/mem_ops_aeabi.S.obj
                0x000000001000eb2c                __wrap___aeabi_memcpy
                0x000000001000eb2c                __wrap_memcpy
 .text.stdio_out_chars_no_crlf
                0x000000001000eb38       0x10 CMakeFiles/escw.dir/tree/downloaded_tools/pico/new_sdk/pico-sdk/src/rp2_common/pico_stdio/stdio.c.obj
 .text.stdio_out_chars_crlf
                0x000000001000eb48       0x94 CMakeFiles/escw.dir/tree/downloaded_tools/pico/new_sdk/pico-sdk/src/rp2_common/pico_stdio/stdio.c.obj
 .text.stdio_buffered_printer
                0x000000001000ebdc       0x64 CMakeFiles/escw.dir/tree/downloaded_tools/pico/new_sdk/pico-sdk/src/rp2_common/pico_stdio/stdio.c.obj
 .text.stdio_put_string
                0x000000001000ec40      0x104 CMakeFiles/escw.dir/tree/downloaded_tools/pico/new_sdk/pico-sdk/src/rp2_common/pico_stdio/stdio.c.obj
 .text.__wrap_putchar
                0x000000001000ed44       0x98 CMakeFiles/escw.dir/tree/downloaded_tools/pico/new_sdk/pico-sdk/src/rp2_common/pico_stdio/stdio.c.obj
                0x000000001000ed44                __wrap_putchar
 .text.__wrap_puts
                0x000000001000eddc       0x3c CMakeFiles/escw.dir/tree/downloaded_tools/pico/new_sdk/pico-sdk/src/rp2_common/pico_stdio/stdio.c.obj
                0x000000001000eddc                __wrap_puts
 .text._read    0x000000001000ee18       0x94 CMakeFiles/escw.dir/tree/downloaded_tools/pico/new_sdk/pico-sdk/src/rp2_common/pico_stdio/stdio.c.obj
                0x000000001000ee18                _read
 .text._write   0x000000001000eeac       0xb0 CMakeFiles/escw.dir/tree/downloaded_tools/pico/new_sdk/pico-sdk/src/rp2_common/pico_stdio/stdio.c.obj
                0x000000001000eeac                _write
 .text._close   0x000000001000ef5c        0x8 CMakeFiles/escw.dir/tree/downloaded_tools/pico/new_sdk/pico-sdk/src/rp2_common/pico_stdio/stdio.c.obj
                0x000000001000ef5c                _close
 .text._lseek   0x000000001000ef64        0x8 CMakeFiles/escw.dir/tree/downloaded_tools/pico/new_sdk/pico-sdk/src/rp2_common/pico_stdio/stdio.c.obj
                0x000000001000ef64                _lseek
 .text.stdio_set_driver_enabled
                0x000000001000ef6c       0x30 CMakeFiles/escw.dir/tree/downloaded_tools/pico/new_sdk/pico-sdk/src/rp2_common/pico_stdio/stdio.c.obj
                0x000000001000ef6c                stdio_set_driver_enabled
 .text.stdio_flush
                0x000000001000ef9c       0x28 CMakeFiles/escw.dir/tree/downloaded_tools/pico/new_sdk/pico-sdk/src/rp2_common/pico_stdio/stdio.c.obj
                0x000000001000ef9c                stdio_flush
 .text.__wrap_vprintf
                0x000000001000efc4       0xd8 CMakeFiles/escw.dir/tree/downloaded_tools/pico/new_sdk/pico-sdk/src/rp2_common/pico_stdio/stdio.c.obj
                0x000000001000efc4                __wrap_vprintf
 .text.__wrap_printf
                0x000000001000f09c       0x18 CMakeFiles/escw.dir/tree/downloaded_tools/pico/new_sdk/pico-sdk/src/rp2_common/pico_stdio/stdio.c.obj
                0x000000001000f09c                __wrap_printf
 .text.stdio_init_all
                0x000000001000f0b4       0x10 CMakeFiles/escw.dir/tree/downloaded_tools/pico/new_sdk/pico-sdk/src/rp2_common/pico_stdio/stdio.c.obj
                0x000000001000f0b4                stdio_init_all
 .text.getchar_timeout_us
                0x000000001000f0c4       0x9c CMakeFiles/escw.dir/tree/downloaded_tools/pico/new_sdk/pico-sdk/src/rp2_common/pico_stdio/stdio.c.obj
                0x000000001000f0c4                getchar_timeout_us
 .text.stdio_set_chars_available_callback
                0x000000001000f160       0x30 CMakeFiles/escw.dir/tree/downloaded_tools/pico/new_sdk/pico-sdk/src/rp2_common/pico_stdio/stdio.c.obj
                0x000000001000f160                stdio_set_chars_available_callback
 .text.stdio_uart_out_chars
                0x000000001000f190       0x4c CMakeFiles/escw.dir/tree/downloaded_tools/pico/new_sdk/pico-sdk/src/rp2_common/pico_stdio_uart/stdio_uart.c.obj
 .text.stdio_uart_in_chars
                0x000000001000f1dc       0x84 CMakeFiles/escw.dir/tree/downloaded_tools/pico/new_sdk/pico-sdk/src/rp2_common/pico_stdio_uart/stdio_uart.c.obj
                0x000000001000f1dc                stdio_uart_in_chars
 .text.on_uart_rx
                0x000000001000f260       0x28 CMakeFiles/escw.dir/tree/downloaded_tools/pico/new_sdk/pico-sdk/src/rp2_common/pico_stdio_uart/stdio_uart.c.obj
 .text.stdio_uart_set_chars_available_callback
                0x000000001000f288       0x8c CMakeFiles/escw.dir/tree/downloaded_tools/pico/new_sdk/pico-sdk/src/rp2_common/pico_stdio_uart/stdio_uart.c.obj
 .text.stdio_uart_init
                0x000000001000f314       0x48 CMakeFiles/escw.dir/tree/downloaded_tools/pico/new_sdk/pico-sdk/src/rp2_common/pico_stdio_uart/stdio_uart.c.obj
                0x000000001000f314                stdio_uart_init
 .text.resetd_init
                0x000000001000f35c        0x4 CMakeFiles/escw.dir/tree/downloaded_tools/pico/new_sdk/pico-sdk/src/rp2_common/pico_stdio_usb/reset_interface.c.obj
 .text.resetd_reset
                0x000000001000f360        0xc CMakeFiles/escw.dir/tree/downloaded_tools/pico/new_sdk/pico-sdk/src/rp2_common/pico_stdio_usb/reset_interface.c.obj
 .text.resetd_open
                0x000000001000f36c       0x28 CMakeFiles/escw.dir/tree/downloaded_tools/pico/new_sdk/pico-sdk/src/rp2_common/pico_stdio_usb/reset_interface.c.obj
 .text.resetd_xfer_cb
                0x000000001000f394        0x4 CMakeFiles/escw.dir/tree/downloaded_tools/pico/new_sdk/pico-sdk/src/rp2_common/pico_stdio_usb/reset_interface.c.obj
 .text.resetd_control_xfer_cb
                0x000000001000f398       0x64 CMakeFiles/escw.dir/tree/downloaded_tools/pico/new_sdk/pico-sdk/src/rp2_common/pico_stdio_usb/reset_interface.c.obj
 .text.usbd_app_driver_get_cb
                0x000000001000f3fc        0xc CMakeFiles/escw.dir/tree/downloaded_tools/pico/new_sdk/pico-sdk/src/rp2_common/pico_stdio_usb/reset_interface.c.obj
                0x000000001000f3fc                usbd_app_driver_get_cb
 .text.tud_cdc_line_coding_cb
                0x000000001000f408       0x34 CMakeFiles/escw.dir/tree/downloaded_tools/pico/new_sdk/pico-sdk/src/rp2_common/pico_stdio_usb/reset_interface.c.obj
                0x000000001000f408                tud_cdc_line_coding_cb
 .text.stdio_usb_set_chars_available_callback
                0x000000001000f43c       0x14 CMakeFiles/escw.dir/tree/downloaded_tools/pico/new_sdk/pico-sdk/src/rp2_common/pico_stdio_usb/stdio_usb.c.obj
                0x000000001000f43c                stdio_usb_set_chars_available_callback
 .text.usb_irq  0x000000001000f450       0x10 CMakeFiles/escw.dir/tree/downloaded_tools/pico/new_sdk/pico-sdk/src/rp2_common/pico_stdio_usb/stdio_usb.c.obj
 .text.timer_task
                0x000000001000f460       0x54 CMakeFiles/escw.dir/tree/downloaded_tools/pico/new_sdk/pico-sdk/src/rp2_common/pico_stdio_usb/stdio_usb.c.obj
 .text.stdio_usb_in_chars
                0x000000001000f4b4       0x90 CMakeFiles/escw.dir/tree/downloaded_tools/pico/new_sdk/pico-sdk/src/rp2_common/pico_stdio_usb/stdio_usb.c.obj
                0x000000001000f4b4                stdio_usb_in_chars
 .text.stdio_usb_out_chars
                0x000000001000f544      0x100 CMakeFiles/escw.dir/tree/downloaded_tools/pico/new_sdk/pico-sdk/src/rp2_common/pico_stdio_usb/stdio_usb.c.obj
 .text.low_priority_worker_irq
                0x000000001000f644       0xa8 CMakeFiles/escw.dir/tree/downloaded_tools/pico/new_sdk/pico-sdk/src/rp2_common/pico_stdio_usb/stdio_usb.c.obj
 .text.tud_cdc_rx_cb
                0x000000001000f6ec       0x20 CMakeFiles/escw.dir/tree/downloaded_tools/pico/new_sdk/pico-sdk/src/rp2_common/pico_stdio_usb/stdio_usb.c.obj
                0x000000001000f6ec                tud_cdc_rx_cb
 .text.stdio_usb_init
                0x000000001000f70c       0xdc CMakeFiles/escw.dir/tree/downloaded_tools/pico/new_sdk/pico-sdk/src/rp2_common/pico_stdio_usb/stdio_usb.c.obj
                0x000000001000f70c                stdio_usb_init
 .text.tud_descriptor_device_cb
                0x000000001000f7e8        0x8 CMakeFiles/escw.dir/tree/downloaded_tools/pico/new_sdk/pico-sdk/src/rp2_common/pico_stdio_usb/stdio_usb_descriptors.c.obj
                0x000000001000f7e8                tud_descriptor_device_cb
 .text.tud_descriptor_configuration_cb
                0x000000001000f7f0        0x8 CMakeFiles/escw.dir/tree/downloaded_tools/pico/new_sdk/pico-sdk/src/rp2_common/pico_stdio_usb/stdio_usb_descriptors.c.obj
                0x000000001000f7f0                tud_descriptor_configuration_cb
 .text.tud_descriptor_string_cb
                0x000000001000f7f8       0x70 CMakeFiles/escw.dir/tree/downloaded_tools/pico/new_sdk/pico-sdk/src/rp2_common/pico_stdio_usb/stdio_usb_descriptors.c.obj
                0x000000001000f7f8                tud_descriptor_string_cb
 .text.startup._retrieve_unique_id_on_boot
                0x000000001000f868       0x10 CMakeFiles/escw.dir/tree/downloaded_tools/pico/new_sdk/pico-sdk/src/rp2_common/pico_unique_id/unique_id.c.obj
 .text.pico_get_unique_board_id
                0x000000001000f878       0x10 CMakeFiles/escw.dir/tree/downloaded_tools/pico/new_sdk/pico-sdk/src/rp2_common/pico_unique_id/unique_id.c.obj
                0x000000001000f878                pico_get_unique_board_id
 .text.pico_get_unique_board_id_string
                0x000000001000f888      0x1bc CMakeFiles/escw.dir/tree/downloaded_tools/pico/new_sdk/pico-sdk/src/rp2_common/pico_unique_id/unique_id.c.obj
                0x000000001000f888                pico_get_unique_board_id_string
 .text.flash_get_unique_id
                0x000000001000fa44       0x40 CMakeFiles/escw.dir/tree/downloaded_tools/pico/new_sdk/pico-sdk/src/rp2_common/hardware_flash/flash.c.obj
                0x000000001000fa44                flash_get_unique_id
 .text.dcd_int_enable
                0x000000001000fa84        0xc CMakeFiles/escw.dir/tree/downloaded_tools/pico/new_sdk/pico-sdk/lib/tinyusb/src/portable/raspberrypi/rp2040/dcd_rp2040.c.obj
                0x000000001000fa84                dcd_int_enable
 .text.dcd_set_address
                0x000000001000fa90       0x14 CMakeFiles/escw.dir/tree/downloaded_tools/pico/new_sdk/pico-sdk/lib/tinyusb/src/portable/raspberrypi/rp2040/dcd_rp2040.c.obj
                0x000000001000fa90                dcd_set_address
 .text.dcd_connect
                0x000000001000faa4       0x10 CMakeFiles/escw.dir/tree/downloaded_tools/pico/new_sdk/pico-sdk/lib/tinyusb/src/portable/raspberrypi/rp2040/dcd_rp2040.c.obj
                0x000000001000faa4                dcd_connect
 .text.dcd_init
                0x000000001000fab4       0x9c CMakeFiles/escw.dir/tree/downloaded_tools/pico/new_sdk/pico-sdk/lib/tinyusb/src/portable/raspberrypi/rp2040/dcd_rp2040.c.obj
                0x000000001000fab4                dcd_init
 .text.dcd_edpt0_status_complete
                0x000000001000fb50       0x1c CMakeFiles/escw.dir/tree/downloaded_tools/pico/new_sdk/pico-sdk/lib/tinyusb/src/portable/raspberrypi/rp2040/dcd_rp2040.c.obj
                0x000000001000fb50                dcd_edpt0_status_complete
 .text.dcd_edpt_open
                0x000000001000fb6c      0x108 CMakeFiles/escw.dir/tree/downloaded_tools/pico/new_sdk/pico-sdk/lib/tinyusb/src/portable/raspberrypi/rp2040/dcd_rp2040.c.obj
                0x000000001000fb6c                dcd_edpt_open
 .text.dcd_edpt_close_all
                0x000000001000fc74        0x8 CMakeFiles/escw.dir/tree/downloaded_tools/pico/new_sdk/pico-sdk/lib/tinyusb/src/portable/raspberrypi/rp2040/dcd_rp2040.c.obj
                0x000000001000fc74                dcd_edpt_close_all
 .text.dcd_edpt_xfer
                0x000000001000fc7c       0x24 CMakeFiles/escw.dir/tree/downloaded_tools/pico/new_sdk/pico-sdk/lib/tinyusb/src/portable/raspberrypi/rp2040/dcd_rp2040.c.obj
                0x000000001000fc7c                dcd_edpt_xfer
 .text.dcd_edpt_stall
                0x000000001000fca0       0x38 CMakeFiles/escw.dir/tree/downloaded_tools/pico/new_sdk/pico-sdk/lib/tinyusb/src/portable/raspberrypi/rp2040/dcd_rp2040.c.obj
                0x000000001000fca0                dcd_edpt_stall
 .text.dcd_edpt_clear_stall
                0x000000001000fcd8       0x30 CMakeFiles/escw.dir/tree/downloaded_tools/pico/new_sdk/pico-sdk/lib/tinyusb/src/portable/raspberrypi/rp2040/dcd_rp2040.c.obj
                0x000000001000fcd8                dcd_edpt_clear_stall
 .text.rp2040_usb_init
                0x000000001000fd08       0x4c CMakeFiles/escw.dir/tree/downloaded_tools/pico/new_sdk/pico-sdk/lib/tinyusb/src/portable/raspberrypi/rp2040/rp2040_usb.c.obj
                0x000000001000fd08                rp2040_usb_init
 .text.hw_endpoint_xfer_start
                0x000000001000fd54       0x54 CMakeFiles/escw.dir/tree/downloaded_tools/pico/new_sdk/pico-sdk/lib/tinyusb/src/portable/raspberrypi/rp2040/rp2040_usb.c.obj
                0x000000001000fd54                hw_endpoint_xfer_start
 .text.tud_mounted
                0x000000001000fda8       0x10 CMakeFiles/escw.dir/tree/downloaded_tools/pico/new_sdk/pico-sdk/lib/tinyusb/src/device/usbd.c.obj
                0x000000001000fda8                tud_mounted
 .text.tud_suspended
                0x000000001000fdb8       0x10 CMakeFiles/escw.dir/tree/downloaded_tools/pico/new_sdk/pico-sdk/lib/tinyusb/src/device/usbd.c.obj
                0x000000001000fdb8                tud_suspended
 .text.tud_inited
                0x000000001000fdc8       0x14 CMakeFiles/escw.dir/tree/downloaded_tools/pico/new_sdk/pico-sdk/lib/tinyusb/src/device/usbd.c.obj
                0x000000001000fdc8                tud_inited
 .text.tud_init
                0x000000001000fddc       0xe4 CMakeFiles/escw.dir/tree/downloaded_tools/pico/new_sdk/pico-sdk/lib/tinyusb/src/device/usbd.c.obj
                0x000000001000fddc                tud_init
 .text.tud_task_ext
                0x000000001000fec0      0x858 CMakeFiles/escw.dir/tree/downloaded_tools/pico/new_sdk/pico-sdk/lib/tinyusb/src/device/usbd.c.obj
                0x000000001000fec0                tud_task_ext
 .text.usbd_open_edpt_pair
                0x0000000010010718       0x9c CMakeFiles/escw.dir/tree/downloaded_tools/pico/new_sdk/pico-sdk/lib/tinyusb/src/device/usbd.c.obj
                0x0000000010010718                usbd_open_edpt_pair
 .text.usbd_defer_func
                0x00000000100107b4       0x4c CMakeFiles/escw.dir/tree/downloaded_tools/pico/new_sdk/pico-sdk/lib/tinyusb/src/device/usbd.c.obj
                0x00000000100107b4                usbd_defer_func
 .text.usbd_edpt_open
                0x0000000010010800       0x34 CMakeFiles/escw.dir/tree/downloaded_tools/pico/new_sdk/pico-sdk/lib/tinyusb/src/device/usbd.c.obj
                0x0000000010010800                usbd_edpt_open
 .text.usbd_edpt_claim
                0x0000000010010834       0x28 CMakeFiles/escw.dir/tree/downloaded_tools/pico/new_sdk/pico-sdk/lib/tinyusb/src/device/usbd.c.obj
                0x0000000010010834                usbd_edpt_claim
 .text.usbd_edpt_release
                0x000000001001085c       0x28 CMakeFiles/escw.dir/tree/downloaded_tools/pico/new_sdk/pico-sdk/lib/tinyusb/src/device/usbd.c.obj
                0x000000001001085c                usbd_edpt_release
 .text.usbd_edpt_xfer
                0x0000000010010884       0x4c CMakeFiles/escw.dir/tree/downloaded_tools/pico/new_sdk/pico-sdk/lib/tinyusb/src/device/usbd.c.obj
                0x0000000010010884                usbd_edpt_xfer
 .text.tud_control_status
                0x00000000100108d0       0x30 CMakeFiles/escw.dir/tree/downloaded_tools/pico/new_sdk/pico-sdk/lib/tinyusb/src/device/usbd_control.c.obj
                0x00000000100108d0                tud_control_status
 .text.tud_control_xfer
                0x0000000010010900       0xb8 CMakeFiles/escw.dir/tree/downloaded_tools/pico/new_sdk/pico-sdk/lib/tinyusb/src/device/usbd_control.c.obj
                0x0000000010010900                tud_control_xfer
 .text.usbd_control_reset
                0x00000000100109b8       0x14 CMakeFiles/escw.dir/tree/downloaded_tools/pico/new_sdk/pico-sdk/lib/tinyusb/src/device/usbd_control.c.obj
                0x00000000100109b8                usbd_control_reset
 .text.usbd_control_set_complete_callback
                0x00000000100109cc        0xc CMakeFiles/escw.dir/tree/downloaded_tools/pico/new_sdk/pico-sdk/lib/tinyusb/src/device/usbd_control.c.obj
                0x00000000100109cc                usbd_control_set_complete_callback
 .text.usbd_control_set_request
                0x00000000100109d8       0x1c CMakeFiles/escw.dir/tree/downloaded_tools/pico/new_sdk/pico-sdk/lib/tinyusb/src/device/usbd_control.c.obj
                0x00000000100109d8                usbd_control_set_request
 .text.usbd_control_xfer_cb
                0x00000000100109f4       0xf8 CMakeFiles/escw.dir/tree/downloaded_tools/pico/new_sdk/pico-sdk/lib/tinyusb/src/device/usbd_control.c.obj
                0x00000000100109f4                usbd_control_xfer_cb
 .text.tud_cdc_n_connected
                0x0000000010010aec       0x30 CMakeFiles/escw.dir/tree/downloaded_tools/pico/new_sdk/pico-sdk/lib/tinyusb/src/class/cdc/cdc_device.c.obj
                0x0000000010010aec                tud_cdc_n_connected
 .text.tud_cdc_n_available
                0x0000000010010b1c       0x18 CMakeFiles/escw.dir/tree/downloaded_tools/pico/new_sdk/pico-sdk/lib/tinyusb/src/class/cdc/cdc_device.c.obj
                0x0000000010010b1c                tud_cdc_n_available
 .text.tud_cdc_n_read
                0x0000000010010b34       0x70 CMakeFiles/escw.dir/tree/downloaded_tools/pico/new_sdk/pico-sdk/lib/tinyusb/src/class/cdc/cdc_device.c.obj
                0x0000000010010b34                tud_cdc_n_read
 .text.tud_cdc_n_write_flush
                0x0000000010010ba4       0x78 CMakeFiles/escw.dir/tree/downloaded_tools/pico/new_sdk/pico-sdk/lib/tinyusb/src/class/cdc/cdc_device.c.obj
                0x0000000010010ba4                tud_cdc_n_write_flush
 .text.tud_cdc_n_write
                0x0000000010010c1c       0x34 CMakeFiles/escw.dir/tree/downloaded_tools/pico/new_sdk/pico-sdk/lib/tinyusb/src/class/cdc/cdc_device.c.obj
                0x0000000010010c1c                tud_cdc_n_write
 .text.tud_cdc_n_write_available
                0x0000000010010c50       0x18 CMakeFiles/escw.dir/tree/downloaded_tools/pico/new_sdk/pico-sdk/lib/tinyusb/src/class/cdc/cdc_device.c.obj
                0x0000000010010c50                tud_cdc_n_write_available
 .text.cdcd_init
                0x0000000010010c68       0x7c CMakeFiles/escw.dir/tree/downloaded_tools/pico/new_sdk/pico-sdk/lib/tinyusb/src/class/cdc/cdc_device.c.obj
                0x0000000010010c68                cdcd_init
 .text.cdcd_reset
                0x0000000010010ce4       0x2c CMakeFiles/escw.dir/tree/downloaded_tools/pico/new_sdk/pico-sdk/lib/tinyusb/src/class/cdc/cdc_device.c.obj
                0x0000000010010ce4                cdcd_reset
 .text.cdcd_open
                0x0000000010010d10       0xe8 CMakeFiles/escw.dir/tree/downloaded_tools/pico/new_sdk/pico-sdk/lib/tinyusb/src/class/cdc/cdc_device.c.obj
                0x0000000010010d10                cdcd_open
 .text.cdcd_control_xfer_cb
                0x0000000010010df8       0xe4 CMakeFiles/escw.dir/tree/downloaded_tools/pico/new_sdk/pico-sdk/lib/tinyusb/src/class/cdc/cdc_device.c.obj
                0x0000000010010df8                cdcd_control_xfer_cb
 .text.cdcd_xfer_cb
                0x0000000010010edc      0x198 CMakeFiles/escw.dir/tree/downloaded_tools/pico/new_sdk/pico-sdk/lib/tinyusb/src/class/cdc/cdc_device.c.obj
                0x0000000010010edc                cdcd_xfer_cb
 .text.tusb_init
                0x0000000010011074        0xc CMakeFiles/escw.dir/tree/downloaded_tools/pico/new_sdk/pico-sdk/lib/tinyusb/src/tusb.c.obj
                0x0000000010011074                tusb_init
 .text.tusb_inited
                0x0000000010011080        0x8 CMakeFiles/escw.dir/tree/downloaded_tools/pico/new_sdk/pico-sdk/lib/tinyusb/src/tusb.c.obj
                0x0000000010011080                tusb_inited
 .text.tu_edpt_claim
                0x0000000010011088       0x50 CMakeFiles/escw.dir/tree/downloaded_tools/pico/new_sdk/pico-sdk/lib/tinyusb/src/tusb.c.obj
                0x0000000010011088                tu_edpt_claim
 .text.tu_edpt_release
                0x00000000100110d8       0x38 CMakeFiles/escw.dir/tree/downloaded_tools/pico/new_sdk/pico-sdk/lib/tinyusb/src/tusb.c.obj